Component: ARM Compiler 5.05 update 1 (build 106) Tool: armlink [4d0efa]

==============================================================================

Section Cross References

    main.o(.text) refers to can.o(.text) for Can_Send_Msg
    main.o(.text) refers to noretval__2printf.o(.text) for __2printf
    main.o(.text) refers to delay.o(.text) for delay_init
    main.o(.text) refers to sys.o(.text) for NVIC_Configuration
    main.o(.text) refers to usart.o(.text) for uart_init
    main.o(.text) refers to led.o(.text) for LED_Init
    main.o(.text) refers to pwm.o(.text) for TIM_PWM_Init
    main.o(.text) refers to encooder.o(.text) for Encoder_Init
    main.o(.text) refers to spi.o(.text) for SPI1_Init
    main.o(.text) refers to 24l01.o(.text) for NRF24L01_Init
    main.o(.text) refers to steer.o(.text) for steer_reset
    main.o(.text) refers to dflt_clz.o(x$fpl$dfltu) for __aeabi_ui2d
    main.o(.text) refers to pid.o(.text) for TaskMotorSpeedAdj
    main.o(.text) refers to main.o(.data) for rnf_data
    main.o(.text) refers to main.o(.bss) for speed_target
    stm32f10x_it.o(.text) refers to stm32f10x_tim.o(.text) for TIM_GetITStatus
    stm32f10x_it.o(.text) refers to dflt_clz.o(x$fpl$dflt) for __aeabi_i2d
    stm32f10x_it.o(.text) refers to ddiv.o(x$fpl$ddiv) for __aeabi_ddiv
    stm32f10x_it.o(.text) refers to dmul.o(x$fpl$dmul) for __aeabi_dmul
    stm32f10x_it.o(.text) refers to stm32f10x_it.o(.bss) for update_count
    stm32f10x_it.o(.text) refers to main.o(.data) for Speed_Flag
    system_stm32f10x.o(.text) refers to system_stm32f10x.o(.data) for SystemCoreClock
    startup_stm32f10x_hd.o(STACK) refers (Special) to heapauxi.o(.text) for __use_two_region_memory
    startup_stm32f10x_hd.o(HEAP) refers (Special) to heapauxi.o(.text) for __use_two_region_memory
    startup_stm32f10x_hd.o(RESET) refers (Special) to heapauxi.o(.text) for __use_two_region_memory
    startup_stm32f10x_hd.o(RESET) refers to startup_stm32f10x_hd.o(STACK) for __initial_sp
    startup_stm32f10x_hd.o(RESET) refers to startup_stm32f10x_hd.o(.text) for Reset_Handler
    startup_stm32f10x_hd.o(RESET) refers to stm32f10x_it.o(.text) for NMI_Handler
    startup_stm32f10x_hd.o(RESET) refers to can.o(.text) for USB_LP_CAN1_RX0_IRQHandler
    startup_stm32f10x_hd.o(RESET) refers to usart.o(.text) for USART2_IRQHandler
    startup_stm32f10x_hd.o(.text) refers (Special) to heapauxi.o(.text) for __use_two_region_memory
    startup_stm32f10x_hd.o(.text) refers to system_stm32f10x.o(.text) for SystemInit
    startup_stm32f10x_hd.o(.text) refers to __main.o(!!!main) for __main
    startup_stm32f10x_hd.o(.text) refers to startup_stm32f10x_hd.o(HEAP) for Heap_Mem
    startup_stm32f10x_hd.o(.text) refers to startup_stm32f10x_hd.o(STACK) for Stack_Mem
    stm32f10x_adc.o(.text) refers to stm32f10x_rcc.o(.text) for RCC_APB2PeriphResetCmd
    stm32f10x_bkp.o(.text) refers to stm32f10x_rcc.o(.text) for RCC_BackupResetCmd
    stm32f10x_can.o(.text) refers to stm32f10x_rcc.o(.text) for RCC_APB1PeriphResetCmd
    stm32f10x_cec.o(.text) refers to stm32f10x_rcc.o(.text) for RCC_APB1PeriphResetCmd
    stm32f10x_dac.o(.text) refers to stm32f10x_rcc.o(.text) for RCC_APB1PeriphResetCmd
    stm32f10x_gpio.o(.text) refers to stm32f10x_rcc.o(.text) for RCC_APB2PeriphResetCmd
    stm32f10x_i2c.o(.text) refers to stm32f10x_rcc.o(.text) for RCC_APB1PeriphResetCmd
    stm32f10x_pwr.o(.text) refers to stm32f10x_rcc.o(.text) for RCC_APB1PeriphResetCmd
    stm32f10x_rcc.o(.text) refers to stm32f10x_rcc.o(.data) for APBAHBPrescTable
    stm32f10x_spi.o(.text) refers to stm32f10x_rcc.o(.text) for RCC_APB2PeriphResetCmd
    stm32f10x_tim.o(.text) refers to stm32f10x_rcc.o(.text) for RCC_APB2PeriphResetCmd
    stm32f10x_usart.o(.text) refers to stm32f10x_rcc.o(.text) for RCC_APB2PeriphResetCmd
    stm32f10x_wwdg.o(.text) refers to stm32f10x_rcc.o(.text) for RCC_APB1PeriphResetCmd
    can.o(.text) refers to stm32f10x_rcc.o(.text) for RCC_APB2PeriphClockCmd
    can.o(.text) refers to stm32f10x_gpio.o(.text) for GPIO_PinRemapConfig
    can.o(.text) refers to misc.o(.text) for NVIC_Init
    can.o(.text) refers to stm32f10x_can.o(.text) for CAN_DeInit
    can.o(.text) refers to fmul.o(x$fpl$fmul) for __aeabi_fmul
    can.o(.text) refers to f2d.o(x$fpl$f2d) for __aeabi_f2d
    can.o(.text) refers to can.o(.bss) for RxMessage
    can.o(.text) refers to main.o(.bss) for speed_target
    can.o(.text) refers to stm32f10x_it.o(.data) for timeflag
    delay.o(.text) refers to misc.o(.text) for SysTick_CLKSourceConfig
    delay.o(.text) refers to system_stm32f10x.o(.data) for SystemCoreClock
    delay.o(.text) refers to delay.o(.data) for fac_us
    sys.o(.text) refers to misc.o(.text) for NVIC_PriorityGroupConfig
    usart.o(.text) refers (Special) to use_no_semi_2.o(.text) for __use_no_semihosting
    usart.o(.text) refers to stm32f10x_usart.o(.text) for USART_GetFlagStatus
    usart.o(.text) refers to stm32f10x_rcc.o(.text) for RCC_APB2PeriphClockCmd
[...]
    ../clib/angel/scatter.s                  0x00000000   Number         0  __scatter.o ABSOLUTE
    ../clib/angel/startup.s                  0x00000000   Number         0  __main.o ABSOLUTE
    ../clib/angel/sys.s                      0x00000000   Number         0  use_no_semi_2.o ABSOLUTE
    ../clib/angel/sys.s                      0x00000000   Number         0  use_no_semi.o ABSOLUTE
    ../clib/angel/sys.s                      0x00000000   Number         0  indicate_semi.o ABSOLUTE
    ../clib/angel/sys.s                      0x00000000   Number         0  libspace.o ABSOLUTE
    ../clib/angel/sys.s                      0x00000000   Number         0  sys_stackheap_outer.o ABSOLUTE
    ../clib/angel/sysapp.c                   0x00000000   Number         0  sys_wrch.o ABSOLUTE
    ../clib/angel/sysapp.c                   0x00000000   Number         0  sys_command.o ABSOLUTE
    ../clib/armsys.c                         0x00000000   Number         0  argv_veneer.o ABSOLUTE
    ../clib/armsys.c                         0x00000000   Number         0  no_argv.o ABSOLUTE
    ../clib/armsys.c                         0x00000000   Number         0  _get_argv_nomalloc.o ABSOLUTE
    ../clib/armsys.c                         0x00000000   Number         0  argv_veneer.o ABSOLUTE
    ../clib/heapalloc.c                      0x00000000   Number         0  hrguard.o ABSOLUTE
    ../clib/heapaux.c                        0x00000000   Number         0  heapauxi.o ABSOLUTE
    ../clib/libinit.s                        0x00000000   Number         0  libinit2.o ABSOLUTE
    ../clib/libinit.s                        0x00000000   Number         0  libshutdown.o ABSOLUTE
    ../clib/libinit.s                        0x00000000   Number         0  libinit.o ABSOLUTE
    ../clib/libinit.s                        0x00000000   Number         0  libshutdown2.o ABSOLUTE
    ../clib/printf.c                         0x00000000   Number         0  _printf_char_file.o ABSOLUTE
    ../clib/printf.c                         0x00000000   Number         0  noretval__2printf.o ABSOLUTE
    ../clib/printf.c                         0x00000000   Number         0  __2printf.o ABSOLUTE
    ../clib/printf.c                         0x00000000   Number         0  _printf_char_common.o ABSOLUTE
    ../clib/printf.c                         0x00000000   Number         0  __printf_nopercent.o ABSOLUTE
    ../clib/signal.c                         0x00000000   Number         0  defsig_rtmem_outer.o ABSOLUTE
    ../clib/signal.c                         0x00000000   Number         0  defsig_fpe_inner.o ABSOLUTE
    ../clib/signal.c                         0x00000000   Number         0  defsig_rtred_inner.o ABSOLUTE
    ../clib/signal.c                         0x00000000   Number         0  defsig_segv_inner.o ABSOLUTE
    ../clib/signal.c                         0x00000000   Number         0  defsig_other.o ABSOLUTE
    ../clib/signal.c                         0x00000000   Number         0  defsig_cppl_inner.o ABSOLUTE
    ../clib/signal.c                         0x00000000   Number         0  defsig_pvfn_inner.o ABSOLUTE
    ../clib/signal.c                         0x00000000   Number         0  defsig_stak_inner.o ABSOLUTE
    ../clib/signal.c                         0x00000000   Number         0  defsig_general.o ABSOLUTE
    ../clib/signal.c                         0x00000000   Number         0  defsig_rtmem_inner.o ABSOLUTE
    ../clib/signal.c                         0x00000000   Number         0  __raise.o ABSOLUTE
    ../clib/signal.c                         0x00000000   Number         0  defsig_abrt_inner.o ABSOLUTE
    ../clib/signal.c                         0x00000000   Number         0  defsig_exit.o ABSOLUTE
    ../clib/signal.c                         0x00000000   Number         0  defsig_rtmem_formal.o ABSOLUTE
    ../clib/signal.s                         0x00000000   Number         0  defsig.o ABSOLUTE
    ../clib/stdio.c                          0x00000000   Number         0  ferror_locked.o ABSOLUTE
    ../clib/stdio.c                          0x00000000   Number         0  ferror.o ABSOLUTE
    ../clib/stdlib.c                         0x00000000   Number         0  exit.o ABSOLUTE
    ../fplib/d2f.s                           0x00000000   Number         0  d2f.o ABSOLUTE
    ../fplib/daddsub.s                       0x00000000   Number         0  daddsub_clz.o ABSOLUTE
    ../fplib/dcmpi.s                         0x00000000   Number         0  dcmpi.o ABSOLUTE
    ../fplib/ddiv.s                          0x00000000   Number         0  ddiv.o ABSOLUTE
    ../fplib/deqf.s                          0x00000000   Number         0  deqf.o ABSOLUTE
    ../fplib/dfix.s                          0x00000000   Number         0  dfix.o ABSOLUTE
    ../fplib/dfixu.s                         0x00000000   Number         0  dfixu.o ABSOLUTE
    ../fplib/dflt.s                          0x00000000   Number         0  dflt_clz.o ABSOLUTE
    ../fplib/dleqf.s                         0x00000000   Number         0  dleqf.o ABSOLUTE
    ../fplib/dmul.s                          0x00000000   Number         0  dmul.o ABSOLUTE
    ../fplib/dnaninf.s                       0x00000000   Number         0  dnaninf.o ABSOLUTE
    ../fplib/dretinf.s                       0x00000000   Number         0  dretinf.o ABSOLUTE
    ../fplib/drleqf.s                        0x00000000   Number         0  drleqf.o ABSOLUTE
    ../fplib/f2d.s                           0x00000000   Number         0  f2d.o ABSOLUTE
    ../fplib/fmul.s                          0x00000000   Number         0  fmul.o ABSOLUTE
    ../fplib/fnaninf.s                       0x00000000   Number         0  fnaninf.o ABSOLUTE
    ../fplib/fpinit.s                        0x00000000   Number         0  fpinit.o ABSOLUTE
    ../fplib/fretinf.s                       0x00000000   Number         0  fretinf.o ABSOLUTE
    ../fplib/usenofp.s                       0x00000000   Number         0  usenofp.o ABSOLUTE
    ..\CORE\core_cm3.c                       0x00000000   Number         0  core_cm3.o ABSOLUTE
    ..\CORE\startup_stm32f10x_hd.s           0x00000000   Number         0  startup_stm32f10x_hd.o ABSOLUTE
    ..\HARDWARE\CAN\can.c                    0x00000000   Number         0  can.o ABSOLUTE
    ..\HARDWARE\ENOODER\encooder.c           0x00000000   Number         0  encooder.o ABSOLUTE
    ..\HARDWARE\LED\led.c                    0x00000000   Number         0  led.o ABSOLUTE
    ..\HARDWARE\NRF24L01\24l01.c             0x00000000   Number         0  24l01.o ABSOLUTE
    ..\HARDWARE\PID\PID.c                    0x00000000   Number         0  pid.o ABSOLUTE
    ..\HARDWARE\PWM\PWM.c                    0x00000000   Number         0  pwm.o ABSOLUTE
    ..\HARDWARE\SPI\spi.c                    0x00000000   Number         0  spi.o ABSOLUTE
    ..\HARDWARE\STEER\steer.c                0x00000000   Number         0  steer.o ABSOLUTE
    ..\STM32F10x_FWLib\src\misc.c            0x00000000   Number         0  misc.o ABSOLUTE
    ..\STM32F10x_FWLib\src\stm32f10x_adc.c   0x00000000   Number         0  stm32f10x_adc.o ABSOLUTE
    ..\STM32F10x_FWLib\src\stm32f10x_bkp.c   0x00000000   Number         0  stm32f10x_bkp.o ABSOLUTE
    ..\STM32F10x_FWLib\src\stm32f10x_can.c   0x00000000   Number         0  stm32f10x_can.o ABSOLUTE
    ..\STM32F10x_FWLib\src\stm32f10x_cec.c   0x00000000   Number         0  stm32f10x_cec.o ABSOLUTE
    ..\STM32F10x_FWLib\src\stm32f10x_crc.c   0x00000000   Number         0  stm32f10x_crc.o ABSOLUTE
    ..\STM32F10x_FWLib\src\stm32f10x_dac.c   0x00000000   Number         0  stm32f10x_dac.o ABSOLUTE
    ..\STM32F10x_FWLib\src\stm32f10x_dbgmcu.c 0x00000000   Number         0  stm32f10x_dbgmcu.o ABSOLUTE
    ..\STM32F10x_FWLib\src\stm32f10x_dma.c   0x00000000   Number         0  stm32f10x_dma.o ABSOLUTE
    ..\STM32F10x_FWLib\src\stm32f10x_exti.c  0x00000000   Number         0  stm32f10x_exti.o ABSOLUTE
    ..\STM32F10x_FWLib\src\stm32f10x_flash.c 0x00000000   Number         0  stm32f10x_flash.o ABSOLUTE
    ..\STM32F10x_FWLib\src\stm32f10x_fsmc.c  0x00000000   Number         0  stm32f10x_fsmc.o ABSOLUTE
    ..\STM32F10x_FWLib\src\stm32f10x_gpio.c  0x00000000   Number         0  stm32f10x_gpio.o ABSOLUTE
    ..\STM32F10x_FWLib\src\stm32f10x_i2c.c   0x00000000   Number         0  stm32f10x_i2c.o ABSOLUTE
    ..\STM32F10x_FWLib\src\stm32f10x_iwdg.c  0x00000000   Number         0  stm32f10x_iwdg.o ABSOLUTE
    ..\STM32F10x_FWLib\src\stm32f10x_pwr.c   0x00000000   Number         0  stm32f10x_pwr.o ABSOLUTE
    ..\STM32F10x_FWLib\src\stm32f10x_rcc.c   0x00000000   Number         0  stm32f10x_rcc.o ABSOLUTE
    ..\STM32F10x_FWLib\src\stm32f10x_rtc.c   0x00000000   Number         0  stm32f10x_rtc.o ABSOLUTE
    ..\STM32F10x_FWLib\src\stm32f10x_sdio.c  0x00000000   Number         0  stm32f10x_sdio.o ABSOLUTE
    ..\STM32F10x_FWLib\src\stm32f10x_spi.c   0x00000000   Number         0  stm32f10x_spi.o ABSOLUTE
    ..\STM32F10x_FWLib\src\stm32f10x_tim.c   0x00000000   Number         0  stm32f10x_tim.o ABSOLUTE
    ..\STM32F10x_FWLib\src\stm32f10x_usart.c 0x00000000   Number         0  stm32f10x_usart.o ABSOLUTE
    ..\STM32F10x_FWLib\src\stm32f10x_wwdg.c  0x00000000   Number         0  stm32f10x_wwdg.o ABSOLUTE
    ..\SYSTEM\delay\delay.c                  0x00000000   Number         0  delay.o ABSOLUTE
    ..\SYSTEM\sys\sys.c                      0x00000000   Number         0  sys.o ABSOLUTE
    ..\SYSTEM\usart\usart.c                  0x00000000   Number         0  usart.o ABSOLUTE
    ..\\CORE\\core_cm3.c                     0x00000000   Number         0  core_cm3.o ABSOLUTE
    dc.s                                     0x00000000   Number         0  dc.o ABSOLUTE
    main.c                                   0x00000000   Number         0  main.o ABSOLUTE
    stm32f10x_it.c                           0x00000000   Number         0  stm32f10x_it.o ABSOLUTE
    system_stm32f10x.c                       0x00000000   Number         0  system_stm32f10x.o ABSOLUTE
    RESET                                    0x08000000   Section      304  startup_stm32f10x_hd.o(RESET)
    !!!main                                  0x08000130   Section        8  __main.o(!!!main)
    !!!scatter                               0x08000138   Section       52  __scatter.o(!!!scatter)
    !!dczerorl2                              0x0800016c   Section       90  __dczerorl2.o(!!dczerorl2)
    !!handler_zi                             0x080001c8   Section       28  __scatter_zi.o(!!handler_zi)
    .ARM.Collect$$libinit$$00000000          0x080001e4   Section        2  libinit.o(.ARM.Collect$$libinit$$00000000)
    .ARM.Collect$$libinit$$00000002          0x080001e6   Section        0  libinit2.o(.ARM.Collect$$libinit$$00000002)
    .ARM.Collect$$libinit$$00000004          0x080001e6   Section        0  libinit2.o(.ARM.Collect$$libinit$$00000004)
    .ARM.Collect$$libinit$$0000000A          0x080001e6   Section        0  libinit2.o(.ARM.Collect$$libinit$$0000000A)
    .ARM.Collect$$libinit$$0000000C          0x080001e6   Section        0  libinit2.o(.ARM.Collect$$libinit$$0000000C)
    .ARM.Collect$$libinit$$0000000E          0x080001e6   Section        0  libinit2.o(.ARM.Collect$$libinit$$0000000E)
    .ARM.Collect$$libinit$$00000011          0x080001e6   Section        0  libinit2.o(.ARM.Collect$$libinit$$00000011)
    .ARM.Collect$$libinit$$00000013          0x080001e6   Section        0  libinit2.o(.ARM.Collect$$libinit$$00000013)
    .ARM.Collect$$libinit$$00000015          0x080001e6   Section        0  libinit2.o(.ARM.Collect$$libinit$$00000015)
    .ARM.Collect$$libinit$$00000017          0x080001e6   Section        0  libinit2.o(.ARM.Collect$$libinit$$00000017)
    .ARM.Collect$$libinit$$00000019          0x080001e6   Section        0  libinit2.o(.ARM.Collect$$libinit$$00000019)
    .ARM.Collect$$libinit$$0000001B          0x080001e6   Section        0  libinit2.o(.ARM.Collect$$libinit$$0000001B)
    .ARM.Collect$$libinit$$0000001D          0x080001e6   Section        0  libinit2.o(.ARM.Collect$$libinit$$0000001D)
    .ARM.Collect$$libinit$$0000001F          0x080001e6   Section        0  libinit2.o(.ARM.Collect$$libinit$$0000001F)
    .ARM.Collect$$libinit$$00000021          0x080001e6   Section        0  libinit2.o(.ARM.Collect$$libinit$$00000021)
    .ARM.Collect$$libinit$$00000023          0x080001e6   Section        0  libinit2.o(.ARM.Collect$$libinit$$00000023)
    .ARM.Collect$$libinit$$00000025          0x080001e6   Section        0  libinit2.o(.ARM.Collect$$libinit$$00000025)
    .ARM.Collect$$libinit$$0000002C          0x080001e6   Section        0  libinit2.o(.ARM.Collect$$libinit$$0000002C)
    .ARM.Collect$$libinit$$0000002E          0x080001e6   Section        0  libinit2.o(.ARM.Collect$$libinit$$0000002E)
    .ARM.Collect$$libinit$$00000030          0x080001e6   Section        0  libinit2.o(.ARM.Collect$$libinit$$00000030)
    .ARM.Collect$$libinit$$00000032          0x080001e6   Section        0  libinit2.o(.ARM.Collect$$libinit$$00000032)
    .ARM.Collect$$libinit$$00000033          0x080001e6   Section        2  libinit2.o(.ARM.Collect$$libinit$$00000033)
    .ARM.Collect$$libshutdown$$00000000      0x080001e8   Section        2  libshutdown.o(.ARM.Collect$$libshutdown$$00000000)
    .ARM.Collect$$libshutdown$$00000003      0x080001ea   Section        0  libshutdown2.o(.ARM.Collect$$libshutdown$$00000003)
    .ARM.Collect$$libshutdown$$00000006      0x080001ea   Section        0  libshutdown2.o(.ARM.Collect$$libshutdown$$00000006)
    .ARM.Collect$$libshutdown$$00000009      0x080001ea   Section        0  libshutdown2.o(.ARM.Collect$$libshutdown$$00000009)
    .ARM.Collect$$libshutdown$$0000000B      0x080001ea   Section        0  libshutdown2.o(.ARM.Collect$$libshutdown$$0000000B)
    .ARM.Collect$$libshutdown$$0000000E      0x080001ea   Section        0  libshutdown2.o(.ARM.Collect$$libshutdown$$0000000E)
    .ARM.Collect$$libshutdown$$0000000F      0x080001ea   Section        2  libshutdown2.o(.ARM.Collect$$libshutdown$$0000000F)
    .ARM.Collect$$rtentry$$00000000          0x080001ec   Section        0  __rtentry.o(.ARM.Collect$$rtentry$$00000000)
    .ARM.Collect$$rtentry$$00000002          0x080001ec   Section        0  __rtentry2.o(.ARM.Collect$$rtentry$$00000002)
    .ARM.Collect$$rtentry$$00000004          0x080001ec   Section        6  __rtentry4.o(.ARM.Collect$$rtentry$$00000004)
    .ARM.Collect$$rtentry$$00000009          0x080001f2   Section        0  __rtentry2.o(.ARM.Collect$$rtentry$$00000009)
    .ARM.Collect$$rtentry$$0000000A          0x080001f2   Section        4  __rtentry2.o(.ARM.Collect$$rtentry$$0000000A)
    .ARM.Collect$$rtentry$$0000000C          0x080001f6   Section        0  __rtentry2.o(.ARM.Collect$$rtentry$$0000000C)
    .ARM.Collect$$rtentry$$0000000D          0x080001f6   Section        8  __rtentry2.o(.ARM.Collect$$rtentry$$0000000D)
    .ARM.Collect$$rtexit$$00000000           0x080001fe   Section        2  rtexit.o(.ARM.Collect$$rtexit$$00000000)
    .ARM.Collect$$rtexit$$00000002           0x08000200   Section        0  rtexit2.o(.ARM.Collect$$rtexit$$00000002)
    .ARM.Collect$$rtexit$$00000003           0x08000200   Section        4  rtexit2.o(.ARM.Collect$$rtexit$$00000003)
    .ARM.Collect$$rtexit$$00000004           0x08000204   Section        6  rtexit2.o(.ARM.Collect$$rtexit$$00000004)
    .text                                    0x0800020c   Section        0  main.o(.text)
    .text                                    0x08000314   Section        0  stm32f10x_it.o(.text)
    .text                                    0x08000480   Section        0  system_stm32f10x.o(.text)
    SetSysClockTo72                          0x08000481   Thumb Code   214  system_stm32f10x.o(.text)
    SetSysClock                              0x08000557   Thumb Code     8  system_stm32f10x.o(.text)
    .text                                    0x08000660   Section       64  startup_stm32f10x_hd.o(.text)
    .text                                    0x080006a0   Section        0  misc.o(.text)
    .text                                    0x0800077c   Section        0  stm32f10x_can.o(.text)
    CheckITStatus                            0x08000f7f   Thumb Code    18  stm32f10x_can.o(.text)
    .text                                    0x0800116c   Section        0  stm32f10x_gpio.o(.text)
    .text                                    0x080014c8   Section        0  stm32f10x_rcc.o(.text)
    .text                                    0x0800186c   Section        0  stm32f10x_spi.o(.text)
    .text                                    0x08001b78   Section        0  stm32f10x_tim.o(.text)
    TI4_Config                               0x0800201f   Thumb Code   130  stm32f10x_tim.o(.text)
    TI3_Config                               0x080020b3   Thumb Code   122  stm32f10x_tim.o(.text)
    TI2_Config                               0x08002147   Thumb Code   130  stm32f10x_tim.o(.text)
    TI1_Config                               0x080021db   Thumb Code   108  stm32f10x_tim.o(.text)
    .text                                    0x08002994   Section        0  stm32f10x_usart.o(.text)
    .text                                    0x08002d9c   Section        0  can.o(.text)
    .text                                    0x08002fcc   Section        0  delay.o(.text)
    .text                                    0x080030a0   Section        0  sys.o(.text)
    .text                                    0x080030ac   Section        0  usart.o(.text)
    .text                                    0x080031fc   Section        0  led.o(.text)
    .text                                    0x08003230   Section        0  pwm.o(.text)
    TIM_GPIO_Config                          0x08003231   Thumb Code    54  pwm.o(.text)
    .text                                    0x08003358   Section        0  encooder.o(.text)
    .text                                    0x0800359c   Section        0  pid.o(.text)
    .text                                    0x08003bac   Section        0  24l01.o(.text)
    .text                                    0x08003ec4   Section        0  spi.o(.text)
    .text                                    0x08003fc8   Section        0  steer.o(.text)
    .text                                    0x080041d8   Section        2  use_no_semi_2.o(.text)
    .text                                    0x080041dc   Section        0  noretval__2printf.o(.text)
    .text                                    0x080041f4   Section        0  heapauxi.o(.text)
    .text                                    0x080041fa   Section        2  use_no_semi.o(.text)
    .text                                    0x080041fc   Section        0  _printf_char_file.o(.text)
    .text                                    0x08004220   Section        0  _printf_char_common.o(.text)
    _printf_input_char                       0x08004221   Thumb Code    10  _printf_char_common.o(.text)
    .text                                    0x08004250   Section        0  ferror.o(.text)
    .text                                    0x08004258   Section       74  sys_stackheap_outer.o(.text)
    .text                                    0x080042a2   Section        0  __printf_nopercent.o(.text)
    .text                                    0x080042ca   Section        0  exit.o(.text)
    .text                                    0x080042d8   Section        8  libspace.o(.text)
    x$fpl$d2f                                0x080042e0   Section       98  d2f.o(x$fpl$d2f)
    x$fpl$dadd                               0x08004344   Section      336  daddsub_clz.o(x$fpl$dadd)
    _dadd1                                   0x08004355   Thumb Code     0  daddsub_clz.o(x$fpl$dadd)
    x$fpl$dcmpinf                            0x08004494   Section       24  dcmpi.o(x$fpl$dcmpinf)
    x$fpl$ddiv                               0x080044ac   Section      688  ddiv.o(x$fpl$ddiv)
    ddiv_entry                               0x080044b3   Thumb Code     0  ddiv.o(x$fpl$ddiv)
    x$fpl$deqf                               0x0800475c   Section      120  deqf.o(x$fpl$deqf)
    x$fpl$dfix                               0x080047d4   Section       94  dfix.o(x$fpl$dfix)
    x$fpl$dfixu                              0x08004834   Section       90  dfixu.o(x$fpl$dfixu)
    x$fpl$dflt                               0x0800488e   Section       46  dflt_clz.o(x$fpl$dflt)
    x$fpl$dfltu                              0x080048bc   Section       38  dflt_clz.o(x$fpl$dfltu)
    x$fpl$dleqf                              0x080048e4   Section      120  dleqf.o(x$fpl$dleqf)
    x$fpl$dmul                               0x0800495c   Section      340  dmul.o(x$fpl$dmul)
    x$fpl$dnaninf                            0x08004ab0   Section      156  dnaninf.o(x$fpl$dnaninf)
    x$fpl$dretinf                            0x08004b4c   Section       12  dretinf.o(x$fpl$dretinf)
    x$fpl$drleqf                             0x08004b58   Section      108  drleqf.o(x$fpl$drleqf)
    x$fpl$drsb                               0x08004bc4   Section       22  daddsub_clz.o(x$fpl$drsb)
    x$fpl$dsub                               0x08004bdc   Section      468  daddsub_clz.o(x$fpl$dsub)
    _dsub1                                   0x08004bed   Thumb Code     0  daddsub_clz.o(x$fpl$dsub)
    x$fpl$f2d                                0x08004db0   Section       86  f2d.o(x$fpl$f2d)
    x$fpl$fmul                               0x08004e08   Section      258  fmul.o(x$fpl$fmul)
    x$fpl$fnaninf                            0x08004f0a   Section      140  fnaninf.o(x$fpl$fnaninf)
    x$fpl$fretinf                            0x08004f96   Section       10  fretinf.o(x$fpl$fretinf)
    .constdata                               0x08004fa0   Section       10  24l01.o(.constdata)
    x$fpl$usenofp                            0x08004fa0   Section        0  usenofp.o(x$fpl$usenofp)
    .data                                    0x20000000   Section       54  main.o(.data)
    .data                                    0x20000038   Section        4  stm32f10x_it.o(.data)
    .data                                    0x2000003c   Section       20  system_stm32f10x.o(.data)
    .data                                    0x20000050   Section       20  stm32f10x_rcc.o(.data)
    APBAHBPrescTable                         0x20000050   Data          16  stm32f10x_rcc.o(.data)
    ADCPrescTable                            0x20000060   Data           4  stm32f10x_rcc.o(.data)
    .data                                    0x20000064   Section        4  delay.o(.data)
    fac_us                                   0x20000064   Data           1  delay.o(.data)
    fac_ms                                   0x20000066   Data           2  delay.o(.data)
    .data                                    0x20000068   Section        6  usart.o(.data)
    .data                                    0x20000070   Section      260  pid.o(.data)
    .data                                    0x20000178   Section       88  steer.o(.data)
    .bss                                     0x200001d0   Section      158  main.o(.bss)
    .bss                                     0x20000270   Section       96  stm32f10x_it.o(.bss)
    .bss                                     0x200002d0   Section       56  can.o(.bss)
    .bss                                     0x20000308   Section      200  usart.o(.bss)
    .bss                                     0x200003d0   Section       64  pwm.o(.bss)
    .bss                                     0x20000410   Section       96  libspace.o(.bss)
    HEAP                                     0x20000470   Section      512  startup_stm32f10x_hd.o(HEAP)
    Heap_Mem                                 0x20000470   Data         512  startup_stm32f10x_hd.o(HEAP)
    STACK                                    0x20000670   Section     1024  startup_stm32f10x_hd.o(STACK)
    Stack_Mem                                0x20000670   Data        1024  startup_stm32f10x_hd.o(STACK)
    __initial_sp                             0x20000a70   Data           0  startup_stm32f10x_hd.o(STACK)

    Global Symbols

    Symbol Name                              Value     Ov Type        Size  Object(Section)

    BuildAttributes$$THM_ISAv4$P$D$K$B$S$PE$A:L22UL41UL21$X:L11$S22US41US21$IEEE1$IW$USESV6$~STKCKD$USESV7$~SHL$OSPACE$ROPI$EBA8$UX$STANDARDLIB$REQ8$PRES8$EABIv2 0x00000000   Number         0  anon$$obj.o ABSOLUTE
    __ARM_use_no_argv                        0x00000000   Number         0  main.o ABSOLUTE
    __ARM_exceptions_init                     - Undefined Weak Reference
    __alloca_initialize                       - Undefined Weak Reference
    __arm_preinit_                            - Undefined Weak Reference
    __cpp_initialize__aeabi_                  - Undefined Weak Reference
    __cxa_finalize                            - Undefined Weak Reference
    __rt_locale                               - Undefined Weak Reference
    __sigvec_lookup                           - Undefined Weak Reference
    _atexit_init                              - Undefined Weak Reference
    _call_atexit_fns                          - Undefined Weak Reference
    _clock_init                               - Undefined Weak Reference
    _fp_trap_init                             - Undefined Weak Reference
    _fp_trap_shutdown                         - Undefined Weak Reference
    _get_lc_collate                           - Undefined Weak Reference
    _get_lc_ctype                             - Undefined Weak Reference
    _get_lc_monetary                          - Undefined Weak Reference
    _get_lc_numeric                           - Undefined Weak Reference
    _get_lc_time                              - Undefined Weak Reference
    _getenv_init                              - Undefined Weak Reference
    _handle_redirection                       - Undefined Weak Reference
    _init_alloc                               - Undefined Weak Reference
    _init_user_alloc                          - Undefined Weak Reference
    _initio                                   - Undefined Weak Reference
    _mutex_acquire                            - Undefined Weak Reference
    _mutex_release                            - Undefined Weak Reference
    _rand_init                                - Undefined Weak Reference
    _signal_finish                            - Undefined Weak Reference
    _signal_init                              - Undefined Weak Reference
    _terminate_alloc                          - Undefined Weak Reference
    _terminate_user_alloc                     - Undefined Weak Reference
    _terminateio                              - Undefined Weak Reference
    __Vectors_Size                           0x00000130   Number         0  startup_stm32f10x_hd.o ABSOLUTE
    __Vectors                                0x08000000   Data           4  startup_stm32f10x_hd.o(RESET)
    __Vectors_End                            0x08000130   Data           0  startup_stm32f10x_hd.o(RESET)
    __main                                   0x08000131   Thumb Code     8  __main.o(!!!main)
    __scatterload                            0x08000139   Thumb Code     0  __scatter.o(!!!scatter)
    __scatterload_rt2                        0x08000139   Thumb Code    44  __scatter.o(!!!scatter)
    __scatterload_rt2_thumb_only             0x08000139   Thumb Code     0  __scatter.o(!!!scatter)
    __scatterload_null                       0x08000147   Thumb Code     0  __scatter.o(!!!scatter)
    __decompress                             0x0800016d   Thumb Code    90  __dczerorl2.o(!!dczerorl2)
    __decompress1                            0x0800016d   Thumb Code     0  __dczerorl2.o(!!dczerorl2)
    __scatterload_zeroinit                   0x080001c9   Thumb Code    28  __scatter_zi.o(!!handler_zi)
    __rt_lib_init                            0x080001e5   Thumb Code     0  libinit.o(.ARM.Collect$$libinit$$00000000)
    __rt_lib_init_alloca_1                   0x080001e7   Thumb Code     0  libinit2.o(.ARM.Collect$$libinit$$0000002E)
    __rt_lib_init_argv_1                     0x080001e7   Thumb Code     0  libinit2.o(.ARM.Collect$$libinit$$0000002C)
    __rt_lib_init_atexit_1                   0x080001e7   Thumb Code     0  libinit2.o(.ARM.Collect$$libinit$$0000001B)
    __rt_lib_init_clock_1                    0x080001e7   Thumb Code     0  libinit2.o(.ARM.Collect$$libinit$$00000021)
    __rt_lib_init_cpp_1                      0x080001e7   Thumb Code     0  libinit2.o(.ARM.Collect$$libinit$$00000032)
    __rt_lib_init_exceptions_1               0x080001e7   Thumb Code     0  libinit2.o(.ARM.Collect$$libinit$$00000030)
    __rt_lib_init_fp_1                       0x080001e7   Thumb Code     0  libinit2.o(.ARM.Collect$$libinit$$00000002)
    __rt_lib_init_fp_trap_1                  0x080001e7   Thumb Code     0  libinit2.o(.ARM.Collect$$libinit$$0000001F)
    __rt_lib_init_getenv_1                   0x080001e7   Thumb Code     0  libinit2.o(.ARM.Collect$$libinit$$00000023)
    __rt_lib_init_heap_1                     0x080001e7   Thumb Code     0  libinit2.o(.ARM.Collect$$libinit$$0000000A)
    __rt_lib_init_lc_collate_1               0x080001e7   Thumb Code     0  libinit2.o(.ARM.Collect$$libinit$$00000011)
    __rt_lib_init_lc_ctype_1                 0x080001e7   Thumb Code     0  libinit2.o(.ARM.Collect$$libinit$$00000013)
    __rt_lib_init_lc_monetary_1              0x080001e7   Thumb Code     0  libinit2.o(.ARM.Collect$$libinit$$00000015)
    __rt_lib_init_lc_numeric_1               0x080001e7   Thumb Code     0  libinit2.o(.ARM.Collect$$libinit$$00000017)
    __rt_lib_init_lc_time_1                  0x080001e7   Thumb Code     0  libinit2.o(.ARM.Collect$$libinit$$00000019)
    __rt_lib_init_preinit_1                  0x080001e7   Thumb Code     0  libinit2.o(.ARM.Collect$$libinit$$00000004)
    __rt_lib_init_rand_1                     0x080001e7   Thumb Code     0  libinit2.o(.ARM.Collect$$libinit$$0000000E)
    __rt_lib_init_return                     0x080001e7   Thumb Code     0  libinit2.o(.ARM.Collect$$libinit$$00000033)
    __rt_lib_init_signal_1                   0x080001e7   Thumb Code     0  libinit2.o(.ARM.Collect$$libinit$$0000001D)
    __rt_lib_init_stdio_1                    0x080001e7   Thumb Code     0  libinit2.o(.ARM.Collect$$libinit$$00000025)
    __rt_lib_init_user_alloc_1               0x080001e7   Thumb Code     0  libinit2.o(.ARM.Collect$$libinit$$0000000C)
    __rt_lib_shutdown                        0x080001e9   Thumb Code     0  libshutdown.o(.ARM.Collect$$libshutdown$$00000000)
    __rt_lib_shutdown_fp_trap_1              0x080001eb   Thumb Code     0  libshutdown2.o(.ARM.Collect$$libshutdown$$00000006)
    __rt_lib_shutdown_heap_1                 0x080001eb   Thumb Code     0  libshutdown2.o(.ARM.Collect$$libshutdown$$0000000E)
    __rt_lib_shutdown_return                 0x080001eb   Thumb Code     0  libshutdown2.o(.ARM.Collect$$libshutdown$$0000000F)
    __rt_lib_shutdown_signal_1               0x080001eb   Thumb Code     0  libshutdown2.o(.ARM.Collect$$libshutdown$$00000009)
    __rt_lib_shutdown_stdio_1                0x080001eb   Thumb Code     0  libshutdown2.o(.ARM.Collect$$libshutdown$$00000003)
    __rt_lib_shutdown_user_alloc_1           0x080001eb   Thumb Code     0  libshutdown2.o(.ARM.Collect$$libshutdown$$0000000B)
    __rt_entry                               0x080001ed   Thumb Code     0  __rtentry.o(.ARM.Collect$$rtentry$$00000000)
    __rt_entry_presh_1                       0x080001ed   Thumb Code     0  __rtentry2.o(.ARM.Collect$$rtentry$$00000002)
    __rt_entry_sh                            0x080001ed   Thumb Code     0  __rtentry4.o(.ARM.Collect$$rtentry$$00000004)
    __rt_entry_li                            0x080001f3   Thumb Code     0  __rtentry2.o(.ARM.Collect$$rtentry$$0000000A)
    __rt_entry_postsh_1                      0x080001f3   Thumb Code     0  __rtentry2.o(.ARM.Collect$$rtentry$$00000009)
    __rt_entry_main                          0x080001f7   Thumb Code     0  __rtentry2.o(.ARM.Collect$$rtentry$$0000000D)
    __rt_entry_postli_1                      0x080001f7   Thumb Code     0  __rtentry2.o(.ARM.Collect$$rtentry$$0000000C)
    __rt_exit                                0x080001ff   Thumb Code     0  rtexit.o(.ARM.Collect$$rtexit$$00000000)
    __rt_exit_ls                             0x08000201   Thumb Code     0  rtexit2.o(.ARM.Collect$$rtexit$$00000003)
    __rt_exit_prels_1                        0x08000201   Thumb Code     0  rtexit2.o(.ARM.Collect$$rtexit$$00000002)
    __rt_exit_exit                           0x08000205   Thumb Code     0  rtexit2.o(.ARM.Collect$$rtexit$$00000004)
    send_can_data                            0x0800020d   Thumb Code   100  main.o(.text)
    main                                     0x08000271   Thumb Code   124  main.o(.text)
    NMI_Handler                              0x08000315   Thumb Code     2  stm32f10x_it.o(.text)
    HardFault_Handler                        0x08000317   Thumb Code     4  stm32f10x_it.o(.text)
    MemManage_Handler                        0x0800031b   Thumb Code     4  stm32f10x_it.o(.text)
    BusFault_Handler                         0x0800031f   Thumb Code     4  stm32f10x_it.o(.text)
    UsageFault_Handler                       0x08000323   Thumb Code     4  stm32f10x_it.o(.text)
    SVC_Handler                              0x08000327   Thumb Code     2  stm32f10x_it.o(.text)
    DebugMon_Handler                         0x08000329   Thumb Code     2  stm32f10x_it.o(.text)
    PendSV_Handler                           0x0800032b   Thumb Code     2  stm32f10x_it.o(.text)
    SysTick_Handler                          0x0800032d   Thumb Code     2  stm32f10x_it.o(.text)
    TIM2_IRQHandler                          0x0800032f   Thumb Code    56  stm32f10x_it.o(.text)
    TIM3_IRQHandler                          0x08000367   Thumb Code     2  stm32f10x_it.o(.text)
    TIM4_IRQHandler                          0x08000369   Thumb Code    54  stm32f10x_it.o(.text)
    TIM5_IRQHandler                          0x0800039f   Thumb Code     2  stm32f10x_it.o(.text)
    TIM7_IRQHandler                          0x080003a1   Thumb Code   178  stm32f10x_it.o(.text)
    SystemInit                               0x0800055f   Thumb Code    78  system_stm32f10x.o(.text)
    SystemCoreClockUpdate                    0x080005ad   Thumb Code   142  system_stm32f10x.o(.text)
    Reset_Handler                            0x08000661   Thumb Code     8  startup_stm32f10x_hd.o(.text)
    ADC1_2_IRQHandler                        0x0800067b   Thumb Code     0  startup_stm32f10x_hd.o(.text)
    ADC3_IRQHandler                          0x0800067b   Thumb Code     0  startup_stm32f10x_hd.o(.text)
    CAN1_RX1_IRQHandler                      0x0800067b   Thumb Code     0  startup_stm32f10x_hd.o(.text)
    CAN1_SCE_IRQHandler                      0x0800067b   Thumb Code     0  startup_stm32f10x_hd.o(.text)
    DMA1_Channel1_IRQHandler                 0x0800067b   Thumb Code     0  startup_stm32f10x_hd.o(.text)
    DMA1_Channel2_IRQHandler                 0x0800067b   Thumb Code     0  startup_stm32f10x_hd.o(.text)
    DMA1_Channel3_IRQHandler                 0x0800067b   Thumb Code     0  startup_stm32f10x_hd.o(.text)
    DMA1_Channel4_IRQHandler                 0x0800067b   Thumb Code     0  startup_stm32f10x_hd.o(.text)
    DMA1_Channel5_IRQHandler                 0x0800067b   Thumb Code     0  startup_stm32f10x_hd.o(.text)
    DMA1_Channel6_IRQHandler                 0x0800067b   Thumb Code     0  startup_stm32f10x_hd.o(.text)
    DMA1_Channel7_IRQHandler                 0x0800067b   Thumb Code     0  startup_stm32f10x_hd.o(.text)
    DMA2_Channel1_IRQHandler                 0x0800067b   Thumb Code     0  startup_stm32f10x_hd.o(.text)
    DMA2_Channel2_IRQHandler                 0x0800067b   Thumb Code     0  startup_stm32f10x_hd.o(.text)
    DMA2_Channel3_IRQHandler                 0x0800067b   Thumb Code     0  startup_stm32f10x_hd.o(.text)
    DMA2_Channel4_5_IRQHandler               0x0800067b   Thumb Code     0  startup_stm32f10x_hd.o(.text)
    EXTI0_IRQHandler                         0x0800067b   Thumb Code     0  startup_stm32f10x_hd.o(.text)
    EXTI15_10_IRQHandler                     0x0800067b   Thumb Code     0  startup_stm32f10x_hd.o(.text)
    EXTI1_IRQHandler                         0x0800067b   Thumb Code     0  startup_stm32f10x_hd.o(.text)
    EXTI2_IRQHandler                         0x0800067b   Thumb Code     0  startup_stm32f10x_hd.o(.text)
    EXTI3_IRQHandler                         0x0800067b   Thumb Code     0  startup_stm32f10x_hd.o(.text)
    EXTI4_IRQHandler                         0x0800067b   Thumb Code     0  startup_stm32f10x_hd.o(.text)
    EXTI9_5_IRQHandler                       0x0800067b   Thumb Code     0  startup_stm32f10x_hd.o(.text)
    FLASH_IRQHandler                         0x0800067b   Thumb Code     0  startup_stm32f10x_hd.o(.text)
    FSMC_IRQHandler                          0x0800067b   Thumb Code     0  startup_stm32f10x_hd.o(.text)
    I2C1_ER_IRQHandler                       0x0800067b   Thumb Code     0  startup_stm32f10x_hd.o(.text)
    I2C1_EV_IRQHandler                       0x0800067b   Thumb Code     0  startup_stm32f10x_hd.o(.text)
    I2C2_ER_IRQHandler                       0x0800067b   Thumb Code     0  startup_stm32f10x_hd.o(.text)
    I2C2_EV_IRQHandler                       0x0800067b   Thumb Code     0  startup_stm32f10x_hd.o(.text)
    PVD_IRQHandler                           0x0800067b   Thumb Code     0  startup_stm32f10x_hd.o(.text)
    RCC_IRQHandler                           0x0800067b   Thumb Code     0  startup_stm32f10x_hd.o(.text)
    RTCAlarm_IRQHandler                      0x0800067b   Thumb Code     0  startup_stm32f10x_hd.o(.text)
    RTC_IRQHandler                           0x0800067b   Thumb Code     0  startup_stm32f10x_hd.o(.text)
    SDIO_IRQHandler                          0x0800067b   Thumb Code     0  startup_stm32f10x_hd.o(.text)
    SPI1_IRQHandler                          0x0800067b   Thumb Code     0  startup_stm32f10x_hd.o(.text)
    SPI2_IRQHandler                          0x0800067b   Thumb Code     0  startup_stm32f10x_hd.o(.text)
    SPI3_IRQHandler                          0x0800067b   Thumb Code     0  startup_stm32f10x_hd.o(.text)
    TAMPER_IRQHandler                        0x0800067b   Thumb Code     0  startup_stm32f10x_hd.o(.text)
    TIM1_BRK_IRQHandler                      0x0800067b   Thumb Code     0  startup_stm32f10x_hd.o(.text)
    TIM1_CC_IRQHandler                       0x0800067b   Thumb Code     0  startup_stm32f10x_hd.o(.text)
    TIM1_TRG_COM_IRQHandler                  0x0800067b   Thumb Code     0  startup_stm32f10x_hd.o(.text)
    TIM1_UP_IRQHandler                       0x0800067b   Thumb Code     0  startup_stm32f10x_hd.o(.text)
    TIM6_IRQHandler                          0x0800067b   Thumb Code     0  startup_stm32f10x_hd.o(.text)
    TIM8_BRK_IRQHandler                      0x0800067b   Thumb Code     0  startup_stm32f10x_hd.o(.text)
    TIM8_CC_IRQHandler                       0x0800067b   Thumb Code     0  startup_stm32f10x_hd.o(.text)
    TIM8_TRG_COM_IRQHandler                  0x0800067b   Thumb Code     0  startup_stm32f10x_hd.o(.text)
    TIM8_UP_IRQHandler                       0x0800067b   Thumb Code     0  startup_stm32f10x_hd.o(.text)
    UART4_IRQHandler                         0x0800067b   Thumb Code     0  startup_stm32f10x_hd.o(.text)
    UART5_IRQHandler                         0x0800067b   Thumb Code     0  startup_stm32f10x_hd.o(.text)
    USART1_IRQHandler                        0x0800067b   Thumb Code     0  startup_stm32f10x_hd.o(.text)
    USART3_IRQHandler                        0x0800067b   Thumb Code     0  startup_stm32f10x_hd.o(.text)
    USBWakeUp_IRQHandler                     0x0800067b   Thumb Code     0  startup_stm32f10x_hd.o(.text)
    USB_HP_CAN1_TX_IRQHandler                0x0800067b   Thumb Code     0  startup_stm32f10x_hd.o(.text)
    WWDG_IRQHandler                          0x0800067b   Thumb Code     0  startup_stm32f10x_hd.o(.text)
    __user_initial_stackheap                 0x0800067d   Thumb Code     0  startup_stm32f10x_hd.o(.text)
    NVIC_PriorityGroupConfig                 0x080006a1   Thumb Code    10  misc.o(.text)
    NVIC_Init                                0x080006ab   Thumb Code   100  misc.o(.text)
    NVIC_SetVectorTable                      0x0800070f   Thumb Code    14  misc.o(.text)
    NVIC_SystemLPConfig                      0x0800071d   Thumb Code    34  misc.o(.text)
    SysTick_CLKSourceConfig                  0x0800073f   Thumb Code    40  misc.o(.text)
    CAN_DeInit                               0x0800077d   Thumb Code    50  stm32f10x_can.o(.text)
    CAN_Init                                 0x080007af   Thumb Code   276  stm32f10x_can.o(.text)
    CAN_FilterInit                           0x080008c3   Thumb Code   258  stm32f10x_can.o(.text)
    CAN_StructInit                           0x080009c5   Thumb Code    32  stm32f10x_can.o(.text)
    CAN_SlaveStartBank                       0x080009e5   Thumb Code    48  stm32f10x_can.o(.text)
    CAN_DBGFreeze                            0x08000a15   Thumb Code    22  stm32f10x_can.o(.text)
    CAN_TTComModeCmd                         0x08000a2b   Thumb Code   118  stm32f10x_can.o(.text)
    CAN_Transmit                             0x08000aa1   Thumb Code   304  stm32f10x_can.o(.text)
    CAN_TransmitStatus                       0x08000bd1   Thumb Code   138  stm32f10x_can.o(.text)
    CAN_CancelTransmit                       0x08000c5b   Thumb Code    48  stm32f10x_can.o(.text)
    CAN_Receive                              0x08000c8b   Thumb Code   240  stm32f10x_can.o(.text)
    CAN_FIFORelease                          0x08000d7b   Thumb Code    22  stm32f10x_can.o(.text)
    CAN_MessagePending                       0x08000d91   Thumb Code    30  stm32f10x_can.o(.text)
    CAN_OperatingModeRequest                 0x08000daf   Thumb Code   162  stm32f10x_can.o(.text)
    CAN_Sleep                                0x08000e51   Thumb Code    30  stm32f10x_can.o(.text)
    CAN_WakeUp                               0x08000e6f   Thumb Code    48  stm32f10x_can.o(.text)
    CAN_GetLastErrorCode                     0x08000e9f   Thumb Code    12  stm32f10x_can.o(.text)
    CAN_GetReceiveErrorCounter               0x08000eab   Thumb Code    10  stm32f10x_can.o(.text)
    CAN_GetLSBTransmitErrorCounter           0x08000eb5   Thumb Code    12  stm32f10x_can.o(.text)
    CAN_ITConfig                             0x08000ec1   Thumb Code    18  stm32f10x_can.o(.text)
    CAN_GetFlagStatus                        0x08000ed3   Thumb Code   120  stm32f10x_can.o(.text)
    CAN_ClearFlag                            0x08000f4b   Thumb Code    52  stm32f10x_can.o(.text)
    CAN_GetITStatus                          0x08000f91   Thumb Code   310  stm32f10x_can.o(.text)
    CAN_ClearITPendingBit                    0x080010c7   Thumb Code   162  stm32f10x_can.o(.text)
    GPIO_DeInit                              0x0800116d   Thumb Code   172  stm32f10x_gpio.o(.text)
    GPIO_AFIODeInit                          0x08001219   Thumb Code    20  stm32f10x_gpio.o(.text)
    GPIO_Init                                0x0800122d   Thumb Code   278  stm32f10x_gpio.o(.text)
    GPIO_StructInit                          0x08001343   Thumb Code    16  stm32f10x_gpio.o(.text)
    GPIO_ReadInputDataBit                    0x08001353   Thumb Code    18  stm32f10x_gpio.o(.text)
    GPIO_ReadInputData                       0x08001365   Thumb Code     8  stm32f10x_gpio.o(.text)
    GPIO_ReadOutputDataBit                   0x0800136d   Thumb Code    18  stm32f10x_gpio.o(.text)
    GPIO_ReadOutputData                      0x0800137f   Thumb Code     8  stm32f10x_gpio.o(.text)
    GPIO_SetBits                             0x08001387   Thumb Code     4  stm32f10x_gpio.o(.text)
    GPIO_ResetBits                           0x0800138b   Thumb Code     4  stm32f10x_gpio.o(.text)
    GPIO_WriteBit                            0x0800138f   Thumb Code    10  stm32f10x_gpio.o(.text)
    GPIO_Write                               0x08001399   Thumb Code     4  stm32f10x_gpio.o(.text)
    GPIO_PinLockConfig                       0x0800139d   Thumb Code    18  stm32f10x_gpio.o(.text)
    GPIO_EventOutputConfig                   0x080013af   Thumb Code    26  stm32f10x_gpio.o(.text)
    GPIO_EventOutputCmd                      0x080013c9   Thumb Code     6  stm32f10x_gpio.o(.text)
    GPIO_PinRemapConfig                      0x080013cf   Thumb Code   138  stm32f10x_gpio.o(.text)
    GPIO_EXTILineConfig                      0x08001459   Thumb Code    66  stm32f10x_gpio.o(.text)
    GPIO_ETH_MediaInterfaceConfig            0x0800149b   Thumb Code     8  stm32f10x_gpio.o(.text)
    RCC_DeInit                               0x080014c9   Thumb Code    64  stm32f10x_rcc.o(.text)
    RCC_HSEConfig                            0x08001509   Thumb Code    70  stm32f10x_rcc.o(.text)
    RCC_GetFlagStatus                        0x0800154f   Thumb Code    56  stm32f10x_rcc.o(.text)
    RCC_WaitForHSEStartUp                    0x08001587   Thumb Code    56  stm32f10x_rcc.o(.text)
    RCC_AdjustHSICalibrationValue            0x080015bf   Thumb Code    20  stm32f10x_rcc.o(.text)
    RCC_HSICmd                               0x080015d3   Thumb Code     6  stm32f10x_rcc.o(.text)
    RCC_PLLConfig                            0x080015d9   Thumb Code    24  stm32f10x_rcc.o(.text)
    RCC_PLLCmd                               0x080015f1   Thumb Code     6  stm32f10x_rcc.o(.text)
    RCC_SYSCLKConfig                         0x080015f7   Thumb Code    18  stm32f10x_rcc.o(.text)
    RCC_GetSYSCLKSource                      0x08001609   Thumb Code    10  stm32f10x_rcc.o(.text)
    RCC_HCLKConfig                           0x08001613   Thumb Code    18  stm32f10x_rcc.o(.text)
    RCC_PCLK1Config                          0x08001625   Thumb Code    18  stm32f10x_rcc.o(.text)
    RCC_PCLK2Config                          0x08001637   Thumb Code    20  stm32f10x_rcc.o(.text)
    RCC_ITConfig                             0x0800164b   Thumb Code    26  stm32f10x_rcc.o(.text)
    RCC_USBCLKConfig                         0x08001665   Thumb Code     8  stm32f10x_rcc.o(.text)
    RCC_ADCCLKConfig                         0x0800166d   Thumb Code    18  stm32f10x_rcc.o(.text)
    RCC_LSEConfig                            0x0800167f   Thumb Code    50  stm32f10x_rcc.o(.text)
    RCC_LSICmd                               0x080016b1   Thumb Code     6  stm32f10x_rcc.o(.text)
    RCC_RTCCLKConfig                         0x080016b7   Thumb Code    12  stm32f10x_rcc.o(.text)
    RCC_RTCCLKCmd                            0x080016c3   Thumb Code     8  stm32f10x_rcc.o(.text)
    RCC_GetClocksFreq                        0x080016cb   Thumb Code   192  stm32f10x_rcc.o(.text)
    RCC_AHBPeriphClockCmd                    0x0800178b   Thumb Code    26  stm32f10x_rcc.o(.text)
    RCC_APB2PeriphClockCmd                   0x080017a5   Thumb Code    26  stm32f10x_rcc.o(.text)
    RCC_APB1PeriphClockCmd                   0x080017bf   Thumb Code    26  stm32f10x_rcc.o(.text)
    RCC_APB2PeriphResetCmd                   0x080017d9   Thumb Code    26  stm32f10x_rcc.o(.text)
    RCC_APB1PeriphResetCmd                   0x080017f3   Thumb Code    26  stm32f10x_rcc.o(.text)
    RCC_BackupResetCmd                       0x0800180d   Thumb Code     8  stm32f10x_rcc.o(.text)
    RCC_ClockSecuritySystemCmd               0x08001815   Thumb Code     6  stm32f10x_rcc.o(.text)
    RCC_MCOConfig                            0x0800181b   Thumb Code     6  stm32f10x_rcc.o(.text)
    RCC_ClearFlag                            0x08001821   Thumb Code    14  stm32f10x_rcc.o(.text)
    RCC_GetITStatus                          0x0800182f   Thumb Code    20  stm32f10x_rcc.o(.text)
    RCC_ClearITPendingBit                    0x08001843   Thumb Code     6  stm32f10x_rcc.o(.text)
    SPI_I2S_DeInit                           0x0800186d   Thumb Code    76  stm32f10x_spi.o(.text)
    SPI_Init                                 0x080018b9   Thumb Code    60  stm32f10x_spi.o(.text)
    I2S_Init                                 0x080018f5   Thumb Code   226  stm32f10x_spi.o(.text)
    SPI_StructInit                           0x080019d7   Thumb Code    24  stm32f10x_spi.o(.text)
    I2S_StructInit                           0x080019ef   Thumb Code    20  stm32f10x_spi.o(.text)
    SPI_Cmd                                  0x08001a03   Thumb Code    24  stm32f10x_spi.o(.text)
    I2S_Cmd                                  0x08001a1b   Thumb Code    24  stm32f10x_spi.o(.text)
    SPI_I2S_ITConfig                         0x08001a33   Thumb Code    32  stm32f10x_spi.o(.text)
    SPI_I2S_DMACmd                           0x08001a53   Thumb Code    18  stm32f10x_spi.o(.text)
    SPI_I2S_SendData                         0x08001a65   Thumb Code     4  stm32f10x_spi.o(.text)
    SPI_I2S_ReceiveData                      0x08001a69   Thumb Code     6  stm32f10x_spi.o(.text)
    SPI_NSSInternalSoftwareConfig            0x08001a6f   Thumb Code    30  stm32f10x_spi.o(.text)
    SPI_SSOutputCmd                          0x08001a8d   Thumb Code    24  stm32f10x_spi.o(.text)
    SPI_DataSizeConfig                       0x08001aa5   Thumb Code    18  stm32f10x_spi.o(.text)
    SPI_TransmitCRC                          0x08001ab7   Thumb Code    10  stm32f10x_spi.o(.text)
    SPI_CalculateCRC                         0x08001ac1   Thumb Code    24  stm32f10x_spi.o(.text)
    SPI_GetCRC                               0x08001ad9   Thumb Code    16  stm32f10x_spi.o(.text)
    SPI_GetCRCPolynomial                     0x08001ae9   Thumb Code     6  stm32f10x_spi.o(.text)
    SPI_BiDirectionalLineConfig              0x08001aef   Thumb Code    28  stm32f10x_spi.o(.text)
    SPI_I2S_GetFlagStatus                    0x08001b0b   Thumb Code    18  stm32f10x_spi.o(.text)
    SPI_I2S_ClearFlag                        0x08001b1d   Thumb Code     6  stm32f10x_spi.o(.text)
    SPI_I2S_GetITStatus                      0x08001b23   Thumb Code    52  stm32f10x_spi.o(.text)
    SPI_I2S_ClearITPendingBit                0x08001b57   Thumb Code    20  stm32f10x_spi.o(.text)
    TIM_DeInit                               0x08001b79   Thumb Code   424  stm32f10x_tim.o(.text)
    TIM_TimeBaseInit                         0x08001d21   Thumb Code   122  stm32f10x_tim.o(.text)
    TIM_OC1Init                              0x08001d9b   Thumb Code   132  stm32f10x_tim.o(.text)
    TIM_OC2Init                              0x08001e1f   Thumb Code   154  stm32f10x_tim.o(.text)
    TIM_OC3Init                              0x08001eb9   Thumb Code   150  stm32f10x_tim.o(.text)
    TIM_OC4Init                              0x08001f4f   Thumb Code   182  stm32f10x_tim.o(.text)
    TIM_SetIC4Prescaler                      0x08002005   Thumb Code    26  stm32f10x_tim.o(.text)
    TIM_SetIC3Prescaler                      0x080020a1   Thumb Code    18  stm32f10x_tim.o(.text)
    TIM_SetIC2Prescaler                      0x0800212d   Thumb Code    26  stm32f10x_tim.o(.text)
    TIM_SetIC1Prescaler                      0x080021c9   Thumb Code    18  stm32f10x_tim.o(.text)
    TIM_ICInit                               0x08002247   Thumb Code   150  stm32f10x_tim.o(.text)
    TIM_PWMIConfig                           0x080022dd   Thumb Code   124  stm32f10x_tim.o(.text)
    TIM_BDTRConfig                           0x08002359   Thumb Code    32  stm32f10x_tim.o(.text)
    TIM_TimeBaseStructInit                   0x08002379   Thumb Code    18  stm32f10x_tim.o(.text)
    TIM_OCStructInit                         0x0800238b   Thumb Code    20  stm32f10x_tim.o(.text)
    TIM_ICStructInit                         0x0800239f   Thumb Code    18  stm32f10x_tim.o(.text)
    TIM_BDTRStructInit                       0x080023b1   Thumb Code    40  stm32f10x_tim.o(.text)
    TIM_Cmd                                  0x080023d9   Thumb Code    24  stm32f10x_tim.o(.text)
    TIM_CtrlPWMOutputs                       0x080023f1   Thumb Code    30  stm32f10x_tim.o(.text)
    TIM_ITConfig                             0x0800240f   Thumb Code    18  stm32f10x_tim.o(.text)
    TIM_GenerateEvent                        0x08002421   Thumb Code     4  stm32f10x_tim.o(.text)
    TIM_DMAConfig                            0x08002425   Thumb Code    10  stm32f10x_tim.o(.text)
    TIM_DMACmd                               0x0800242f   Thumb Code    18  stm32f10x_tim.o(.text)
    TIM_InternalClockConfig                  0x08002441   Thumb Code    12  stm32f10x_tim.o(.text)
    TIM_SelectInputTrigger                   0x0800244d   Thumb Code    18  stm32f10x_tim.o(.text)
    TIM_ITRxExternalClockConfig              0x0800245f   Thumb Code    24  stm32f10x_tim.o(.text)
    TIM_TIxExternalClockConfig               0x08002477   Thumb Code    62  stm32f10x_tim.o(.text)
    TIM_ETRConfig                            0x080024b5   Thumb Code    28  stm32f10x_tim.o(.text)
    TIM_ETRClockMode1Config                  0x080024d1   Thumb Code    54  stm32f10x_tim.o(.text)
    TIM_ETRClockMode2Config                  0x08002507   Thumb Code    32  stm32f10x_tim.o(.text)
    TIM_PrescalerConfig                      0x08002527   Thumb Code     6  stm32f10x_tim.o(.text)
    TIM_CounterModeConfig                    0x0800252d   Thumb Code    18  stm32f10x_tim.o(.text)
    TIM_EncoderInterfaceConfig               0x0800253f   Thumb Code    66  stm32f10x_tim.o(.text)
    TIM_ForcedOC1Config                      0x08002581   Thumb Code    18  stm32f10x_tim.o(.text)
    TIM_ForcedOC2Config                      0x08002593   Thumb Code    26  stm32f10x_tim.o(.text)
    TIM_ForcedOC3Config                      0x080025ad   Thumb Code    18  stm32f10x_tim.o(.text)
    TIM_ForcedOC4Config                      0x080025bf   Thumb Code    26  stm32f10x_tim.o(.text)
    TIM_ARRPreloadConfig                     0x080025d9   Thumb Code    24  stm32f10x_tim.o(.text)
    TIM_SelectCOM                            0x080025f1   Thumb Code    24  stm32f10x_tim.o(.text)
    TIM_SelectCCDMA                          0x08002609   Thumb Code    24  stm32f10x_tim.o(.text)
    TIM_CCPreloadControl                     0x08002621   Thumb Code    24  stm32f10x_tim.o(.text)
    TIM_OC1PreloadConfig                     0x08002639   Thumb Code    18  stm32f10x_tim.o(.text)
    TIM_OC2PreloadConfig                     0x0800264b   Thumb Code    26  stm32f10x_tim.o(.text)
    TIM_OC3PreloadConfig                     0x08002665   Thumb Code    18  stm32f10x_tim.o(.text)
    TIM_OC4PreloadConfig                     0x08002677   Thumb Code    26  stm32f10x_tim.o(.text)
    TIM_OC1FastConfig                        0x08002691   Thumb Code    18  stm32f10x_tim.o(.text)
    TIM_OC2FastConfig                        0x080026a3   Thumb Code    26  stm32f10x_tim.o(.text)
    TIM_OC3FastConfig                        0x080026bd   Thumb Code    18  stm32f10x_tim.o(.text)
    TIM_OC4FastConfig                        0x080026cf   Thumb Code    26  stm32f10x_tim.o(.text)
    TIM_ClearOC1Ref                          0x080026e9   Thumb Code    18  stm32f10x_tim.o(.text)
    TIM_ClearOC2Ref                          0x080026fb   Thumb Code    24  stm32f10x_tim.o(.text)
    TIM_ClearOC3Ref                          0x08002713   Thumb Code    18  stm32f10x_tim.o(.text)
    TIM_ClearOC4Ref                          0x08002725   Thumb Code    24  stm32f10x_tim.o(.text)
    TIM_OC1PolarityConfig                    0x0800273d   Thumb Code    18  stm32f10x_tim.o(.text)
    TIM_OC1NPolarityConfig                   0x0800274f   Thumb Code    18  stm32f10x_tim.o(.text)
    TIM_OC2PolarityConfig                    0x08002761   Thumb Code    26  stm32f10x_tim.o(.text)
    TIM_OC2NPolarityConfig                   0x0800277b   Thumb Code    26  stm32f10x_tim.o(.text)
    TIM_OC3PolarityConfig                    0x08002795   Thumb Code    26  stm32f10x_tim.o(.text)
    TIM_OC3NPolarityConfig                   0x080027af   Thumb Code    26  stm32f10x_tim.o(.text)
    TIM_OC4PolarityConfig                    0x080027c9   Thumb Code    26  stm32f10x_tim.o(.text)
    TIM_CCxCmd                               0x080027e3   Thumb Code    30  stm32f10x_tim.o(.text)
    TIM_CCxNCmd                              0x08002801   Thumb Code    30  stm32f10x_tim.o(.text)
    TIM_SelectOCxM                           0x0800281f   Thumb Code    82  stm32f10x_tim.o(.text)
    TIM_UpdateDisableConfig                  0x08002871   Thumb Code    24  stm32f10x_tim.o(.text)
    TIM_UpdateRequestConfig                  0x08002889   Thumb Code    24  stm32f10x_tim.o(.text)
    TIM_SelectHallSensor                     0x080028a1   Thumb Code    24  stm32f10x_tim.o(.text)
    TIM_SelectOnePulseMode                   0x080028b9   Thumb Code    18  stm32f10x_tim.o(.text)
    TIM_SelectOutputTrigger                  0x080028cb   Thumb Code    18  stm32f10x_tim.o(.text)
    TIM_SelectSlaveMode                      0x080028dd   Thumb Code    18  stm32f10x_tim.o(.text)
    TIM_SelectMasterSlaveMode                0x080028ef   Thumb Code    18  stm32f10x_tim.o(.text)
    TIM_SetCounter                           0x08002901   Thumb Code     4  stm32f10x_tim.o(.text)
    TIM_SetAutoreload                        0x08002905   Thumb Code     4  stm32f10x_tim.o(.text)
    TIM_SetCompare1                          0x08002909   Thumb Code     4  stm32f10x_tim.o(.text)
    TIM_SetCompare2                          0x0800290d   Thumb Code     4  stm32f10x_tim.o(.text)
    TIM_SetCompare3                          0x08002911   Thumb Code     4  stm32f10x_tim.o(.text)
    TIM_SetCompare4                          0x08002915   Thumb Code     6  stm32f10x_tim.o(.text)
    TIM_SetClockDivision                     0x0800291b   Thumb Code    18  stm32f10x_tim.o(.text)
    TIM_GetCapture1                          0x0800292d   Thumb Code     6  stm32f10x_tim.o(.text)
    TIM_GetCapture2                          0x08002933   Thumb Code     6  stm32f10x_tim.o(.text)
    TIM_GetCapture3                          0x08002939   Thumb Code     6  stm32f10x_tim.o(.text)
    TIM_GetCapture4                          0x0800293f   Thumb Code     8  stm32f10x_tim.o(.text)
    TIM_GetCounter                           0x08002947   Thumb Code     6  stm32f10x_tim.o(.text)
    TIM_GetPrescaler                         0x0800294d   Thumb Code     6  stm32f10x_tim.o(.text)
    TIM_GetFlagStatus                        0x08002953   Thumb Code    18  stm32f10x_tim.o(.text)
    TIM_ClearFlag                            0x08002965   Thumb Code     6  stm32f10x_tim.o(.text)
    TIM_GetITStatus                          0x0800296b   Thumb Code    34  stm32f10x_tim.o(.text)
    TIM_ClearITPendingBit                    0x0800298d   Thumb Code     6  stm32f10x_tim.o(.text)
    USART_DeInit                             0x08002995   Thumb Code   134  stm32f10x_usart.o(.text)
    USART_Init                               0x08002a1b   Thumb Code   210  stm32f10x_usart.o(.text)
    USART_StructInit                         0x08002aed   Thumb Code    24  stm32f10x_usart.o(.text)
    USART_ClockInit                          0x08002b05   Thumb Code    34  stm32f10x_usart.o(.text)
    USART_ClockStructInit                    0x08002b27   Thumb Code    12  stm32f10x_usart.o(.text)
    USART_Cmd                                0x08002b33   Thumb Code    24  stm32f10x_usart.o(.text)
    USART_ITConfig                           0x08002b4b   Thumb Code    74  stm32f10x_usart.o(.text)
    USART_DMACmd                             0x08002b95   Thumb Code    18  stm32f10x_usart.o(.text)
    USART_SetAddress                         0x08002ba7   Thumb Code    18  stm32f10x_usart.o(.text)
    USART_WakeUpConfig                       0x08002bb9   Thumb Code    18  stm32f10x_usart.o(.text)
    USART_ReceiverWakeUpCmd                  0x08002bcb   Thumb Code    24  stm32f10x_usart.o(.text)
    USART_LINBreakDetectLengthConfig         0x08002be3   Thumb Code    18  stm32f10x_usart.o(.text)
    USART_LINCmd                             0x08002bf5   Thumb Code    24  stm32f10x_usart.o(.text)
    USART_SendData                           0x08002c0d   Thumb Code     8  stm32f10x_usart.o(.text)
    USART_ReceiveData                        0x08002c15   Thumb Code    10  stm32f10x_usart.o(.text)
    USART_SendBreak                          0x08002c1f   Thumb Code    10  stm32f10x_usart.o(.text)
    USART_SetGuardTime                       0x08002c29   Thumb Code    16  stm32f10x_usart.o(.text)
    USART_SetPrescaler                       0x08002c39   Thumb Code    16  stm32f10x_usart.o(.text)
    USART_SmartCardCmd                       0x08002c49   Thumb Code    24  stm32f10x_usart.o(.text)
    USART_SmartCardNACKCmd                   0x08002c61   Thumb Code    24  stm32f10x_usart.o(.text)
    USART_HalfDuplexCmd                      0x08002c79   Thumb Code    24  stm32f10x_usart.o(.text)
    USART_OverSampling8Cmd                   0x08002c91   Thumb Code    22  stm32f10x_usart.o(.text)
    USART_OneBitMethodCmd                    0x08002ca7   Thumb Code    24  stm32f10x_usart.o(.text)
    USART_IrDAConfig                         0x08002cbf   Thumb Code    18  stm32f10x_usart.o(.text)
    USART_IrDACmd                            0x08002cd1   Thumb Code    24  stm32f10x_usart.o(.text)
    USART_GetFlagStatus                      0x08002ce9   Thumb Code    26  stm32f10x_usart.o(.text)
    USART_ClearFlag                          0x08002d03   Thumb Code    18  stm32f10x_usart.o(.text)
    USART_GetITStatus                        0x08002d15   Thumb Code    84  stm32f10x_usart.o(.text)
    USART_ClearITPendingBit                  0x08002d69   Thumb Code    52  stm32f10x_usart.o(.text)
    CAN_Config                               0x08002d9d   Thumb Code   228  can.o(.text)
    TaskCanCommadDeal                        0x08002e81   Thumb Code   138  can.o(.text)
    USB_LP_CAN1_RX0_IRQHandler               0x08002f0b   Thumb Code    52  can.o(.text)
    Can_Send_Msg                             0x08002f3f   Thumb Code   108  can.o(.text)
    delay_init                               0x08002fcd   Thumb Code    50  delay.o(.text)
    delay_us                                 0x08002fff   Thumb Code    72  delay.o(.text)
    delay_ms                                 0x08003047   Thumb Code    72  delay.o(.text)
    NVIC_Configuration                       0x080030a1   Thumb Code    12  sys.o(.text)
    _sys_exit                                0x080030ad   Thumb Code     6  usart.o(.text)
    fputc                                    0x080030b3   Thumb Code    32  usart.o(.text)
    uart_init                                0x080030d3   Thumb Code   160  usart.o(.text)
    USART2_IRQHandler                        0x08003173   Thumb Code   122  usart.o(.text)
    LED_Init                                 0x080031fd   Thumb Code    46  led.o(.text)
    TIM8_Mode_Config                         0x08003267   Thumb Code   156  pwm.o(.text)
    Speed_con_GPIO_Config                    0x08003303   Thumb Code    50  pwm.o(.text)
    TIM_PWM_Init                             0x08003335   Thumb Code    24  pwm.o(.text)
    GPIO_Encoder_Config                      0x08003359   Thumb Code    96  encooder.o(.text)
    NVIC_Config                              0x080033b9   Thumb Code   116  encooder.o(.text)
    Encoder_Mode_Config                      0x0800342d   Thumb Code   246  encooder.o(.text)
    TIM7_Cal_speed_init                      0x08003523   Thumb Code    64  encooder.o(.text)
    Encoder_Init                             0x08003563   Thumb Code    32  encooder.o(.text)
    IncPIDCalc                               0x0800359d   Thumb Code   238  pid.o(.text)
    Speed_Choose                             0x0800368b   Thumb Code    82  pid.o(.text)
    TaskMotorSpeedAdj                        0x080036dd   Thumb Code  1200  pid.o(.text)
    NRF24L01_Init                            0x08003bad   Thumb Code   174  24l01.o(.text)
    NRF24L01_Read_Buf                        0x08003c5b   Thumb Code    56  24l01.o(.text)
    NRF24L01_Write_Buf                       0x08003c93   Thumb Code    56  24l01.o(.text)
    NRF24L01_Check                           0x08003ccb   Thumb Code    72  24l01.o(.text)
    NRF24L01_Write_Reg                       0x08003d13   Thumb Code    38  24l01.o(.text)
    NRF24L01_Read_Reg                        0x08003d39   Thumb Code    36  24l01.o(.text)
    NRF24L01_TxPacket                        0x08003d5d   Thumb Code    94  24l01.o(.text)
    NRF24L01_RxPacket                        0x08003dbb   Thumb Code    58  24l01.o(.text)
    NRF24L01_RX_Mode                         0x08003df5   Thumb Code    76  24l01.o(.text)
    NRF24L01_TX_Mode                         0x08003e41   Thumb Code    86  24l01.o(.text)
    SPI1_ReadWriteByte                       0x08003ec5   Thumb Code    78  spi.o(.text)
    SPI1_Init                                0x08003f13   Thumb Code   136  spi.o(.text)
    SPI1_SetSpeed                            0x08003f9b   Thumb Code    36  spi.o(.text)
    AX_pos_angle_transform                   0x08003fc9   Thumb Code   182  steer.o(.text)
    AX_move                                  0x0800407f   Thumb Code   254  steer.o(.text)
    steer_move                               0x0800417d   Thumb Code    12  steer.o(.text)
    steer_reset                              0x08004189   Thumb Code    26  steer.o(.text)
    __use_no_semihosting                     0x080041d9   Thumb Code     2  use_no_semi_2.o(.text)
    __2printf                                0x080041dd   Thumb Code    20  noretval__2printf.o(.text)
    __use_two_region_memory                  0x080041f5   Thumb Code     2  heapauxi.o(.text)
    __rt_heap_escrow$2region                 0x080041f7   Thumb Code     2  heapauxi.o(.text)
    __rt_heap_expand$2region                 0x080041f9   Thumb Code     2  heapauxi.o(.text)
    __I$use$semihosting                      0x080041fb   Thumb Code     0  use_no_semi.o(.text)
    __use_no_semihosting_swi                 0x080041fb   Thumb Code     2  use_no_semi.o(.text)
    _printf_char_file                        0x080041fd   Thumb Code    32  _printf_char_file.o(.text)
    _printf_char_common                      0x0800422b   Thumb Code    32  _printf_char_common.o(.text)
    ferror                                   0x08004251   Thumb Code     8  ferror.o(.text)
    __user_setup_stackheap                   0x08004259   Thumb Code    74  sys_stackheap_outer.o(.text)
    __printf                                 0x080042a3   Thumb Code    40  __printf_nopercent.o(.text)
    exit                                     0x080042cb   Thumb Code    12  exit.o(.text)
    __user_libspace                          0x080042d9   Thumb Code     8  libspace.o(.text)
    __user_perproc_libspace                  0x080042d9   Thumb Code     0  libspace.o(.text)
    __user_perthread_libspace                0x080042d9   Thumb Code     0  libspace.o(.text)
    __aeabi_d2f                              0x080042e1   Thumb Code     0  d2f.o(x$fpl$d2f)
    _d2f                                     0x080042e1   Thumb Code    98  d2f.o(x$fpl$d2f)
    __aeabi_dadd                             0x08004345   Thumb Code     0  daddsub_clz.o(x$fpl$dadd)
    _dadd                                    0x08004345   Thumb Code   332  daddsub_clz.o(x$fpl$dadd)
    __fpl_dcmp_Inf                           0x08004495   Thumb Code    24  dcmpi.o(x$fpl$dcmpinf)
    __aeabi_ddiv                             0x080044ad   Thumb Code     0  ddiv.o(x$fpl$ddiv)
    _ddiv                                    0x080044ad   Thumb Code   552  ddiv.o(x$fpl$ddiv)
    __aeabi_cdcmpeq                          0x0800475d   Thumb Code     0  deqf.o(x$fpl$deqf)
    _dcmpeq                                  0x0800475d   Thumb Code   120  deqf.o(x$fpl$deqf)
    __aeabi_d2iz                             0x080047d5   Thumb Code     0  dfix.o(x$fpl$dfix)
    _dfix                                    0x080047d5   Thumb Code    94  dfix.o(x$fpl$dfix)
    __aeabi_d2uiz                            0x08004835   Thumb Code     0  dfixu.o(x$fpl$dfixu)
    _dfixu                                   0x08004835   Thumb Code    90  dfixu.o(x$fpl$dfixu)
    __aeabi_i2d                              0x0800488f   Thumb Code     0  dflt_clz.o(x$fpl$dflt)
    _dflt                                    0x0800488f   Thumb Code    46  dflt_clz.o(x$fpl$dflt)
    __aeabi_ui2d                             0x080048bd   Thumb Code     0  dflt_clz.o(x$fpl$dfltu)
    _dfltu                                   0x080048bd   Thumb Code    38  dflt_clz.o(x$fpl$dfltu)
    __aeabi_cdcmple                          0x080048e5   Thumb Code     0  dleqf.o(x$fpl$dleqf)
    _dcmple                                  0x080048e5   Thumb Code   120  dleqf.o(x$fpl$dleqf)
    __fpl_dcmple_InfNaN                      0x08004947   Thumb Code     0  dleqf.o(x$fpl$dleqf)
    __aeabi_dmul                             0x0800495d   Thumb Code     0  dmul.o(x$fpl$dmul)
    _dmul                                    0x0800495d   Thumb Code   332  dmul.o(x$fpl$dmul)
    __fpl_dnaninf                            0x08004ab1   Thumb Code   156  dnaninf.o(x$fpl$dnaninf)
    __fpl_dretinf                            0x08004b4d   Thumb Code    12  dretinf.o(x$fpl$dretinf)
    __aeabi_cdrcmple                         0x08004b59   Thumb Code     0  drleqf.o(x$fpl$drleqf)
    _drcmple                                 0x08004b59   Thumb Code   108  drleqf.o(x$fpl$drleqf)
    __aeabi_drsub                            0x08004bc5   Thumb Code     0  daddsub_clz.o(x$fpl$drsb)
    _drsb                                    0x08004bc5   Thumb Code    22  daddsub_clz.o(x$fpl$drsb)
    __aeabi_dsub                             0x08004bdd   Thumb Code     0  daddsub_clz.o(x$fpl$dsub)
    _dsub                                    0x08004bdd   Thumb Code   464  daddsub_clz.o(x$fpl$dsub)
    __aeabi_f2d                              0x08004db1   Thumb Code     0  f2d.o(x$fpl$f2d)
    _f2d                                     0x08004db1   Thumb Code    86  f2d.o(x$fpl$f2d)
    __aeabi_fmul                             0x08004e09   Thumb Code     0  fmul.o(x$fpl$fmul)
    _fmul                                    0x08004e09   Thumb Code   258  fmul.o(x$fpl$fmul)
    __fpl_fnaninf                            0x08004f0b   Thumb Code   140  fnaninf.o(x$fpl$fnaninf)
    __fpl_fretinf                            0x08004f97   Thumb Code    10  fretinf.o(x$fpl$fretinf)
    TX_ADDRESS                               0x08004fa0   Data           5  24l01.o(.constdata)
    __I$use$fp                               0x08004fa0   Number         0  usenofp.o(x$fpl$usenofp)
    RX_ADDRESS                               0x08004fa5   Data           5  24l01.o(.constdata)
    Region$$Table$$Base                      0x08004fac   Number         0  anon$$obj.o(Region$$Table)
    Region$$Table$$Limit                     0x08004fcc   Number         0  anon$$obj.o(Region$$Table)
    speed_target_1                           0x20000000   Data           8  main.o(.data)
    speed_target_2                           0x20000008   Data           8  main.o(.data)
    speed_target_3                           0x20000010   Data           8  main.o(.data)
    speed_target_4                           0x20000018   Data           8  main.o(.data)
    t                                        0x20000020   Data           1  main.o(.data)
    Speed_Flag                               0x20000021   Data           1  main.o(.data)
    pwm2                                     0x20000028   Data           8  main.o(.data)
    rnf_data                                 0x20000030   Data           6  main.o(.data)
    timeflag                                 0x20000038   Data           4  stm32f10x_it.o(.data)
    SystemCoreClock                          0x2000003c   Data           4  system_stm32f10x.o(.data)
    AHBPrescTable                            0x20000040   Data          16  system_stm32f10x.o(.data)
    __stdout                                 0x20000068   Data           4  usart.o(.data)
    USART_RX_STA                             0x2000006c   Data           2  usart.o(.data)
    vPID                                     0x20000070   Data         256  pid.o(.data)
    flag                                     0x20000170   Data           4  pid.o(.data)
    Roll                                     0x20000178   Data          11  steer.o(.data)
    Pitch                                    0x20000183   Data          11  steer.o(.data)
    Roll_Angle                               0x20000190   Data           8  steer.o(.data)
    Pitch_Angle                              0x20000198   Data           8  steer.o(.data)
    Yaw_Angle                                0x200001a0   Data           8  steer.o(.data)
    claw_Angle                               0x200001a8   Data           8  steer.o(.data)
    Roll_Angle_var                           0x200001b0   Data           8  steer.o(.data)
    Pitch_Angle_var                          0x200001b8   Data           8  steer.o(.data)
    Yaw_Angle_var                            0x200001c0   Data           8  steer.o(.data)
    claw_Angle_var                           0x200001c8   Data           8  steer.o(.data)
    speed_target                             0x200001d0   Data          32  main.o(.bss)
    speed_target_Prv                         0x200001f0   Data          32  main.o(.bss)
    pid                                      0x20000210   Data          64  main.o(.bss)
    tmp_buf                                  0x20000250   Data          30  main.o(.bss)
    update_count                             0x20000270   Data          16  stm32f10x_it.o(.bss)
    firstcount                               0x20000280   Data          16  stm32f10x_it.o(.bss)
    secondcount                              0x20000290   Data          16  stm32f10x_it.o(.bss)
    speed_pulse                              0x200002a0   Data          16  stm32f10x_it.o(.bss)
    speed                                    0x200002b0   Data          32  stm32f10x_it.o(.bss)
    TxMessage                                0x200002d0   Data          20  can.o(.bss)
    RxMessage                                0x200002e4   Data          20  can.o(.bss)
    pos_change_target                        0x200002f8   Data          16  can.o(.bss)
    USART_RX_BUF                             0x20000308   Data         200  usart.o(.bss)
    pwmA                                     0x200003d0   Data          32  pwm.o(.bss)
    pwmB                                     0x200003f0   Data          32  pwm.o(.bss)
    __libspace_start                         0x20000410   Data          96  libspace.o(.bss)
    __temporary_stack_top$libspace           0x20000470   Data           0  libspace.o(.bss)



==============================================================================

Memory Map of the image

  Image Entry point : 0x08000131

  Load Region LR_IROM1 (Base: 0x08000000, Size: 0x0000519c, Max: 0x00040000, ABSOLUTE, COMPRESSED[0x00005008])

    Execution Region ER_IROM1 (Base: 0x08000000, Size: 0x00004fcc, Max: 0x00040000, ABSOLUTE)

    Base Addr    Size         Type   Attr      Idx    E Section Name        Object

    0x08000000   0x00000130   Data   RO          201    RESET               startup_stm32f10x_hd.o
    0x08000130   0x00000008   Code   RO          700  * !!!main             c_w.l(__main.o)
    0x08000138   0x00000034   Code   RO          915    !!!scatter          c_w.l(__scatter.o)
    0x0800016c   0x0000005a   Code   RO          913    !!dczerorl2         c_w.l(__dczerorl2.o)
    0x080001c6   0x00000002   PAD
    0x080001c8   0x0000001c   Code   RO          917    !!handler_zi        c_w.l(__scatter_zi.o)
    0x080001e4   0x00000002   Code   RO          788    .ARM.Collect$$libinit$$00000000  c_w.l(libinit.o)
    0x080001e6   0x00000000   Code   RO          795    .ARM.Collect$$libinit$$00000002  c_w.l(libinit2.o)
    0x080001e6   0x00000000   Code   RO          797    .ARM.Collect$$libinit$$00000004  c_w.l(libinit2.o)
    0x080001e6   0x00000000   Code   RO          800    .ARM.Collect$$libinit$$0000000A  c_w.l(libinit2.o)
    0x080001e6   0x00000000   Code   RO          802    .ARM.Collect$$libinit$$0000000C  c_w.l(libinit2.o)
    0x080001e6   0x00000000   Code   RO          804    .ARM.Collect$$libinit$$0000000E  c_w.l(libinit2.o)
    0x080001e6   0x00000000   Code   RO          807    .ARM.Collect$$libinit$$00000011  c_w.l(libinit2.o)
    0x080001e6   0x00000000   Code   RO          809    .ARM.Collect$$libinit$$00000013  c_w.l(libinit2.o)
    0x080001e6   0x00000000   Code   RO          811    .ARM.Collect$$libinit$$00000015  c_w.l(libinit2.o)
    0x080001e6   0x00000000   Code   RO          813    .ARM.Collect$$libinit$$00000017  c_w.l(libinit2.o)
    0x080001e6   0x00000000   Code   RO          815    .ARM.Collect$$libinit$$00000019  c_w.l(libinit2.o)
    0x080001e6   0x00000000   Code   RO          817    .ARM.Collect$$libinit$$0000001B  c_w.l(libinit2.o)
    0x080001e6   0x00000000   Code   RO          819    .ARM.Collect$$libinit$$0000001D  c_w.l(libinit2.o)
    0x080001e6   0x00000000   Code   RO          821    .ARM.Collect$$libinit$$0000001F  c_w.l(libinit2.o)
    0x080001e6   0x00000000   Code   RO          823    .ARM.Collect$$libinit$$00000021  c_w.l(libinit2.o)
    0x080001e6   0x00000000   Code   RO          825    .ARM.Collect$$libinit$$00000023  c_w.l(libinit2.o)
    0x080001e6   0x00000000   Code   RO          827    .ARM.Collect$$libinit$$00000025  c_w.l(libinit2.o)
    0x080001e6   0x00000000   Code   RO          831    .ARM.Collect$$libinit$$0000002C  c_w.l(libinit2.o)
    0x080001e6   0x00000000   Code   RO          833    .ARM.Collect$$libinit$$0000002E  c_w.l(libinit2.o)
    0x080001e6   0x00000000   Code   RO          835    .ARM.Collect$$libinit$$00000030  c_w.l(libinit2.o)
    0x080001e6   0x00000000   Code   RO          837    .ARM.Collect$$libinit$$00000032  c_w.l(libinit2.o)
    0x080001e6   0x00000002   Code   RO          838    .ARM.Collect$$libinit$$00000033  c_w.l(libinit2.o)
    0x080001e8   0x00000002   Code   RO          856    .ARM.Collect$$libshutdown$$00000000  c_w.l(libshutdown.o)
    0x080001ea   0x00000000   Code   RO          867    .ARM.Collect$$libshutdown$$00000003  c_w.l(libshutdown2.o)
    0x080001ea   0x00000000   Code   RO          870    .ARM.Collect$$libshutdown$$00000006  c_w.l(libshutdown2.o)
    0x080001ea   0x00000000   Code   RO          873    .ARM.Collect$$libshutdown$$00000009  c_w.l(libshutdown2.o)
    0x080001ea   0x00000000   Code   RO          875    .ARM.Collect$$libshutdown$$0000000B  c_w.l(libshutdown2.o)
    0x080001ea   0x00000000   Code   RO          878    .ARM.Collect$$libshutdown$$0000000E  c_w.l(libshutdown2.o)
    0x080001ea   0x00000002   Code   RO          879    .ARM.Collect$$libshutdown$$0000000F  c_w.l(libshutdown2.o)
    0x080001ec   0x00000000   Code   RO          742    .ARM.Collect$$rtentry$$00000000  c_w.l(__rtentry.o)
    0x080001ec   0x00000000   Code   RO          757    .ARM.Collect$$rtentry$$00000002  c_w.l(__rtentry2.o)
    0x080001ec   0x00000006   Code   RO          769    .ARM.Collect$$rtentry$$00000004  c_w.l(__rtentry4.o)
    0x080001f2   0x00000000   Code   RO          759    .ARM.Collect$$rtentry$$00000009  c_w.l(__rtentry2.o)
    0x080001f2   0x00000004   Code   RO          760    .ARM.Collect$$rtentry$$0000000A  c_w.l(__rtentry2.o)
    0x080001f6   0x00000000   Code   RO          762    .ARM.Collect$$rtentry$$0000000C  c_w.l(__rtentry2.o)
    0x080001f6   0x00000008   Code   RO          763    .ARM.Collect$$rtentry$$0000000D  c_w.l(__rtentry2.o)
    0x080001fe   0x00000002   Code   RO          792    .ARM.Collect$$rtexit$$00000000  c_w.l(rtexit.o)
    0x08000200   0x00000000   Code   RO          840    .ARM.Collect$$rtexit$$00000002  c_w.l(rtexit2.o)
    0x08000200   0x00000004   Code   RO          841    .ARM.Collect$$rtexit$$00000003  c_w.l(rtexit2.o)
    0x08000204   0x00000006   Code   RO          842    .ARM.Collect$$rtexit$$00000004  c_w.l(rtexit2.o)
    0x0800020a   0x00000002   PAD
    0x0800020c   0x00000108   Code   RO            1    .text               main.o
    0x08000314   0x0000016c   Code   RO          119    .text               stm32f10x_it.o
    0x08000480   0x000001e0   Code   RO          170    .text               system_stm32f10x.o
    0x08000660   0x00000040   Code   RO          202    .text               startup_stm32f10x_hd.o
    0x080006a0   0x000000dc   Code   RO          206    .text               misc.o
    0x0800077c   0x000009f0   Code   RO          248    .text               stm32f10x_can.o
    0x0800116c   0x0000035c   Code   RO          374    .text               stm32f10x_gpio.o
    0x080014c8   0x000003a4   Code   RO          425    .text               stm32f10x_rcc.o
    0x0800186c   0x0000030c   Code   RO          469    .text               stm32f10x_spi.o
    0x08001b78   0x00000e1a   Code   RO          481    .text               stm32f10x_tim.o
    0x08002992   0x00000002   PAD
    0x08002994   0x00000408   Code   RO          493    .text               stm32f10x_usart.o
    0x08002d9c   0x00000230   Code   RO          520    .text               can.o
    0x08002fcc   0x000000d4   Code   RO          543    .text               delay.o
    0x080030a0   0x0000000c   Code   RO          557    .text               sys.o
    0x080030ac   0x00000150   Code   RO          569    .text               usart.o
    0x080031fc   0x00000034   Code   RO          592    .text               led.o
    0x08003230   0x00000128   Code   RO          604    .text               pwm.o
    0x08003358   0x00000244   Code   RO          619    .text               encooder.o
    0x0800359c   0x00000610   Code   RO          631    .text               pid.o
    0x08003bac   0x00000318   Code   RO          647    .text               24l01.o
    0x08003ec4   0x00000104   Code   RO          662    .text               spi.o
    0x08003fc8   0x00000210   Code   RO          674    .text               steer.o
    0x080041d8   0x00000002   Code   RO          692    .text               c_w.l(use_no_semi_2.o)
    0x080041da   0x00000002   PAD
    0x080041dc   0x00000018   Code   RO          696    .text               c_w.l(noretval__2printf.o)
    0x080041f4   0x00000006   Code   RO          698    .text               c_w.l(heapauxi.o)
    0x080041fa   0x00000002   Code   RO          740    .text               c_w.l(use_no_semi.o)
    0x080041fc   0x00000024   Code   RO          743    .text               c_w.l(_printf_char_file.o)
    0x08004220   0x00000030   Code   RO          771    .text               c_w.l(_printf_char_common.o)
    0x08004250   0x00000008   Code   RO          773    .text               c_w.l(ferror.o)
    0x08004258   0x0000004a   Code   RO          777    .text               c_w.l(sys_stackheap_outer.o)
    0x080042a2   0x00000028   Code   RO          779    .text               c_w.l(__printf_nopercent.o)
    0x080042ca   0x0000000c   Code   RO          781    .text               c_w.l(exit.o)
    0x080042d6   0x00000002   PAD
    0x080042d8   0x00000008   Code   RO          789    .text               c_w.l(libspace.o)
    0x080042e0   0x00000062   Code   RO          702    x$fpl$d2f           fz_ws.l(d2f.o)
    0x08004342   0x00000002   PAD
    0x08004344   0x00000150   Code   RO          704    x$fpl$dadd          fz_ws.l(daddsub_clz.o)
    0x08004494   0x00000018   Code   RO          745    x$fpl$dcmpinf       fz_ws.l(dcmpi.o)
    0x080044ac   0x000002b0   Code   RO          711    x$fpl$ddiv          fz_ws.l(ddiv.o)
    0x0800475c   0x00000078   Code   RO          714    x$fpl$deqf          fz_ws.l(deqf.o)
    0x080047d4   0x0000005e   Code   RO          716    x$fpl$dfix          fz_ws.l(dfix.o)
    0x08004832   0x00000002   PAD
    0x08004834   0x0000005a   Code   RO          720    x$fpl$dfixu         fz_ws.l(dfixu.o)
    0x0800488e   0x0000002e   Code   RO          725    x$fpl$dflt          fz_ws.l(dflt_clz.o)
    0x080048bc   0x00000026   Code   RO          724    x$fpl$dfltu         fz_ws.l(dflt_clz.o)
    0x080048e2   0x00000002   PAD
    0x080048e4   0x00000078   Code   RO          730    x$fpl$dleqf         fz_ws.l(dleqf.o)
    0x0800495c   0x00000154   Code   RO          732    x$fpl$dmul          fz_ws.l(dmul.o)
    0x08004ab0   0x0000009c   Code   RO          747    x$fpl$dnaninf       fz_ws.l(dnaninf.o)
    0x08004b4c   0x0000000c   Code   RO          749    x$fpl$dretinf       fz_ws.l(dretinf.o)
    0x08004b58   0x0000006c   Code   RO          734    x$fpl$drleqf        fz_ws.l(drleqf.o)
    0x08004bc4   0x00000016   Code   RO          705    x$fpl$drsb          fz_ws.l(daddsub_clz.o)
    0x08004bda   0x00000002   PAD
    0x08004bdc   0x000001d4   Code   RO          706    x$fpl$dsub          fz_ws.l(daddsub_clz.o)
    0x08004db0   0x00000056   Code   RO          736    x$fpl$f2d           fz_ws.l(f2d.o)
    0x08004e06   0x00000002   PAD
    0x08004e08   0x00000102   Code   RO          738    x$fpl$fmul          fz_ws.l(fmul.o)
    0x08004f0a   0x0000008c   Code   RO          751    x$fpl$fnaninf       fz_ws.l(fnaninf.o)
    0x08004f96   0x0000000a   Code   RO          753    x$fpl$fretinf       fz_ws.l(fretinf.o)
    0x08004fa0   0x00000000   Code   RO          755    x$fpl$usenofp       fz_ws.l(usenofp.o)
    0x08004fa0   0x0000000a   Data   RO          648    .constdata          24l01.o
    0x08004faa   0x00000002   PAD
    0x08004fac   0x00000020   Data   RO          911    Region$$Table       anon$$obj.o


    Execution Region RW_IRAM1 (Base: 0x20000000, Size: 0x00000a70, Max: 0x0000c000, ABSOLUTE, COMPRESSED[0x0000003c])

    Base Addr    Size         Type   Attr      Idx    E Section Name        Object

    0x20000000   0x00000036   Data   RW            3    .data               main.o
    0x20000036   0x00000002   PAD
    0x20000038   0x00000004   Data   RW          121    .data               stm32f10x_it.o
    0x2000003c   0x00000014   Data   RW          171    .data               system_stm32f10x.o
    0x20000050   0x00000014   Data   RW          426    .data               stm32f10x_rcc.o
    0x20000064   0x00000004   Data   RW          544    .data               delay.o
    0x20000068   0x00000006   Data   RW          571    .data               usart.o
    0x2000006e   0x00000002   PAD
    0x20000070   0x00000104   Data   RW          632    .data               pid.o
    0x20000174   0x00000004   PAD
    0x20000178   0x00000058   Data   RW          675    .data               steer.o
    0x200001d0   0x0000009e   Zero   RW            2    .bss                main.o
    0x2000026e   0x00000002   PAD
    0x20000270   0x00000060   Zero   RW          120    .bss                stm32f10x_it.o
    0x200002d0   0x00000038   Zero   RW          521    .bss                can.o
    0x20000308   0x000000c8   Zero   RW          570    .bss                usart.o
    0x200003d0   0x00000040   Zero   RW          605    .bss                pwm.o
    0x20000410   0x00000060   Zero   RW          790    .bss                c_w.l(libspace.o)
    0x20000470   0x00000200   Zero   RW          200    HEAP                startup_stm32f10x_hd.o
    0x20000670   0x00000400   Zero   RW          199    STACK               startup_stm32f10x_hd.o


==============================================================================

Image component sizes


      Code (inc. data)   RO Data    RW Data    ZI Data      Debug   Object Name

       792         46         10          0          0       3723   24l01.o
       560         34          0          0         56       2888   can.o
         0          0          0          0          0         32   core_cm3.o
       212         18          0          4          0        991   delay.o
       580         26          0          0          0       1579   encooder.o
        52          6          0          0          0        467   led.o
       264         40          0         54        158     270507   main.o
       220         22          0          0          0       1777   misc.o
      1552        100          0        260          0       2384   pid.o
       296         12          0          0         64       1782   pwm.o
       260         10          0          0          0       1085   spi.o
        64         26        304          0       1536        788   startup_stm32f10x_hd.o
       528         54          0         88          0       2029   steer.o
      2544         38          0          0          0       7828   stm32f10x_can.o
       860         38          0          0          0       5621   stm32f10x_gpio.o
       364         46          0          4         96     205837   stm32f10x_it.o
       932         36          0         20          0       8776   stm32f10x_rcc.o
       780         14          0          0          0       6502   stm32f10x_spi.o
      3610         88          0          0          0      22104   stm32f10x_tim.o
      1032         22          0          0          0       8344   stm32f10x_usart.o
        12          0          0          0          0        437   sys.o
       480         38          0         20          0       1703   system_stm32f10x.o
       336         16          0          6        200       3162   usart.o

    ----------------------------------------------------------------------
     16332        730        348        464       2112     560346   Object Totals
         0          0         32          0          0          0   (incl. Generated)
         2          0          2          8          2          0   (incl. Padding)

    ----------------------------------------------------------------------

      Code (inc. data)   RO Data    RW Data    ZI Data      Debug   Library Member Name

        90          0          0          0          0          0   __dczerorl2.o
         8          0          0          0          0         68   __main.o
        40          0          0          0          0         84   __printf_nopercent.o
         0          0          0          0          0          0   __rtentry.o
        12          0          0          0          0          0   __rtentry2.o
         6          0          0          0          0          0   __rtentry4.o
        52          8          0          0          0          0   __scatter.o
        28          0          0          0          0          0   __scatter_zi.o
        48          6          0          0          0         96   _printf_char_common.o
        36          4          0          0          0         80   _printf_char_file.o
        12          0          0          0          0         72   exit.o
         8          0          0          0          0         68   ferror.o
         6          0          0          0          0        152   heapauxi.o
         2          0          0          0          0          0   libinit.o
         2          0          0          0          0          0   libinit2.o
         2          0          0          0          0          0   libshutdown.o
         2          0          0          0          0          0   libshutdown2.o
         8          4          0          0         96         68   libspace.o
        24          4          0          0          0         84   noretval__2printf.o
         2          0          0          0          0          0   rtexit.o
        10          0          0          0          0          0   rtexit2.o
        74          0          0          0          0         80   sys_stackheap_outer.o
         2          0          0          0          0         68   use_no_semi.o
         2          0          0          0          0         68   use_no_semi_2.o
        98          4          0          0          0         92   d2f.o
       826         16          0          0          0        348   daddsub_clz.o
        24          0          0          0          0         68   dcmpi.o
       688        140          0          0          0        208   ddiv.o
       120          4          0          0          0         92   deqf.o
        94          4          0          0          0         92   dfix.o
        90          4          0          0          0         92   dfixu.o
        84          0          0          0          0        136   dflt_clz.o
       120          4          0          0          0         92   dleqf.o
       340         12          0          0          0        104   dmul.o
       156          4          0          0          0         92   dnaninf.o
        12          0          0          0          0         68   dretinf.o
       108          0          0          0          0         80   drleqf.o
        86          4          0          0          0         84   f2d.o
       258          4          0          0          0         84   fmul.o
       140          4          0          0          0         84   fnaninf.o
        10          0          0          0          0         68   fretinf.o
         0          0          0          0          0          0   usenofp.o

    ----------------------------------------------------------------------
      3748        230          0          0         96       2872   Library Totals
        18          0          0          0          0          0   (incl. Padding)

    ----------------------------------------------------------------------

      Code (inc. data)   RO Data    RW Data    ZI Data      Debug   Library Name

       476         26          0          0         96        988   c_w.l
      3254        204          0          0          0       1884   fz_ws.l

    ----------------------------------------------------------------------
      3748        230          0          0         96       2872   Library Totals

    ----------------------------------------------------------------------

==============================================================================


      Code (inc. data)   RO Data    RW Data    ZI Data      Debug   

     20080        960        348        464       2208     560094   Grand Totals
     20080        960        348         60       2208     560094   ELF Image Totals (compressed)
     20080        960        348         60          0          0   ROM Totals

==============================================================================

    Total RO  Size (Code + RO Data)                20428 (  19.95kB)
    Total RW  Size (RW Data + ZI Data)              2672 (   2.61kB)
    Total ROM Size (Code + RO Data + RW Data)      20488 (  20.01kB)

==============================================================================

