Component: ARM Compiler 5.05 update 1 (build 106) Tool: armlink [4d0efa]

==============================================================================

Section Cross References

    main.o(.text) refers to _printf_percent.o(.ARM.Collect$$_printf_percent$$00000000) for _printf_percent
    main.o(.text) refers to _printf_f.o(.ARM.Collect$$_printf_percent$$00000003) for _printf_f
    main.o(.text) refers to printf1.o(x$fpl$printf1) for _printf_fp_dec
    main.o(.text) refers to delay.o(.text) for delay_init
    main.o(.text) refers to sys.o(.text) for NVIC_Configuration
    main.o(.text) refers to usart3.o(.text) for uart3_init
    main.o(.text) refers to led.o(.text) for IO_Init
    main.o(.text) refers to stm32f10x_gpio.o(.text) for GPIO_SetBits
    main.o(.text) refers to stm32f10x_rcc.o(.text) for RCC_APB2PeriphClockCmd
    main.o(.text) refers to stm32f10x_usart.o(.text) for USART_SendData
    main.o(.text) refers to usart.o(.text) for uart2_init
    main.o(.text) refers to usart1.o(.text) for uart_init
    main.o(.text) refers to myiic.o(.text) for IIC_Init
    main.o(.text) refers to mpu6050.o(.text) for InitMPU6050
    main.o(.text) refers to dflt_clz.o(x$fpl$dflt) for __aeabi_i2d
    main.o(.text) refers to ddiv.o(x$fpl$ddiv) for __aeabi_ddiv
    main.o(.text) refers to daddsub_clz.o(x$fpl$dadd) for __aeabi_dadd
    main.o(.text) refers to timer.o(.text) for TIM3_Int_Init
    main.o(.text) refers to f2d.o(x$fpl$f2d) for __aeabi_f2d
    main.o(.text) refers to noretval__2printf.o(.text) for __2printf
    main.o(.text) refers to dmul.o(x$fpl$dmul) for __aeabi_dmul
    main.o(.text) refers to dfix.o(x$fpl$dfix) for __aeabi_d2iz
    main.o(.text) refers to stm32f10x_tim.o(.text) for TIM_GetITStatus
    main.o(.text) refers to suanfa.o(.text) for suanfa
    main.o(.text) refers to main.o(.constdata) for num_1
    main.o(.text) refers to main.o(.data) for errorax
    main.o(.text) refers to mpu6050.o(.bss) for Gyro_correct
    system_stm32f10x.o(.text) refers to system_stm32f10x.o(.data) for SystemCoreClock
    led.o(.text) refers to stm32f10x_rcc.o(.text) for RCC_APB2PeriphClockCmd
    led.o(.text) refers to stm32f10x_gpio.o(.text) for GPIO_Init
    key.o(.text) refers to stm32f10x_rcc.o(.text) for RCC_APB2PeriphClockCmd
    key.o(.text) refers to stm32f10x_gpio.o(.text) for GPIO_Init
    key.o(.text) refers to delay.o(.text) for delay_ms
    key.o(.text) refers to key.o(.data) for key_up
    myiic.o(.text) refers to delay.o(.text) for delay_us
    myiic.o(.text) refers to stm32f10x_rcc.o(.text) for RCC_APB2PeriphClockCmd
    myiic.o(.text) refers to stm32f10x_gpio.o(.text) for GPIO_Init
    mpu6050.o(.text) refers to myiic.o(.text) for IIC_WriteOneByte
    mpu6050.o(.text) refers to dflt_clz.o(x$fpl$dflt) for __aeabi_i2d
    mpu6050.o(.text) refers to d2f.o(x$fpl$d2f) for __aeabi_d2f
    mpu6050.o(.text) refers to ddiv.o(x$fpl$ddiv) for __aeabi_ddiv
    mpu6050.o(.text) refers to daddsub_clz.o(x$fpl$dsub) for __aeabi_dsub
    mpu6050.o(.text) refers to mpu6050.o(.data) for Acc_correct
    mpu6050.o(.text) refers to mpu6050.o(.bss) for acc
    timer.o(.text) refers to stm32f10x_rcc.o(.text) for RCC_APB1PeriphClockCmd
    timer.o(.text) refers to stm32f10x_tim.o(.text) for TIM_TimeBaseInit
    timer.o(.text) refers to misc.o(.text) for NVIC_Init
    timer.o(.text) refers to fflt_clz.o(x$fpl$ffltu) for __aeabi_ui2f
    timer.o(.text) refers to fmul.o(x$fpl$fmul) for __aeabi_fmul
    timer.o(.text) refers to timer.o(.data) for now
    suanfa.o(.text) refers to fmul.o(x$fpl$fmul) for __aeabi_fmul
    suanfa.o(.text) refers to faddsub_clz.o(x$fpl$frsb) for __aeabi_frsub
    suanfa.o(.text) refers to f2d.o(x$fpl$f2d) for __aeabi_f2d
    suanfa.o(.text) refers to dmul.o(x$fpl$dmul) for __aeabi_dmul
    suanfa.o(.text) refers to ddiv.o(x$fpl$ddiv) for __aeabi_ddiv
    suanfa.o(.text) refers to d2f.o(x$fpl$d2f) for __aeabi_d2f
    suanfa.o(.text) refers to faddsub_clz.o(x$fpl$fadd) for __aeabi_fadd
    suanfa.o(.text) refers to feqf.o(x$fpl$feqf) for __aeabi_cfcmpeq
    suanfa.o(.text) refers to noretval__2printf.o(.text) for __2printf
    suanfa.o(.text) refers to faddsub_clz.o(x$fpl$fsub) for __aeabi_fsub
    suanfa.o(.text) refers to timer.o(.text) for GET_NOWTIME
    suanfa.o(.text) refers to suanfa.o(.data) for q0
    suanfa.o(.text) refers to atan2.o(i.atan2) for atan2
    suanfa.o(.text) refers to asin.o(i.asin) for asin
    suanfa.o(.text) refers to mpu6050.o(.text) for Data_Pare
    suanfa.o(.text) refers to mpu6050.o(.bss) for EA
    delay.o(.text) refers to misc.o(.text) for SysTick_CLKSourceConfig
    delay.o(.text) refers to system_stm32f10x.o(.data) for SystemCoreClock
    delay.o(.text) refers to delay.o(.data) for fac_us
    sys.o(.text) refers to misc.o(.text) for NVIC_PriorityGroupConfig
    usart3.o(.text) refers to stm32f10x_rcc.o(.text) for RCC_APB2PeriphClockCmd
    usart3.o(.text) refers to stm32f10x_usart.o(.text) for USART_DeInit
[...]
    .ARM.Collect$$libinit$$0000002C          0x080001c0   Section        0  libinit2.o(.ARM.Collect$$libinit$$0000002C)
    .ARM.Collect$$libinit$$0000002E          0x080001c0   Section        0  libinit2.o(.ARM.Collect$$libinit$$0000002E)
    .ARM.Collect$$libinit$$00000030          0x080001c0   Section        0  libinit2.o(.ARM.Collect$$libinit$$00000030)
    .ARM.Collect$$libinit$$00000032          0x080001c0   Section        0  libinit2.o(.ARM.Collect$$libinit$$00000032)
    .ARM.Collect$$libinit$$00000033          0x080001c0   Section        2  libinit2.o(.ARM.Collect$$libinit$$00000033)
    .ARM.Collect$$libshutdown$$00000000      0x080001c2   Section        2  libshutdown.o(.ARM.Collect$$libshutdown$$00000000)
    .ARM.Collect$$libshutdown$$00000003      0x080001c4   Section        0  libshutdown2.o(.ARM.Collect$$libshutdown$$00000003)
    .ARM.Collect$$libshutdown$$00000006      0x080001c4   Section        0  libshutdown2.o(.ARM.Collect$$libshutdown$$00000006)
    .ARM.Collect$$libshutdown$$00000009      0x080001c4   Section        0  libshutdown2.o(.ARM.Collect$$libshutdown$$00000009)
    .ARM.Collect$$libshutdown$$0000000B      0x080001c4   Section        0  libshutdown2.o(.ARM.Collect$$libshutdown$$0000000B)
    .ARM.Collect$$libshutdown$$0000000E      0x080001c4   Section        0  libshutdown2.o(.ARM.Collect$$libshutdown$$0000000E)
    .ARM.Collect$$libshutdown$$0000000F      0x080001c4   Section        2  libshutdown2.o(.ARM.Collect$$libshutdown$$0000000F)
    .ARM.Collect$$rtentry$$00000000          0x080001c6   Section        0  __rtentry.o(.ARM.Collect$$rtentry$$00000000)
    .ARM.Collect$$rtentry$$00000002          0x080001c6   Section        0  __rtentry2.o(.ARM.Collect$$rtentry$$00000002)
    .ARM.Collect$$rtentry$$00000004          0x080001c6   Section        6  __rtentry4.o(.ARM.Collect$$rtentry$$00000004)
    .ARM.Collect$$rtentry$$00000009          0x080001cc   Section        0  __rtentry2.o(.ARM.Collect$$rtentry$$00000009)
    .ARM.Collect$$rtentry$$0000000A          0x080001cc   Section        4  __rtentry2.o(.ARM.Collect$$rtentry$$0000000A)
    .ARM.Collect$$rtentry$$0000000C          0x080001d0   Section        0  __rtentry2.o(.ARM.Collect$$rtentry$$0000000C)
    .ARM.Collect$$rtentry$$0000000D          0x080001d0   Section        8  __rtentry2.o(.ARM.Collect$$rtentry$$0000000D)
    .ARM.Collect$$rtexit$$00000000           0x080001d8   Section        2  rtexit.o(.ARM.Collect$$rtexit$$00000000)
    .ARM.Collect$$rtexit$$00000002           0x080001da   Section        0  rtexit2.o(.ARM.Collect$$rtexit$$00000002)
    .ARM.Collect$$rtexit$$00000003           0x080001da   Section        4  rtexit2.o(.ARM.Collect$$rtexit$$00000003)
    .ARM.Collect$$rtexit$$00000004           0x080001de   Section        6  rtexit2.o(.ARM.Collect$$rtexit$$00000004)
    .text                                    0x080001e4   Section        0  main.o(.text)
    .text                                    0x08000684   Section        0  stm32f10x_it.o(.text)
    .text                                    0x080006a0   Section        0  system_stm32f10x.o(.text)
    SetSysClockTo72                          0x080006a1   Thumb Code   214  system_stm32f10x.o(.text)
    SetSysClock                              0x08000777   Thumb Code     8  system_stm32f10x.o(.text)
    .text                                    0x08000880   Section        0  led.o(.text)
    .text                                    0x080008c0   Section        0  myiic.o(.text)
    .text                                    0x08000cc4   Section        0  mpu6050.o(.text)
    .text                                    0x08000eb8   Section        0  timer.o(.text)
    .text                                    0x08000fcc   Section        0  suanfa.o(.text)
    .text                                    0x080016ac   Section        0  delay.o(.text)
    .text                                    0x08001780   Section        0  sys.o(.text)
    .text                                    0x0800178c   Section        0  usart3.o(.text)
    .text                                    0x08001880   Section        0  usart.o(.text)
    .text                                    0x080019ac   Section        0  usart1.o(.text)
    .text                                    0x08001af8   Section       64  startup_stm32f10x_hd.o(.text)
    .text                                    0x08001b38   Section        0  misc.o(.text)
    .text                                    0x08001c14   Section        0  stm32f10x_gpio.o(.text)
    .text                                    0x08001f70   Section        0  stm32f10x_rcc.o(.text)
    .text                                    0x08002314   Section        0  stm32f10x_usart.o(.text)
    .text                                    0x0800271c   Section        0  stm32f10x_tim.o(.text)
    TI4_Config                               0x08002bc3   Thumb Code   130  stm32f10x_tim.o(.text)
    TI3_Config                               0x08002c57   Thumb Code   122  stm32f10x_tim.o(.text)
    TI2_Config                               0x08002ceb   Thumb Code   130  stm32f10x_tim.o(.text)
    TI1_Config                               0x08002d7f   Thumb Code   108  stm32f10x_tim.o(.text)
    .text                                    0x08003536   Section        2  use_no_semi_2.o(.text)
    .text                                    0x08003538   Section        0  noretval__2printf.o(.text)
    .text                                    0x08003550   Section        0  __printf_wp.o(.text)
    .text                                    0x0800365e   Section        0  heapauxi.o(.text)
    .text                                    0x08003664   Section        2  use_no_semi.o(.text)
    .text                                    0x08003666   Section        0  _rserrno.o(.text)
    .text                                    0x0800367c   Section        0  _printf_fp_dec.o(.text)
    _fp_digits                               0x0800367f   Thumb Code   428  _printf_fp_dec.o(.text)
    .text                                    0x08003a98   Section        0  _printf_char_file.o(.text)
    .text                                    0x08003abc   Section        8  rt_locale_intlibspace.o(.text)
    .text                                    0x08003ac4   Section        8  rt_errno_addr_intlibspace.o(.text)
    .text                                    0x08003acc   Section      138  lludiv10.o(.text)
    .text                                    0x08003b58   Section        0  _printf_char_common.o(.text)
    _printf_input_char                       0x08003b59   Thumb Code    10  _printf_char_common.o(.text)
    .text                                    0x08003b88   Section        0  _printf_fp_infnan.o(.text)
    .text                                    0x08003c08   Section        0  bigflt0.o(.text)
    .text                                    0x08003ce4   Section        0  ferror.o(.text)
    .text                                    0x08003cec   Section        8  libspace.o(.text)
    .text                                    0x08003cf4   Section       74  sys_stackheap_outer.o(.text)
    .text                                    0x08003d3e   Section        0  exit.o(.text)
    .text                                    0x08003d4c   Section      128  strcmpv7m.o(.text)
    CL$$btod_d2e                             0x08003dcc   Section       62  btod.o(CL$$btod_d2e)
    CL$$btod_d2e_denorm_low                  0x08003e0a   Section       70  btod.o(CL$$btod_d2e_denorm_low)
    CL$$btod_d2e_norm_op1                    0x08003e50   Section       96  btod.o(CL$$btod_d2e_norm_op1)
    CL$$btod_div_common                      0x08003eb0   Section      824  btod.o(CL$$btod_div_common)
    CL$$btod_e2e                             0x080041e8   Section      198  btod.o(CL$$btod_e2e)
    CL$$btod_ediv                            0x080042ae   Section       40  btod.o(CL$$btod_ediv)
    CL$$btod_emul                            0x080042d6   Section       40  btod.o(CL$$btod_emul)
    CL$$btod_mult_common                     0x080042fe   Section      580  btod.o(CL$$btod_mult_common)
    i.__ARM_fpclassify                       0x08004542   Section        0  fpclassify.o(i.__ARM_fpclassify)
    i.__kernel_poly                          0x0800456a   Section        0  poly.o(i.__kernel_poly)
    i.__mathlib_dbl_infnan                   0x08004614   Section        0  dunder.o(i.__mathlib_dbl_infnan)
    i.__mathlib_dbl_infnan2                  0x0800461a   Section        0  dunder.o(i.__mathlib_dbl_infnan2)
    i.__mathlib_dbl_invalid                  0x0800461e   Section        0  dunder.o(i.__mathlib_dbl_invalid)
    i.__mathlib_dbl_underflow                0x0800462c   Section        0  dunder.o(i.__mathlib_dbl_underflow)
    i._is_digit                              0x0800463c   Section        0  __printf_wp.o(i._is_digit)
    i.asin                                   0x0800464c   Section        0  asin.o(i.asin)
    i.atan                                   0x080048bc   Section        0  atan.o(i.atan)
    i.atan2                                  0x08004adc   Section        0  atan2.o(i.atan2)
    i.sqrt                                   0x08004c5c   Section        0  sqrt.o(i.sqrt)
    locale$$code                             0x08004ca8   Section       44  lc_numeric_c.o(locale$$code)
    x$fpl$d2f                                0x08004cd4   Section       98  d2f.o(x$fpl$d2f)
    x$fpl$dadd                               0x08004d38   Section      336  daddsub_clz.o(x$fpl$dadd)
    _dadd1                                   0x08004d49   Thumb Code     0  daddsub_clz.o(x$fpl$dadd)
    x$fpl$dcheck1                            0x08004e88   Section       16  dcheck1.o(x$fpl$dcheck1)
    x$fpl$ddiv                               0x08004e98   Section      688  ddiv.o(x$fpl$ddiv)
    ddiv_entry                               0x08004e9f   Thumb Code     0  ddiv.o(x$fpl$ddiv)
    x$fpl$dfix                               0x08005148   Section       94  dfix.o(x$fpl$dfix)
    x$fpl$dflt                               0x080051a6   Section       46  dflt_clz.o(x$fpl$dflt)
    x$fpl$dmul                               0x080051d4   Section      340  dmul.o(x$fpl$dmul)
    x$fpl$dnaninf                            0x08005328   Section      156  dnaninf.o(x$fpl$dnaninf)
    x$fpl$dretinf                            0x080053c4   Section       12  dretinf.o(x$fpl$dretinf)
    x$fpl$drsb                               0x080053d0   Section       22  daddsub_clz.o(x$fpl$drsb)
    x$fpl$dsqrt                              0x080053e8   Section      460  dsqrt_noumaal.o(x$fpl$dsqrt)
    x$fpl$dsub                               0x080055b4   Section      468  daddsub_clz.o(x$fpl$dsub)
    _dsub1                                   0x080055c5   Thumb Code     0  daddsub_clz.o(x$fpl$dsub)
    x$fpl$f2d                                0x08005788   Section       86  f2d.o(x$fpl$f2d)
    x$fpl$fadd                               0x080057e0   Section      196  faddsub_clz.o(x$fpl$fadd)
    _fadd1                                   0x080057ef   Thumb Code     0  faddsub_clz.o(x$fpl$fadd)
    x$fpl$fcmpinf                            0x080058a4   Section       24  fcmpi.o(x$fpl$fcmpinf)
    x$fpl$feqf                               0x080058bc   Section      104  feqf.o(x$fpl$feqf)
    x$fpl$ffltu                              0x08005924   Section       38  fflt_clz.o(x$fpl$ffltu)
    x$fpl$fmul                               0x0800594c   Section      258  fmul.o(x$fpl$fmul)
    x$fpl$fnaninf                            0x08005a4e   Section      140  fnaninf.o(x$fpl$fnaninf)
    x$fpl$fretinf                            0x08005ada   Section       10  fretinf.o(x$fpl$fretinf)
    x$fpl$frsb                               0x08005ae4   Section       20  faddsub_clz.o(x$fpl$frsb)
    x$fpl$fsub                               0x08005af8   Section      234  faddsub_clz.o(x$fpl$fsub)
    _fsub1                                   0x08005b07   Thumb Code     0  faddsub_clz.o(x$fpl$fsub)
    x$fpl$printf1                            0x08005be2   Section        4  printf1.o(x$fpl$printf1)
    x$fpl$retnan                             0x08005be6   Section      100  retnan.o(x$fpl$retnan)
    x$fpl$scalbn                             0x08005c4a   Section       92  scalbn.o(x$fpl$scalbn)
    x$fpl$trapveneer                         0x08005ca6   Section       48  trapv.o(x$fpl$trapveneer)
    .constdata                               0x08005cd6   Section       22  main.o(.constdata)
    x$fpl$usenofp                            0x08005cd6   Section        0  usenofp.o(x$fpl$usenofp)
    .constdata                               0x08005cf0   Section       80  asin.o(.constdata)
    pS                                       0x08005cf0   Data          48  asin.o(.constdata)
    qS                                       0x08005d20   Data          32  asin.o(.constdata)
    .constdata                               0x08005d40   Section      152  atan.o(.constdata)
    atanhi                                   0x08005d40   Data          32  atan.o(.constdata)
    atanlo                                   0x08005d60   Data          32  atan.o(.constdata)
    aTodd                                    0x08005d80   Data          40  atan.o(.constdata)
    aTeven                                   0x08005da8   Data          48  atan.o(.constdata)
    .constdata                               0x08005dd8   Section        8  qnan.o(.constdata)
    .constdata                               0x08005de0   Section      148  bigflt0.o(.constdata)
    tenpwrs_x                                0x08005de0   Data          60  bigflt0.o(.constdata)
    tenpwrs_i                                0x08005e1c   Data          64  bigflt0.o(.constdata)
    locale$$data                             0x08005e94   Section       28  lc_numeric_c.o(locale$$data)
    __lcnum_c_name                           0x08005e98   Data           2  lc_numeric_c.o(locale$$data)
    __lcnum_c_start                          0x08005ea0   Data           0  lc_numeric_c.o(locale$$data)
    __lcnum_c_point                          0x08005eac   Data           0  lc_numeric_c.o(locale$$data)
    __lcnum_c_thousands                      0x08005eae   Data           0  lc_numeric_c.o(locale$$data)
    __lcnum_c_grouping                       0x08005eaf   Data           0  lc_numeric_c.o(locale$$data)
    __lcnum_c_end                            0x08005eb0   Data           0  lc_numeric_c.o(locale$$data)
    .data                                    0x20000000   Section       77  main.o(.data)
    i                                        0x2000004c   Data           1  main.o(.data)
    .data                                    0x20000050   Section       20  system_stm32f10x.o(.data)
    .data                                    0x20000064   Section       26  mpu6050.o(.data)
    .data                                    0x20000080   Section        8  timer.o(.data)
    now                                      0x20000084   Data           4  timer.o(.data)
    .data                                    0x20000088   Section       80  suanfa.o(.data)
    .data                                    0x200000d8   Section        4  delay.o(.data)
    fac_us                                   0x200000d8   Data           1  delay.o(.data)
    fac_ms                                   0x200000da   Data           2  delay.o(.data)
    .data                                    0x200000dc   Section        2  usart3.o(.data)
    .data                                    0x200000de   Section        2  usart.o(.data)
    .data                                    0x200000e0   Section        6  usart1.o(.data)
    .data                                    0x200000e6   Section       20  stm32f10x_rcc.o(.data)
    APBAHBPrescTable                         0x200000e6   Data          16  stm32f10x_rcc.o(.data)
    ADCPrescTable                            0x200000f6   Data           4  stm32f10x_rcc.o(.data)
    .bss                                     0x20000100   Section       60  mpu6050.o(.bss)
    .bss                                     0x2000013c   Section      200  usart3.o(.bss)
    .bss                                     0x20000204   Section      200  usart.o(.bss)
    .bss                                     0x200002cc   Section      200  usart1.o(.bss)
    .bss                                     0x20000394   Section       96  libspace.o(.bss)
    HEAP                                     0x200003f8   Section      512  startup_stm32f10x_hd.o(HEAP)
    Heap_Mem                                 0x200003f8   Data         512  startup_stm32f10x_hd.o(HEAP)
    STACK                                    0x200005f8   Section     1024  startup_stm32f10x_hd.o(STACK)
    Stack_Mem                                0x200005f8   Data        1024  startup_stm32f10x_hd.o(STACK)
    __initial_sp                             0x200009f8   Data           0  startup_stm32f10x_hd.o(STACK)

    Global Symbols

    Symbol Name                              Value     Ov Type        Size  Object(Section)

    BuildAttributes$$THM_ISAv4$P$D$K$B$S$PE$A:L22UL41UL21$X:L11$S22US41US21$IEEE1$IW$USESV6$~STKCKD$USESV7$~SHL$OTIME$ROPI$IEEEX$EBA8$UX$STANDARDLIB$REQ8$PRES8$EABIv2 0x00000000   Number         0  anon$$obj.o ABSOLUTE
    __ARM_use_no_argv                        0x00000000   Number         0  main.o ABSOLUTE
    _printf_flags                            0x00000000   Number         0  printf_stubs.o ABSOLUTE
    _printf_return_value                     0x00000000   Number         0  printf_stubs.o ABSOLUTE
    _printf_sizespec                         0x00000000   Number         0  printf_stubs.o ABSOLUTE
    _printf_widthprec                        0x00000000   Number         0  printf_stubs.o ABSOLUTE
    __ARM_exceptions_init                     - Undefined Weak Reference
    __alloca_initialize                       - Undefined Weak Reference
    __arm_preinit_                            - Undefined Weak Reference
    __cpp_initialize__aeabi_                  - Undefined Weak Reference
    __cxa_finalize                            - Undefined Weak Reference
    __sigvec_lookup                           - Undefined Weak Reference
    _atexit_init                              - Undefined Weak Reference
    _call_atexit_fns                          - Undefined Weak Reference
    _clock_init                               - Undefined Weak Reference
    _fp_trap_init                             - Undefined Weak Reference
    _fp_trap_shutdown                         - Undefined Weak Reference
    _get_lc_collate                           - Undefined Weak Reference
    _get_lc_ctype                             - Undefined Weak Reference
    _get_lc_monetary                          - Undefined Weak Reference
    _get_lc_time                              - Undefined Weak Reference
    _getenv_init                              - Undefined Weak Reference
    _handle_redirection                       - Undefined Weak Reference
    _init_alloc                               - Undefined Weak Reference
    _init_user_alloc                          - Undefined Weak Reference
    _initio                                   - Undefined Weak Reference
    _mutex_acquire                            - Undefined Weak Reference
    _mutex_release                            - Undefined Weak Reference
    _printf_post_padding                      - Undefined Weak Reference
    _printf_pre_padding                       - Undefined Weak Reference
    _rand_init                                - Undefined Weak Reference
    _signal_finish                            - Undefined Weak Reference
    _signal_init                              - Undefined Weak Reference
    _terminate_alloc                          - Undefined Weak Reference
    _terminate_user_alloc                     - Undefined Weak Reference
    _terminateio                              - Undefined Weak Reference
    __Vectors_Size                           0x00000130   Number         0  startup_stm32f10x_hd.o ABSOLUTE
    __Vectors                                0x08000000   Data           4  startup_stm32f10x_hd.o(RESET)
    __Vectors_End                            0x08000130   Data           0  startup_stm32f10x_hd.o(RESET)
    __main                                   0x08000131   Thumb Code     8  __main.o(!!!main)
    __scatterload                            0x08000139   Thumb Code     0  __scatter.o(!!!scatter)
    __scatterload_rt2                        0x08000139   Thumb Code    44  __scatter.o(!!!scatter)
    __scatterload_rt2_thumb_only             0x08000139   Thumb Code     0  __scatter.o(!!!scatter)
    __scatterload_null                       0x08000147   Thumb Code     0  __scatter.o(!!!scatter)
    __scatterload_copy                       0x0800016d   Thumb Code    26  __scatter_copy.o(!!handler_copy)
    __scatterload_zeroinit                   0x08000189   Thumb Code    28  __scatter_zi.o(!!handler_zi)
    _printf_f                                0x080001a5   Thumb Code     0  _printf_f.o(.ARM.Collect$$_printf_percent$$00000003)
    _printf_percent                          0x080001a5   Thumb Code     0  _printf_percent.o(.ARM.Collect$$_printf_percent$$00000000)
    _printf_percent_end                      0x080001ab   Thumb Code     0  _printf_percent_end.o(.ARM.Collect$$_printf_percent$$00000017)
    __rt_lib_init                            0x080001af   Thumb Code     0  libinit.o(.ARM.Collect$$libinit$$00000000)
    __rt_lib_init_fp_1                       0x080001b1   Thumb Code     0  libinit2.o(.ARM.Collect$$libinit$$00000002)
    __rt_lib_init_heap_1                     0x080001b1   Thumb Code     0  libinit2.o(.ARM.Collect$$libinit$$0000000A)
    __rt_lib_init_lc_common                  0x080001b1   Thumb Code     0  libinit2.o(.ARM.Collect$$libinit$$0000000F)
    __rt_lib_init_preinit_1                  0x080001b1   Thumb Code     0  libinit2.o(.ARM.Collect$$libinit$$00000004)
    __rt_lib_init_rand_1                     0x080001b1   Thumb Code     0  libinit2.o(.ARM.Collect$$libinit$$0000000E)
    __rt_lib_init_user_alloc_1               0x080001b1   Thumb Code     0  libinit2.o(.ARM.Collect$$libinit$$0000000C)
    __rt_lib_init_lc_collate_1               0x080001b7   Thumb Code     0  libinit2.o(.ARM.Collect$$libinit$$00000011)
    __rt_lib_init_lc_ctype_1                 0x080001b7   Thumb Code     0  libinit2.o(.ARM.Collect$$libinit$$00000013)
    __rt_lib_init_lc_monetary_1              0x080001b7   Thumb Code     0  libinit2.o(.ARM.Collect$$libinit$$00000015)
    __rt_lib_init_lc_numeric_2               0x080001b7   Thumb Code     0  libinit2.o(.ARM.Collect$$libinit$$00000016)
    __rt_lib_init_alloca_1                   0x080001c1   Thumb Code     0  libinit2.o(.ARM.Collect$$libinit$$0000002E)
    __rt_lib_init_argv_1                     0x080001c1   Thumb Code     0  libinit2.o(.ARM.Collect$$libinit$$0000002C)
    __rt_lib_init_atexit_1                   0x080001c1   Thumb Code     0  libinit2.o(.ARM.Collect$$libinit$$0000001B)
    __rt_lib_init_clock_1                    0x080001c1   Thumb Code     0  libinit2.o(.ARM.Collect$$libinit$$00000021)
    __rt_lib_init_cpp_1                      0x080001c1   Thumb Code     0  libinit2.o(.ARM.Collect$$libinit$$00000032)
    __rt_lib_init_exceptions_1               0x080001c1   Thumb Code     0  libinit2.o(.ARM.Collect$$libinit$$00000030)
    __rt_lib_init_fp_trap_1                  0x080001c1   Thumb Code     0  libinit2.o(.ARM.Collect$$libinit$$0000001F)
    __rt_lib_init_getenv_1                   0x080001c1   Thumb Code     0  libinit2.o(.ARM.Collect$$libinit$$00000023)
    __rt_lib_init_lc_numeric_1               0x080001c1   Thumb Code     0  libinit2.o(.ARM.Collect$$libinit$$00000017)
    __rt_lib_init_lc_time_1                  0x080001c1   Thumb Code     0  libinit2.o(.ARM.Collect$$libinit$$00000019)
    __rt_lib_init_return                     0x080001c1   Thumb Code     0  libinit2.o(.ARM.Collect$$libinit$$00000033)
    __rt_lib_init_signal_1                   0x080001c1   Thumb Code     0  libinit2.o(.ARM.Collect$$libinit$$0000001D)
    __rt_lib_init_stdio_1                    0x080001c1   Thumb Code     0  libinit2.o(.ARM.Collect$$libinit$$00000025)
    __rt_lib_shutdown                        0x080001c3   Thumb Code     0  libshutdown.o(.ARM.Collect$$libshutdown$$00000000)
    __rt_lib_shutdown_fp_trap_1              0x080001c5   Thumb Code     0  libshutdown2.o(.ARM.Collect$$libshutdown$$00000006)
    __rt_lib_shutdown_heap_1                 0x080001c5   Thumb Code     0  libshutdown2.o(.ARM.Collect$$libshutdown$$0000000E)
    __rt_lib_shutdown_return                 0x080001c5   Thumb Code     0  libshutdown2.o(.ARM.Collect$$libshutdown$$0000000F)
    __rt_lib_shutdown_signal_1               0x080001c5   Thumb Code     0  libshutdown2.o(.ARM.Collect$$libshutdown$$00000009)
    __rt_lib_shutdown_stdio_1                0x080001c5   Thumb Code     0  libshutdown2.o(.ARM.Collect$$libshutdown$$00000003)
    __rt_lib_shutdown_user_alloc_1           0x080001c5   Thumb Code     0  libshutdown2.o(.ARM.Collect$$libshutdown$$0000000B)
    __rt_entry                               0x080001c7   Thumb Code     0  __rtentry.o(.ARM.Collect$$rtentry$$00000000)
    __rt_entry_presh_1                       0x080001c7   Thumb Code     0  __rtentry2.o(.ARM.Collect$$rtentry$$00000002)
    __rt_entry_sh                            0x080001c7   Thumb Code     0  __rtentry4.o(.ARM.Collect$$rtentry$$00000004)
    __rt_entry_li                            0x080001cd   Thumb Code     0  __rtentry2.o(.ARM.Collect$$rtentry$$0000000A)
    __rt_entry_postsh_1                      0x080001cd   Thumb Code     0  __rtentry2.o(.ARM.Collect$$rtentry$$00000009)
    __rt_entry_main                          0x080001d1   Thumb Code     0  __rtentry2.o(.ARM.Collect$$rtentry$$0000000D)
    __rt_entry_postli_1                      0x080001d1   Thumb Code     0  __rtentry2.o(.ARM.Collect$$rtentry$$0000000C)
    __rt_exit                                0x080001d9   Thumb Code     0  rtexit.o(.ARM.Collect$$rtexit$$00000000)
    __rt_exit_ls                             0x080001db   Thumb Code     0  rtexit2.o(.ARM.Collect$$rtexit$$00000003)
    __rt_exit_prels_1                        0x080001db   Thumb Code     0  rtexit2.o(.ARM.Collect$$rtexit$$00000002)
    __rt_exit_exit                           0x080001df   Thumb Code     0  rtexit2.o(.ARM.Collect$$rtexit$$00000004)
    Goto_Origin                              0x080001e5   Thumb Code     2  main.o(.text)
    main                                     0x080001e7   Thumb Code   878  main.o(.text)
    TIM3_IRQHandler                          0x08000555   Thumb Code   298  main.o(.text)
    NMI_Handler                              0x08000685   Thumb Code     2  stm32f10x_it.o(.text)
    HardFault_Handler                        0x08000687   Thumb Code     4  stm32f10x_it.o(.text)
    MemManage_Handler                        0x0800068b   Thumb Code     4  stm32f10x_it.o(.text)
    BusFault_Handler                         0x0800068f   Thumb Code     4  stm32f10x_it.o(.text)
    UsageFault_Handler                       0x08000693   Thumb Code     4  stm32f10x_it.o(.text)
    SVC_Handler                              0x08000697   Thumb Code     2  stm32f10x_it.o(.text)
    DebugMon_Handler                         0x08000699   Thumb Code     2  stm32f10x_it.o(.text)
    PendSV_Handler                           0x0800069b   Thumb Code     2  stm32f10x_it.o(.text)
    SysTick_Handler                          0x0800069d   Thumb Code     2  stm32f10x_it.o(.text)
    SystemInit                               0x0800077f   Thumb Code    78  system_stm32f10x.o(.text)
    SystemCoreClockUpdate                    0x080007cd   Thumb Code   142  system_stm32f10x.o(.text)
    IO_Init                                  0x08000881   Thumb Code    60  led.o(.text)
    IIC_Start                                0x080008c1   Thumb Code    64  myiic.o(.text)
    IIC_Stop                                 0x08000901   Thumb Code    66  myiic.o(.text)
    IIC_Wait_Ack                             0x08000943   Thumb Code    90  myiic.o(.text)
    IIC_Ack                                  0x0800099d   Thumb Code    70  myiic.o(.text)
    IIC_NAck                                 0x080009e3   Thumb Code    70  myiic.o(.text)
    IIC_Send_Byte                            0x08000a29   Thumb Code    92  myiic.o(.text)
    IIC_Read_Byte                            0x08000a85   Thumb Code   100  myiic.o(.text)
    IIC_Write_Buffer                         0x08000ae9   Thumb Code    94  myiic.o(.text)
    IIC_Write                                0x08000b47   Thumb Code    38  myiic.o(.text)
    IIC_Read_Buffer                          0x08000b6d   Thumb Code   116  myiic.o(.text)
    IIC_Read                                 0x08000be1   Thumb Code    38  myiic.o(.text)
    IIC_Read_Single                          0x08000c07   Thumb Code    62  myiic.o(.text)
    IIC_WriteOneByte                         0x08000c45   Thumb Code    60  myiic.o(.text)
    IIC_Init                                 0x08000c81   Thumb Code    68  myiic.o(.text)
    InitMPU6050                              0x08000cc5   Thumb Code    82  mpu6050.o(.text)
    MPU6050ReadID                            0x08000d17   Thumb Code    16  mpu6050.o(.text)
    CombineData                              0x08000d27   Thumb Code    44  mpu6050.o(.text)
    GetData                                  0x08000d53   Thumb Code    94  mpu6050.o(.text)
    Data_Trans                               0x08000db1   Thumb Code   214  mpu6050.o(.text)
    Data_Pare                                0x08000e87   Thumb Code    12  mpu6050.o(.text)
    TIM3_Int_Init                            0x08000eb9   Thumb Code    90  timer.o(.text)
    TIM2_Int_Init                            0x08000f13   Thumb Code    92  timer.o(.text)
    GET_NOWTIME                              0x08000f6f   Thumb Code    44  timer.o(.text)
    TIM2_IRQHandler                          0x08000f9b   Thumb Code    32  timer.o(.text)
    invSqrt                                  0x08000fcd   Thumb Code    72  suanfa.o(.text)
    IMU_init                                 0x08001015   Thumb Code    74  suanfa.o(.text)
    MPUpDate                                 0x0800105f   Thumb Code  1258  suanfa.o(.text)
    EularAngle_calculate                     0x08001549   Thumb Code   286  suanfa.o(.text)
    suanfa                                   0x08001667   Thumb Code    34  suanfa.o(.text)
    delay_init                               0x080016ad   Thumb Code    50  delay.o(.text)
    delay_us                                 0x080016df   Thumb Code    72  delay.o(.text)
    delay_ms                                 0x08001727   Thumb Code    72  delay.o(.text)
    NVIC_Configuration                       0x08001781   Thumb Code    12  sys.o(.text)
    uart3_init                               0x0800178d   Thumb Code   172  usart3.o(.text)
    USART3_IRQHandler                        0x08001839   Thumb Code    54  usart3.o(.text)
    uart2_init                               0x08001881   Thumb Code   160  usart.o(.text)
    USART2_IRQHandler                        0x08001921   Thumb Code   122  usart.o(.text)
    _sys_exit                                0x080019ad   Thumb Code     6  usart1.o(.text)
    fputc                                    0x080019b3   Thumb Code    24  usart1.o(.text)
    uart_init                                0x080019cb   Thumb Code   158  usart1.o(.text)
    USART1_IRQHandler                        0x08001a69   Thumb Code   122  usart1.o(.text)
    Reset_Handler                            0x08001af9   Thumb Code     8  startup_stm32f10x_hd.o(.text)
    ADC1_2_IRQHandler                        0x08001b13   Thumb Code     0  startup_stm32f10x_hd.o(.text)
    ADC3_IRQHandler                          0x08001b13   Thumb Code     0  startup_stm32f10x_hd.o(.text)
    CAN1_RX1_IRQHandler                      0x08001b13   Thumb Code     0  startup_stm32f10x_hd.o(.text)
    CAN1_SCE_IRQHandler                      0x08001b13   Thumb Code     0  startup_stm32f10x_hd.o(.text)
    DMA1_Channel1_IRQHandler                 0x08001b13   Thumb Code     0  startup_stm32f10x_hd.o(.text)
    DMA1_Channel2_IRQHandler                 0x08001b13   Thumb Code     0  startup_stm32f10x_hd.o(.text)
    DMA1_Channel3_IRQHandler                 0x08001b13   Thumb Code     0  startup_stm32f10x_hd.o(.text)
    DMA1_Channel4_IRQHandler                 0x08001b13   Thumb Code     0  startup_stm32f10x_hd.o(.text)
    DMA1_Channel5_IRQHandler                 0x08001b13   Thumb Code     0  startup_stm32f10x_hd.o(.text)
    DMA1_Channel6_IRQHandler                 0x08001b13   Thumb Code     0  startup_stm32f10x_hd.o(.text)
    DMA1_Channel7_IRQHandler                 0x08001b13   Thumb Code     0  startup_stm32f10x_hd.o(.text)
    DMA2_Channel1_IRQHandler                 0x08001b13   Thumb Code     0  startup_stm32f10x_hd.o(.text)
    DMA2_Channel2_IRQHandler                 0x08001b13   Thumb Code     0  startup_stm32f10x_hd.o(.text)
    DMA2_Channel3_IRQHandler                 0x08001b13   Thumb Code     0  startup_stm32f10x_hd.o(.text)
    DMA2_Channel4_5_IRQHandler               0x08001b13   Thumb Code     0  startup_stm32f10x_hd.o(.text)
    EXTI0_IRQHandler                         0x08001b13   Thumb Code     0  startup_stm32f10x_hd.o(.text)
    EXTI15_10_IRQHandler                     0x08001b13   Thumb Code     0  startup_stm32f10x_hd.o(.text)
    EXTI1_IRQHandler                         0x08001b13   Thumb Code     0  startup_stm32f10x_hd.o(.text)
    EXTI2_IRQHandler                         0x08001b13   Thumb Code     0  startup_stm32f10x_hd.o(.text)
    EXTI3_IRQHandler                         0x08001b13   Thumb Code     0  startup_stm32f10x_hd.o(.text)
    EXTI4_IRQHandler                         0x08001b13   Thumb Code     0  startup_stm32f10x_hd.o(.text)
    EXTI9_5_IRQHandler                       0x08001b13   Thumb Code     0  startup_stm32f10x_hd.o(.text)
    FLASH_IRQHandler                         0x08001b13   Thumb Code     0  startup_stm32f10x_hd.o(.text)
    FSMC_IRQHandler                          0x08001b13   Thumb Code     0  startup_stm32f10x_hd.o(.text)
    I2C1_ER_IRQHandler                       0x08001b13   Thumb Code     0  startup_stm32f10x_hd.o(.text)
    I2C1_EV_IRQHandler                       0x08001b13   Thumb Code     0  startup_stm32f10x_hd.o(.text)
    I2C2_ER_IRQHandler                       0x08001b13   Thumb Code     0  startup_stm32f10x_hd.o(.text)
    I2C2_EV_IRQHandler                       0x08001b13   Thumb Code     0  startup_stm32f10x_hd.o(.text)
    PVD_IRQHandler                           0x08001b13   Thumb Code     0  startup_stm32f10x_hd.o(.text)
    RCC_IRQHandler                           0x08001b13   Thumb Code     0  startup_stm32f10x_hd.o(.text)
    RTCAlarm_IRQHandler                      0x08001b13   Thumb Code     0  startup_stm32f10x_hd.o(.text)
    RTC_IRQHandler                           0x08001b13   Thumb Code     0  startup_stm32f10x_hd.o(.text)
    SDIO_IRQHandler                          0x08001b13   Thumb Code     0  startup_stm32f10x_hd.o(.text)
    SPI1_IRQHandler                          0x08001b13   Thumb Code     0  startup_stm32f10x_hd.o(.text)
    SPI2_IRQHandler                          0x08001b13   Thumb Code     0  startup_stm32f10x_hd.o(.text)
    SPI3_IRQHandler                          0x08001b13   Thumb Code     0  startup_stm32f10x_hd.o(.text)
    TAMPER_IRQHandler                        0x08001b13   Thumb Code     0  startup_stm32f10x_hd.o(.text)
    TIM1_BRK_IRQHandler                      0x08001b13   Thumb Code     0  startup_stm32f10x_hd.o(.text)
    TIM1_CC_IRQHandler                       0x08001b13   Thumb Code     0  startup_stm32f10x_hd.o(.text)
    TIM1_TRG_COM_IRQHandler                  0x08001b13   Thumb Code     0  startup_stm32f10x_hd.o(.text)
    TIM1_UP_IRQHandler                       0x08001b13   Thumb Code     0  startup_stm32f10x_hd.o(.text)
    TIM4_IRQHandler                          0x08001b13   Thumb Code     0  startup_stm32f10x_hd.o(.text)
    TIM5_IRQHandler                          0x08001b13   Thumb Code     0  startup_stm32f10x_hd.o(.text)
    TIM6_IRQHandler                          0x08001b13   Thumb Code     0  startup_stm32f10x_hd.o(.text)
    TIM7_IRQHandler                          0x08001b13   Thumb Code     0  startup_stm32f10x_hd.o(.text)
    TIM8_BRK_IRQHandler                      0x08001b13   Thumb Code     0  startup_stm32f10x_hd.o(.text)
    TIM8_CC_IRQHandler                       0x08001b13   Thumb Code     0  startup_stm32f10x_hd.o(.text)
    TIM8_TRG_COM_IRQHandler                  0x08001b13   Thumb Code     0  startup_stm32f10x_hd.o(.text)
    TIM8_UP_IRQHandler                       0x08001b13   Thumb Code     0  startup_stm32f10x_hd.o(.text)
    UART4_IRQHandler                         0x08001b13   Thumb Code     0  startup_stm32f10x_hd.o(.text)
    UART5_IRQHandler                         0x08001b13   Thumb Code     0  startup_stm32f10x_hd.o(.text)
    USBWakeUp_IRQHandler                     0x08001b13   Thumb Code     0  startup_stm32f10x_hd.o(.text)
    USB_HP_CAN1_TX_IRQHandler                0x08001b13   Thumb Code     0  startup_stm32f10x_hd.o(.text)
    USB_LP_CAN1_RX0_IRQHandler               0x08001b13   Thumb Code     0  startup_stm32f10x_hd.o(.text)
    WWDG_IRQHandler                          0x08001b13   Thumb Code     0  startup_stm32f10x_hd.o(.text)
    __user_initial_stackheap                 0x08001b15   Thumb Code     0  startup_stm32f10x_hd.o(.text)
    NVIC_PriorityGroupConfig                 0x08001b39   Thumb Code    10  misc.o(.text)
    NVIC_Init                                0x08001b43   Thumb Code   100  misc.o(.text)
    NVIC_SetVectorTable                      0x08001ba7   Thumb Code    14  misc.o(.text)
    NVIC_SystemLPConfig                      0x08001bb5   Thumb Code    34  misc.o(.text)
    SysTick_CLKSourceConfig                  0x08001bd7   Thumb Code    40  misc.o(.text)
    GPIO_DeInit                              0x08001c15   Thumb Code   172  stm32f10x_gpio.o(.text)
    GPIO_AFIODeInit                          0x08001cc1   Thumb Code    20  stm32f10x_gpio.o(.text)
    GPIO_Init                                0x08001cd5   Thumb Code   278  stm32f10x_gpio.o(.text)
    GPIO_StructInit                          0x08001deb   Thumb Code    16  stm32f10x_gpio.o(.text)
    GPIO_ReadInputDataBit                    0x08001dfb   Thumb Code    18  stm32f10x_gpio.o(.text)
    GPIO_ReadInputData                       0x08001e0d   Thumb Code     8  stm32f10x_gpio.o(.text)
    GPIO_ReadOutputDataBit                   0x08001e15   Thumb Code    18  stm32f10x_gpio.o(.text)
    GPIO_ReadOutputData                      0x08001e27   Thumb Code     8  stm32f10x_gpio.o(.text)
    GPIO_SetBits                             0x08001e2f   Thumb Code     4  stm32f10x_gpio.o(.text)
    GPIO_ResetBits                           0x08001e33   Thumb Code     4  stm32f10x_gpio.o(.text)
    GPIO_WriteBit                            0x08001e37   Thumb Code    10  stm32f10x_gpio.o(.text)
    GPIO_Write                               0x08001e41   Thumb Code     4  stm32f10x_gpio.o(.text)
    GPIO_PinLockConfig                       0x08001e45   Thumb Code    18  stm32f10x_gpio.o(.text)
    GPIO_EventOutputConfig                   0x08001e57   Thumb Code    26  stm32f10x_gpio.o(.text)
    GPIO_EventOutputCmd                      0x08001e71   Thumb Code     6  stm32f10x_gpio.o(.text)
    GPIO_PinRemapConfig                      0x08001e77   Thumb Code   138  stm32f10x_gpio.o(.text)
    GPIO_EXTILineConfig                      0x08001f01   Thumb Code    66  stm32f10x_gpio.o(.text)
    GPIO_ETH_MediaInterfaceConfig            0x08001f43   Thumb Code     8  stm32f10x_gpio.o(.text)
    RCC_DeInit                               0x08001f71   Thumb Code    64  stm32f10x_rcc.o(.text)
    RCC_HSEConfig                            0x08001fb1   Thumb Code    70  stm32f10x_rcc.o(.text)
    RCC_GetFlagStatus                        0x08001ff7   Thumb Code    56  stm32f10x_rcc.o(.text)
    RCC_WaitForHSEStartUp                    0x0800202f   Thumb Code    56  stm32f10x_rcc.o(.text)
    RCC_AdjustHSICalibrationValue            0x08002067   Thumb Code    20  stm32f10x_rcc.o(.text)
    RCC_HSICmd                               0x0800207b   Thumb Code     6  stm32f10x_rcc.o(.text)
    RCC_PLLConfig                            0x08002081   Thumb Code    24  stm32f10x_rcc.o(.text)
    RCC_PLLCmd                               0x08002099   Thumb Code     6  stm32f10x_rcc.o(.text)
    RCC_SYSCLKConfig                         0x0800209f   Thumb Code    18  stm32f10x_rcc.o(.text)
    RCC_GetSYSCLKSource                      0x080020b1   Thumb Code    10  stm32f10x_rcc.o(.text)
    RCC_HCLKConfig                           0x080020bb   Thumb Code    18  stm32f10x_rcc.o(.text)
    RCC_PCLK1Config                          0x080020cd   Thumb Code    18  stm32f10x_rcc.o(.text)
    RCC_PCLK2Config                          0x080020df   Thumb Code    20  stm32f10x_rcc.o(.text)
    RCC_ITConfig                             0x080020f3   Thumb Code    26  stm32f10x_rcc.o(.text)
    RCC_USBCLKConfig                         0x0800210d   Thumb Code     8  stm32f10x_rcc.o(.text)
    RCC_ADCCLKConfig                         0x08002115   Thumb Code    18  stm32f10x_rcc.o(.text)
    RCC_LSEConfig                            0x08002127   Thumb Code    50  stm32f10x_rcc.o(.text)
    RCC_LSICmd                               0x08002159   Thumb Code     6  stm32f10x_rcc.o(.text)
    RCC_RTCCLKConfig                         0x0800215f   Thumb Code    12  stm32f10x_rcc.o(.text)
    RCC_RTCCLKCmd                            0x0800216b   Thumb Code     8  stm32f10x_rcc.o(.text)
    RCC_GetClocksFreq                        0x08002173   Thumb Code   192  stm32f10x_rcc.o(.text)
    RCC_AHBPeriphClockCmd                    0x08002233   Thumb Code    26  stm32f10x_rcc.o(.text)
    RCC_APB2PeriphClockCmd                   0x0800224d   Thumb Code    26  stm32f10x_rcc.o(.text)
    RCC_APB1PeriphClockCmd                   0x08002267   Thumb Code    26  stm32f10x_rcc.o(.text)
    RCC_APB2PeriphResetCmd                   0x08002281   Thumb Code    26  stm32f10x_rcc.o(.text)
    RCC_APB1PeriphResetCmd                   0x0800229b   Thumb Code    26  stm32f10x_rcc.o(.text)
    RCC_BackupResetCmd                       0x080022b5   Thumb Code     8  stm32f10x_rcc.o(.text)
    RCC_ClockSecuritySystemCmd               0x080022bd   Thumb Code     6  stm32f10x_rcc.o(.text)
    RCC_MCOConfig                            0x080022c3   Thumb Code     6  stm32f10x_rcc.o(.text)
    RCC_ClearFlag                            0x080022c9   Thumb Code    14  stm32f10x_rcc.o(.text)
    RCC_GetITStatus                          0x080022d7   Thumb Code    20  stm32f10x_rcc.o(.text)
    RCC_ClearITPendingBit                    0x080022eb   Thumb Code     6  stm32f10x_rcc.o(.text)
    USART_DeInit                             0x08002315   Thumb Code   134  stm32f10x_usart.o(.text)
    USART_Init                               0x0800239b   Thumb Code   210  stm32f10x_usart.o(.text)
    USART_StructInit                         0x0800246d   Thumb Code    24  stm32f10x_usart.o(.text)
    USART_ClockInit                          0x08002485   Thumb Code    34  stm32f10x_usart.o(.text)
    USART_ClockStructInit                    0x080024a7   Thumb Code    12  stm32f10x_usart.o(.text)
    USART_Cmd                                0x080024b3   Thumb Code    24  stm32f10x_usart.o(.text)
    USART_ITConfig                           0x080024cb   Thumb Code    74  stm32f10x_usart.o(.text)
    USART_DMACmd                             0x08002515   Thumb Code    18  stm32f10x_usart.o(.text)
    USART_SetAddress                         0x08002527   Thumb Code    18  stm32f10x_usart.o(.text)
    USART_WakeUpConfig                       0x08002539   Thumb Code    18  stm32f10x_usart.o(.text)
    USART_ReceiverWakeUpCmd                  0x0800254b   Thumb Code    24  stm32f10x_usart.o(.text)
    USART_LINBreakDetectLengthConfig         0x08002563   Thumb Code    18  stm32f10x_usart.o(.text)
    USART_LINCmd                             0x08002575   Thumb Code    24  stm32f10x_usart.o(.text)
    USART_SendData                           0x0800258d   Thumb Code     8  stm32f10x_usart.o(.text)
    USART_ReceiveData                        0x08002595   Thumb Code    10  stm32f10x_usart.o(.text)
    USART_SendBreak                          0x0800259f   Thumb Code    10  stm32f10x_usart.o(.text)
    USART_SetGuardTime                       0x080025a9   Thumb Code    16  stm32f10x_usart.o(.text)
    USART_SetPrescaler                       0x080025b9   Thumb Code    16  stm32f10x_usart.o(.text)
    USART_SmartCardCmd                       0x080025c9   Thumb Code    24  stm32f10x_usart.o(.text)
    USART_SmartCardNACKCmd                   0x080025e1   Thumb Code    24  stm32f10x_usart.o(.text)
    USART_HalfDuplexCmd                      0x080025f9   Thumb Code    24  stm32f10x_usart.o(.text)
    USART_OverSampling8Cmd                   0x08002611   Thumb Code    22  stm32f10x_usart.o(.text)
    USART_OneBitMethodCmd                    0x08002627   Thumb Code    24  stm32f10x_usart.o(.text)
    USART_IrDAConfig                         0x0800263f   Thumb Code    18  stm32f10x_usart.o(.text)
    USART_IrDACmd                            0x08002651   Thumb Code    24  stm32f10x_usart.o(.text)
    USART_GetFlagStatus                      0x08002669   Thumb Code    26  stm32f10x_usart.o(.text)
    USART_ClearFlag                          0x08002683   Thumb Code    18  stm32f10x_usart.o(.text)
    USART_GetITStatus                        0x08002695   Thumb Code    84  stm32f10x_usart.o(.text)
    USART_ClearITPendingBit                  0x080026e9   Thumb Code    52  stm32f10x_usart.o(.text)
    TIM_DeInit                               0x0800271d   Thumb Code   424  stm32f10x_tim.o(.text)
    TIM_TimeBaseInit                         0x080028c5   Thumb Code   122  stm32f10x_tim.o(.text)
    TIM_OC1Init                              0x0800293f   Thumb Code   132  stm32f10x_tim.o(.text)
    TIM_OC2Init                              0x080029c3   Thumb Code   154  stm32f10x_tim.o(.text)
    TIM_OC3Init                              0x08002a5d   Thumb Code   150  stm32f10x_tim.o(.text)
    TIM_OC4Init                              0x08002af3   Thumb Code   182  stm32f10x_tim.o(.text)
    TIM_SetIC4Prescaler                      0x08002ba9   Thumb Code    26  stm32f10x_tim.o(.text)
    TIM_SetIC3Prescaler                      0x08002c45   Thumb Code    18  stm32f10x_tim.o(.text)
    TIM_SetIC2Prescaler                      0x08002cd1   Thumb Code    26  stm32f10x_tim.o(.text)
    TIM_SetIC1Prescaler                      0x08002d6d   Thumb Code    18  stm32f10x_tim.o(.text)
    TIM_ICInit                               0x08002deb   Thumb Code   150  stm32f10x_tim.o(.text)
    TIM_PWMIConfig                           0x08002e81   Thumb Code   124  stm32f10x_tim.o(.text)
    TIM_BDTRConfig                           0x08002efd   Thumb Code    32  stm32f10x_tim.o(.text)
    TIM_TimeBaseStructInit                   0x08002f1d   Thumb Code    18  stm32f10x_tim.o(.text)
    TIM_OCStructInit                         0x08002f2f   Thumb Code    20  stm32f10x_tim.o(.text)
    TIM_ICStructInit                         0x08002f43   Thumb Code    18  stm32f10x_tim.o(.text)
    TIM_BDTRStructInit                       0x08002f55   Thumb Code    40  stm32f10x_tim.o(.text)
    TIM_Cmd                                  0x08002f7d   Thumb Code    24  stm32f10x_tim.o(.text)
    TIM_CtrlPWMOutputs                       0x08002f95   Thumb Code    30  stm32f10x_tim.o(.text)
    TIM_ITConfig                             0x08002fb3   Thumb Code    18  stm32f10x_tim.o(.text)
    TIM_GenerateEvent                        0x08002fc5   Thumb Code     4  stm32f10x_tim.o(.text)
    TIM_DMAConfig                            0x08002fc9   Thumb Code    10  stm32f10x_tim.o(.text)
    TIM_DMACmd                               0x08002fd3   Thumb Code    18  stm32f10x_tim.o(.text)
    TIM_InternalClockConfig                  0x08002fe5   Thumb Code    12  stm32f10x_tim.o(.text)
    TIM_SelectInputTrigger                   0x08002ff1   Thumb Code    18  stm32f10x_tim.o(.text)
    TIM_ITRxExternalClockConfig              0x08003003   Thumb Code    24  stm32f10x_tim.o(.text)
    TIM_TIxExternalClockConfig               0x0800301b   Thumb Code    62  stm32f10x_tim.o(.text)
    TIM_ETRConfig                            0x08003059   Thumb Code    28  stm32f10x_tim.o(.text)
    TIM_ETRClockMode1Config                  0x08003075   Thumb Code    54  stm32f10x_tim.o(.text)
    TIM_ETRClockMode2Config                  0x080030ab   Thumb Code    32  stm32f10x_tim.o(.text)
    TIM_PrescalerConfig                      0x080030cb   Thumb Code     6  stm32f10x_tim.o(.text)
    TIM_CounterModeConfig                    0x080030d1   Thumb Code    18  stm32f10x_tim.o(.text)
    TIM_EncoderInterfaceConfig               0x080030e3   Thumb Code    66  stm32f10x_tim.o(.text)
    TIM_ForcedOC1Config                      0x08003125   Thumb Code    18  stm32f10x_tim.o(.text)
    TIM_ForcedOC2Config                      0x08003137   Thumb Code    26  stm32f10x_tim.o(.text)
    TIM_ForcedOC3Config                      0x08003151   Thumb Code    18  stm32f10x_tim.o(.text)
    TIM_ForcedOC4Config                      0x08003163   Thumb Code    26  stm32f10x_tim.o(.text)
    TIM_ARRPreloadConfig                     0x0800317d   Thumb Code    24  stm32f10x_tim.o(.text)
    TIM_SelectCOM                            0x08003195   Thumb Code    24  stm32f10x_tim.o(.text)
    TIM_SelectCCDMA                          0x080031ad   Thumb Code    24  stm32f10x_tim.o(.text)
    TIM_CCPreloadControl                     0x080031c5   Thumb Code    24  stm32f10x_tim.o(.text)
    TIM_OC1PreloadConfig                     0x080031dd   Thumb Code    18  stm32f10x_tim.o(.text)
    TIM_OC2PreloadConfig                     0x080031ef   Thumb Code    26  stm32f10x_tim.o(.text)
    TIM_OC3PreloadConfig                     0x08003209   Thumb Code    18  stm32f10x_tim.o(.text)
    TIM_OC4PreloadConfig                     0x0800321b   Thumb Code    26  stm32f10x_tim.o(.text)
    TIM_OC1FastConfig                        0x08003235   Thumb Code    18  stm32f10x_tim.o(.text)
    TIM_OC2FastConfig                        0x08003247   Thumb Code    26  stm32f10x_tim.o(.text)
    TIM_OC3FastConfig                        0x08003261   Thumb Code    18  stm32f10x_tim.o(.text)
    TIM_OC4FastConfig                        0x08003273   Thumb Code    26  stm32f10x_tim.o(.text)
    TIM_ClearOC1Ref                          0x0800328d   Thumb Code    18  stm32f10x_tim.o(.text)
    TIM_ClearOC2Ref                          0x0800329f   Thumb Code    24  stm32f10x_tim.o(.text)
    TIM_ClearOC3Ref                          0x080032b7   Thumb Code    18  stm32f10x_tim.o(.text)
    TIM_ClearOC4Ref                          0x080032c9   Thumb Code    24  stm32f10x_tim.o(.text)
    TIM_OC1PolarityConfig                    0x080032e1   Thumb Code    18  stm32f10x_tim.o(.text)
    TIM_OC1NPolarityConfig                   0x080032f3   Thumb Code    18  stm32f10x_tim.o(.text)
    TIM_OC2PolarityConfig                    0x08003305   Thumb Code    26  stm32f10x_tim.o(.text)
    TIM_OC2NPolarityConfig                   0x0800331f   Thumb Code    26  stm32f10x_tim.o(.text)
    TIM_OC3PolarityConfig                    0x08003339   Thumb Code    26  stm32f10x_tim.o(.text)
    TIM_OC3NPolarityConfig                   0x08003353   Thumb Code    26  stm32f10x_tim.o(.text)
    TIM_OC4PolarityConfig                    0x0800336d   Thumb Code    26  stm32f10x_tim.o(.text)
    TIM_CCxCmd                               0x08003387   Thumb Code    30  stm32f10x_tim.o(.text)
    TIM_CCxNCmd                              0x080033a5   Thumb Code    30  stm32f10x_tim.o(.text)
    TIM_SelectOCxM                           0x080033c3   Thumb Code    82  stm32f10x_tim.o(.text)
    TIM_UpdateDisableConfig                  0x08003415   Thumb Code    24  stm32f10x_tim.o(.text)
    TIM_UpdateRequestConfig                  0x0800342d   Thumb Code    24  stm32f10x_tim.o(.text)
    TIM_SelectHallSensor                     0x08003445   Thumb Code    24  stm32f10x_tim.o(.text)
    TIM_SelectOnePulseMode                   0x0800345d   Thumb Code    18  stm32f10x_tim.o(.text)
    TIM_SelectOutputTrigger                  0x0800346f   Thumb Code    18  stm32f10x_tim.o(.text)
    TIM_SelectSlaveMode                      0x08003481   Thumb Code    18  stm32f10x_tim.o(.text)
    TIM_SelectMasterSlaveMode                0x08003493   Thumb Code    18  stm32f10x_tim.o(.text)
    TIM_SetCounter                           0x080034a5   Thumb Code     4  stm32f10x_tim.o(.text)
    TIM_SetAutoreload                        0x080034a9   Thumb Code     4  stm32f10x_tim.o(.text)
    TIM_SetCompare1                          0x080034ad   Thumb Code     4  stm32f10x_tim.o(.text)
    TIM_SetCompare2                          0x080034b1   Thumb Code     4  stm32f10x_tim.o(.text)
    TIM_SetCompare3                          0x080034b5   Thumb Code     4  stm32f10x_tim.o(.text)
    TIM_SetCompare4                          0x080034b9   Thumb Code     6  stm32f10x_tim.o(.text)
    TIM_SetClockDivision                     0x080034bf   Thumb Code    18  stm32f10x_tim.o(.text)
    TIM_GetCapture1                          0x080034d1   Thumb Code     6  stm32f10x_tim.o(.text)
    TIM_GetCapture2                          0x080034d7   Thumb Code     6  stm32f10x_tim.o(.text)
    TIM_GetCapture3                          0x080034dd   Thumb Code     6  stm32f10x_tim.o(.text)
    TIM_GetCapture4                          0x080034e3   Thumb Code     8  stm32f10x_tim.o(.text)
    TIM_GetCounter                           0x080034eb   Thumb Code     6  stm32f10x_tim.o(.text)
    TIM_GetPrescaler                         0x080034f1   Thumb Code     6  stm32f10x_tim.o(.text)
    TIM_GetFlagStatus                        0x080034f7   Thumb Code    18  stm32f10x_tim.o(.text)
    TIM_ClearFlag                            0x08003509   Thumb Code     6  stm32f10x_tim.o(.text)
    TIM_GetITStatus                          0x0800350f   Thumb Code    34  stm32f10x_tim.o(.text)
    TIM_ClearITPendingBit                    0x08003531   Thumb Code     6  stm32f10x_tim.o(.text)
    __use_no_semihosting                     0x08003537   Thumb Code     2  use_no_semi_2.o(.text)
    __2printf                                0x08003539   Thumb Code    20  noretval__2printf.o(.text)
    __printf                                 0x08003551   Thumb Code   270  __printf_wp.o(.text)
    __use_two_region_memory                  0x0800365f   Thumb Code     2  heapauxi.o(.text)
    __rt_heap_escrow$2region                 0x08003661   Thumb Code     2  heapauxi.o(.text)
    __rt_heap_expand$2region                 0x08003663   Thumb Code     2  heapauxi.o(.text)
    __I$use$semihosting                      0x08003665   Thumb Code     0  use_no_semi.o(.text)
    __use_no_semihosting_swi                 0x08003665   Thumb Code     2  use_no_semi.o(.text)
    __read_errno                             0x08003667   Thumb Code    10  _rserrno.o(.text)
    __set_errno                              0x08003671   Thumb Code    12  _rserrno.o(.text)
    __lib_sel_fp_printf                      0x0800367d   Thumb Code     2  _printf_fp_dec.o(.text)
    _printf_fp_dec_real                      0x0800382b   Thumb Code   620  _printf_fp_dec.o(.text)
    _printf_char_file                        0x08003a99   Thumb Code    32  _printf_char_file.o(.text)
    __rt_locale                              0x08003abd   Thumb Code     8  rt_locale_intlibspace.o(.text)
    __aeabi_errno_addr                       0x08003ac5   Thumb Code     8  rt_errno_addr_intlibspace.o(.text)
    __errno$intlibspace                      0x08003ac5   Thumb Code     0  rt_errno_addr_intlibspace.o(.text)
    __rt_errno_addr$intlibspace              0x08003ac5   Thumb Code     0  rt_errno_addr_intlibspace.o(.text)
    _ll_udiv10                               0x08003acd   Thumb Code   138  lludiv10.o(.text)
    _printf_char_common                      0x08003b63   Thumb Code    32  _printf_char_common.o(.text)
    _printf_fp_infnan                        0x08003b89   Thumb Code   112  _printf_fp_infnan.o(.text)
    _btod_etento                             0x08003c09   Thumb Code   216  bigflt0.o(.text)
    ferror                                   0x08003ce5   Thumb Code     8  ferror.o(.text)
    __user_libspace                          0x08003ced   Thumb Code     8  libspace.o(.text)
    __user_perproc_libspace                  0x08003ced   Thumb Code     0  libspace.o(.text)
    __user_perthread_libspace                0x08003ced   Thumb Code     0  libspace.o(.text)
    __user_setup_stackheap                   0x08003cf5   Thumb Code    74  sys_stackheap_outer.o(.text)
    exit                                     0x08003d3f   Thumb Code    12  exit.o(.text)
    strcmp                                   0x08003d4d   Thumb Code   128  strcmpv7m.o(.text)
    _btod_d2e                                0x08003dcd   Thumb Code    62  btod.o(CL$$btod_d2e)
    _d2e_denorm_low                          0x08003e0b   Thumb Code    70  btod.o(CL$$btod_d2e_denorm_low)
    _d2e_norm_op1                            0x08003e51   Thumb Code    96  btod.o(CL$$btod_d2e_norm_op1)
    __btod_div_common                        0x08003eb1   Thumb Code   696  btod.o(CL$$btod_div_common)
    _e2e                                     0x080041e9   Thumb Code   198  btod.o(CL$$btod_e2e)
    _btod_ediv                               0x080042af   Thumb Code    40  btod.o(CL$$btod_ediv)
    _btod_emul                               0x080042d7   Thumb Code    40  btod.o(CL$$btod_emul)
    __btod_mult_common                       0x080042ff   Thumb Code   580  btod.o(CL$$btod_mult_common)
    __ARM_fpclassify                         0x08004543   Thumb Code    40  fpclassify.o(i.__ARM_fpclassify)
    __kernel_poly                            0x0800456b   Thumb Code   170  poly.o(i.__kernel_poly)
    __mathlib_dbl_infnan                     0x08004615   Thumb Code     6  dunder.o(i.__mathlib_dbl_infnan)
    __mathlib_dbl_infnan2                    0x0800461b   Thumb Code     4  dunder.o(i.__mathlib_dbl_infnan2)
    __mathlib_dbl_invalid                    0x0800461f   Thumb Code    12  dunder.o(i.__mathlib_dbl_invalid)
    __mathlib_dbl_underflow                  0x0800462d   Thumb Code    10  dunder.o(i.__mathlib_dbl_underflow)
    _is_digit                                0x0800463d   Thumb Code    14  __printf_wp.o(i._is_digit)
    asin                                     0x0800464d   Thumb Code   572  asin.o(i.asin)
    atan                                     0x080048bd   Thumb Code   474  atan.o(i.atan)
    atan2                                    0x08004add   Thumb Code   346  atan2.o(i.atan2)
    sqrt                                     0x08004c5d   Thumb Code    76  sqrt.o(i.sqrt)
    _get_lc_numeric                          0x08004ca9   Thumb Code    44  lc_numeric_c.o(locale$$code)
    __aeabi_d2f                              0x08004cd5   Thumb Code     0  d2f.o(x$fpl$d2f)
    _d2f                                     0x08004cd5   Thumb Code    98  d2f.o(x$fpl$d2f)
    __aeabi_dadd                             0x08004d39   Thumb Code     0  daddsub_clz.o(x$fpl$dadd)
    _dadd                                    0x08004d39   Thumb Code   332  daddsub_clz.o(x$fpl$dadd)
    __fpl_dcheck_NaN1                        0x08004e89   Thumb Code    10  dcheck1.o(x$fpl$dcheck1)
    __aeabi_ddiv                             0x08004e99   Thumb Code     0  ddiv.o(x$fpl$ddiv)
    _ddiv                                    0x08004e99   Thumb Code   552  ddiv.o(x$fpl$ddiv)
    __aeabi_d2iz                             0x08005149   Thumb Code     0  dfix.o(x$fpl$dfix)
    _dfix                                    0x08005149   Thumb Code    94  dfix.o(x$fpl$dfix)
    __aeabi_i2d                              0x080051a7   Thumb Code     0  dflt_clz.o(x$fpl$dflt)
    _dflt                                    0x080051a7   Thumb Code    46  dflt_clz.o(x$fpl$dflt)
    __aeabi_dmul                             0x080051d5   Thumb Code     0  dmul.o(x$fpl$dmul)
    _dmul                                    0x080051d5   Thumb Code   332  dmul.o(x$fpl$dmul)
    __fpl_dnaninf                            0x08005329   Thumb Code   156  dnaninf.o(x$fpl$dnaninf)
    __fpl_dretinf                            0x080053c5   Thumb Code    12  dretinf.o(x$fpl$dretinf)
    __aeabi_drsub                            0x080053d1   Thumb Code     0  daddsub_clz.o(x$fpl$drsb)
    _drsb                                    0x080053d1   Thumb Code    22  daddsub_clz.o(x$fpl$drsb)
    _dsqrt                                   0x080053e9   Thumb Code   456  dsqrt_noumaal.o(x$fpl$dsqrt)
    __aeabi_dsub                             0x080055b5   Thumb Code     0  daddsub_clz.o(x$fpl$dsub)
    _dsub                                    0x080055b5   Thumb Code   464  daddsub_clz.o(x$fpl$dsub)
    __aeabi_f2d                              0x08005789   Thumb Code     0  f2d.o(x$fpl$f2d)
    _f2d                                     0x08005789   Thumb Code    86  f2d.o(x$fpl$f2d)
    __aeabi_fadd                             0x080057e1   Thumb Code     0  faddsub_clz.o(x$fpl$fadd)
    _fadd                                    0x080057e1   Thumb Code   196  faddsub_clz.o(x$fpl$fadd)
    __fpl_fcmp_Inf                           0x080058a5   Thumb Code    24  fcmpi.o(x$fpl$fcmpinf)
    __aeabi_cfcmpeq                          0x080058bd   Thumb Code     0  feqf.o(x$fpl$feqf)
    _fcmpeq                                  0x080058bd   Thumb Code   104  feqf.o(x$fpl$feqf)
    __aeabi_ui2f                             0x08005925   Thumb Code     0  fflt_clz.o(x$fpl$ffltu)
    _ffltu                                   0x08005925   Thumb Code    38  fflt_clz.o(x$fpl$ffltu)
    __aeabi_fmul                             0x0800594d   Thumb Code     0  fmul.o(x$fpl$fmul)
    _fmul                                    0x0800594d   Thumb Code   258  fmul.o(x$fpl$fmul)
    __fpl_fnaninf                            0x08005a4f   Thumb Code   140  fnaninf.o(x$fpl$fnaninf)
    __fpl_fretinf                            0x08005adb   Thumb Code    10  fretinf.o(x$fpl$fretinf)
    __aeabi_frsub                            0x08005ae5   Thumb Code     0  faddsub_clz.o(x$fpl$frsb)
    _frsb                                    0x08005ae5   Thumb Code    20  faddsub_clz.o(x$fpl$frsb)
    __aeabi_fsub                             0x08005af9   Thumb Code     0  faddsub_clz.o(x$fpl$fsub)
    _fsub                                    0x08005af9   Thumb Code   234  faddsub_clz.o(x$fpl$fsub)
    _printf_fp_dec                           0x08005be3   Thumb Code     4  printf1.o(x$fpl$printf1)
    __fpl_return_NaN                         0x08005be7   Thumb Code   100  retnan.o(x$fpl$retnan)
    __ARM_scalbn                             0x08005c4b   Thumb Code    92  scalbn.o(x$fpl$scalbn)
    __fpl_cmpreturn                          0x08005ca7   Thumb Code    48  trapv.o(x$fpl$trapveneer)
    __I$use$fp                               0x08005cd6   Number         0  usenofp.o(x$fpl$usenofp)
    num_1                                    0x08005cd6   Data          11  main.o(.constdata)
    num_2                                    0x08005ce1   Data          11  main.o(.constdata)
    __mathlib_zero                           0x08005dd8   Data           8  qnan.o(.constdata)
    Region$$Table$$Base                      0x08005e74   Number         0  anon$$obj.o(Region$$Table)
    Region$$Table$$Limit                     0x08005e94   Number         0  anon$$obj.o(Region$$Table)
    Roll                                     0x20000000   Data          11  main.o(.data)
    Pitch                                    0x2000000b   Data          11  main.o(.data)
    Roll_Angle                               0x20000018   Data           8  main.o(.data)
    Pitch_Angle                              0x20000020   Data           8  main.o(.data)
    mpu_flag                                 0x20000028   Data           4  main.o(.data)
    errorax                                  0x20000030   Data           8  main.o(.data)
    erroray                                  0x20000038   Data           8  main.o(.data)
    erroraz                                  0x20000040   Data           8  main.o(.data)
    send_flag                                0x20000048   Data           4  main.o(.data)
    SystemCoreClock                          0x20000050   Data           4  system_stm32f10x.o(.data)
    AHBPrescTable                            0x20000054   Data          16  system_stm32f10x.o(.data)
    Acceleration                             0x20000064   Data           6  mpu6050.o(.data)
    a                                        0x2000006a   Data           6  mpu6050.o(.data)
    AX                                       0x20000070   Data           2  mpu6050.o(.data)
    AY                                       0x20000072   Data           2  mpu6050.o(.data)
    AZ                                       0x20000074   Data           2  mpu6050.o(.data)
    Temperature                              0x20000076   Data           2  mpu6050.o(.data)
    Acc_correct                              0x20000078   Data           6  mpu6050.o(.data)
    TIM2_OUT                                 0x20000080   Data           1  timer.o(.data)
    q0                                       0x20000088   Data           4  suanfa.o(.data)
    q1                                       0x2000008c   Data           4  suanfa.o(.data)
    q2                                       0x20000090   Data           4  suanfa.o(.data)
    q3                                       0x20000094   Data           4  suanfa.o(.data)
    exInt                                    0x20000098   Data           4  suanfa.o(.data)
    eyInt                                    0x2000009c   Data           4  suanfa.o(.data)
    ezInt                                    0x200000a0   Data           4  suanfa.o(.data)
    halfT                                    0x200000a4   Data           4  suanfa.o(.data)
    integralFBx                              0x200000a8   Data           4  suanfa.o(.data)
    integralFBy                              0x200000ac   Data           4  suanfa.o(.data)
    integralFBz                              0x200000b0   Data           4  suanfa.o(.data)
    qa0                                      0x200000b4   Data           4  suanfa.o(.data)
    qa1                                      0x200000b8   Data           4  suanfa.o(.data)
    qa2                                      0x200000bc   Data           4  suanfa.o(.data)
    qa3                                      0x200000c0   Data           4  suanfa.o(.data)
    integralFBhand                           0x200000c4   Data           4  suanfa.o(.data)
    handdiff                                 0x200000c8   Data           4  suanfa.o(.data)
    halftime                                 0x200000cc   Data           4  suanfa.o(.data)
    now                                      0x200000d0   Data           4  suanfa.o(.data)
    acc_vector                               0x200000d4   Data           4  suanfa.o(.data)
    USART3_RX_STA                            0x200000dc   Data           2  usart3.o(.data)
    USART2_RX_STA                            0x200000de   Data           2  usart.o(.data)
    __stdout                                 0x200000e0   Data           4  usart1.o(.data)
    USART_RX_STA                             0x200000e4   Data           2  usart1.o(.data)
    Gyro_correct                             0x20000100   Data          24  mpu6050.o(.bss)
    acc                                      0x20000118   Data          12  mpu6050.o(.bss)
    gyro                                     0x20000124   Data          12  mpu6050.o(.bss)
    EA                                       0x20000130   Data          12  mpu6050.o(.bss)
    USART3_RX_BUF                            0x2000013c   Data         200  usart3.o(.bss)
    USART2_RX_BUF                            0x20000204   Data         200  usart.o(.bss)
    USART_RX_BUF                             0x200002cc   Data         200  usart1.o(.bss)
    __libspace_start                         0x20000394   Data          96  libspace.o(.bss)
    __temporary_stack_top$libspace           0x200003f4   Data           0  libspace.o(.bss)



==============================================================================

Memory Map of the image

  Image Entry point : 0x08000131

  Load Region LR_IROM1 (Base: 0x08000000, Size: 0x00005fac, Max: 0x00040000, ABSOLUTE)

    Execution Region ER_IROM1 (Base: 0x08000000, Size: 0x00005eb0, Max: 0x00040000, ABSOLUTE)

    Base Addr    Size         Type   Attr      Idx    E Section Name        Object

    0x08000000   0x00000130   Data   RO          354    RESET               startup_stm32f10x_hd.o
    0x08000130   0x00000008   Code   RO          719  * !!!main             c_w.l(__main.o)
    0x08000138   0x00000034   Code   RO         1058    !!!scatter          c_w.l(__scatter.o)
    0x0800016c   0x0000001a   Code   RO         1060    !!handler_copy      c_w.l(__scatter_copy.o)
    0x08000186   0x00000002   PAD
    0x08000188   0x0000001c   Code   RO         1062    !!handler_zi        c_w.l(__scatter_zi.o)
    0x080001a4   0x00000000   Code   RO          716    .ARM.Collect$$_printf_percent$$00000000  c_w.l(_printf_percent.o)
    0x080001a4   0x00000006   Code   RO          715    .ARM.Collect$$_printf_percent$$00000003  c_w.l(_printf_f.o)
    0x080001aa   0x00000004   Code   RO          792    .ARM.Collect$$_printf_percent$$00000017  c_w.l(_printf_percent_end.o)
    0x080001ae   0x00000002   Code   RO          930    .ARM.Collect$$libinit$$00000000  c_w.l(libinit.o)
    0x080001b0   0x00000000   Code   RO          932    .ARM.Collect$$libinit$$00000002  c_w.l(libinit2.o)
    0x080001b0   0x00000000   Code   RO          934    .ARM.Collect$$libinit$$00000004  c_w.l(libinit2.o)
    0x080001b0   0x00000000   Code   RO          937    .ARM.Collect$$libinit$$0000000A  c_w.l(libinit2.o)
    0x080001b0   0x00000000   Code   RO          939    .ARM.Collect$$libinit$$0000000C  c_w.l(libinit2.o)
    0x080001b0   0x00000000   Code   RO          941    .ARM.Collect$$libinit$$0000000E  c_w.l(libinit2.o)
    0x080001b0   0x00000006   Code   RO          942    .ARM.Collect$$libinit$$0000000F  c_w.l(libinit2.o)
    0x080001b6   0x00000000   Code   RO          944    .ARM.Collect$$libinit$$00000011  c_w.l(libinit2.o)
    0x080001b6   0x00000000   Code   RO          946    .ARM.Collect$$libinit$$00000013  c_w.l(libinit2.o)
    0x080001b6   0x00000000   Code   RO          948    .ARM.Collect$$libinit$$00000015  c_w.l(libinit2.o)
    0x080001b6   0x0000000a   Code   RO          949    .ARM.Collect$$libinit$$00000016  c_w.l(libinit2.o)
    0x080001c0   0x00000000   Code   RO          950    .ARM.Collect$$libinit$$00000017  c_w.l(libinit2.o)
    0x080001c0   0x00000000   Code   RO          952    .ARM.Collect$$libinit$$00000019  c_w.l(libinit2.o)
    0x080001c0   0x00000000   Code   RO          954    .ARM.Collect$$libinit$$0000001B  c_w.l(libinit2.o)
    0x080001c0   0x00000000   Code   RO          956    .ARM.Collect$$libinit$$0000001D  c_w.l(libinit2.o)
    0x080001c0   0x00000000   Code   RO          958    .ARM.Collect$$libinit$$0000001F  c_w.l(libinit2.o)
    0x080001c0   0x00000000   Code   RO          960    .ARM.Collect$$libinit$$00000021  c_w.l(libinit2.o)
    0x080001c0   0x00000000   Code   RO          962    .ARM.Collect$$libinit$$00000023  c_w.l(libinit2.o)
    0x080001c0   0x00000000   Code   RO          964    .ARM.Collect$$libinit$$00000025  c_w.l(libinit2.o)
    0x080001c0   0x00000000   Code   RO          968    .ARM.Collect$$libinit$$0000002C  c_w.l(libinit2.o)
    0x080001c0   0x00000000   Code   RO          970    .ARM.Collect$$libinit$$0000002E  c_w.l(libinit2.o)
    0x080001c0   0x00000000   Code   RO          972    .ARM.Collect$$libinit$$00000030  c_w.l(libinit2.o)
    0x080001c0   0x00000000   Code   RO          974    .ARM.Collect$$libinit$$00000032  c_w.l(libinit2.o)
    0x080001c0   0x00000002   Code   RO          975    .ARM.Collect$$libinit$$00000033  c_w.l(libinit2.o)
    0x080001c2   0x00000002   Code   RO         1009    .ARM.Collect$$libshutdown$$00000000  c_w.l(libshutdown.o)
    0x080001c4   0x00000000   Code   RO         1019    .ARM.Collect$$libshutdown$$00000003  c_w.l(libshutdown2.o)
    0x080001c4   0x00000000   Code   RO         1022    .ARM.Collect$$libshutdown$$00000006  c_w.l(libshutdown2.o)
    0x080001c4   0x00000000   Code   RO         1025    .ARM.Collect$$libshutdown$$00000009  c_w.l(libshutdown2.o)
    0x080001c4   0x00000000   Code   RO         1027    .ARM.Collect$$libshutdown$$0000000B  c_w.l(libshutdown2.o)
    0x080001c4   0x00000000   Code   RO         1030    .ARM.Collect$$libshutdown$$0000000E  c_w.l(libshutdown2.o)
    0x080001c4   0x00000002   Code   RO         1031    .ARM.Collect$$libshutdown$$0000000F  c_w.l(libshutdown2.o)
    0x080001c6   0x00000000   Code   RO          785    .ARM.Collect$$rtentry$$00000000  c_w.l(__rtentry.o)
    0x080001c6   0x00000000   Code   RO          844    .ARM.Collect$$rtentry$$00000002  c_w.l(__rtentry2.o)
    0x080001c6   0x00000006   Code   RO          856    .ARM.Collect$$rtentry$$00000004  c_w.l(__rtentry4.o)
    0x080001cc   0x00000000   Code   RO          846    .ARM.Collect$$rtentry$$00000009  c_w.l(__rtentry2.o)
    0x080001cc   0x00000004   Code   RO          847    .ARM.Collect$$rtentry$$0000000A  c_w.l(__rtentry2.o)
    0x080001d0   0x00000000   Code   RO          849    .ARM.Collect$$rtentry$$0000000C  c_w.l(__rtentry2.o)
    0x080001d0   0x00000008   Code   RO          850    .ARM.Collect$$rtentry$$0000000D  c_w.l(__rtentry2.o)
    0x080001d8   0x00000002   Code   RO          980    .ARM.Collect$$rtexit$$00000000  c_w.l(rtexit.o)
    0x080001da   0x00000000   Code   RO          989    .ARM.Collect$$rtexit$$00000002  c_w.l(rtexit2.o)
    0x080001da   0x00000004   Code   RO          990    .ARM.Collect$$rtexit$$00000003  c_w.l(rtexit2.o)
    0x080001de   0x00000006   Code   RO          991    .ARM.Collect$$rtexit$$00000004  c_w.l(rtexit2.o)
    0x080001e4   0x000004a0   Code   RO            1    .text               main.o
    0x08000684   0x0000001a   Code   RO          101    .text               stm32f10x_it.o
    0x0800069e   0x00000002   PAD
    0x080006a0   0x000001e0   Code   RO          136    .text               system_stm32f10x.o
    0x08000880   0x00000040   Code   RO          154    .text               led.o
    0x080008c0   0x00000404   Code   RO          179    .text               myiic.o
    0x08000cc4   0x000001f4   Code   RO          191    .text               mpu6050.o
    0x08000eb8   0x00000114   Code   RO          218    .text               timer.o
    0x08000fcc   0x000006e0   Code   RO          233    .text               suanfa.o
    0x080016ac   0x000000d4   Code   RO          254    .text               delay.o
    0x08001780   0x0000000c   Code   RO          268    .text               sys.o
    0x0800178c   0x000000f4   Code   RO          280    .text               usart3.o
    0x08001880   0x0000012c   Code   RO          299    .text               usart.o
    0x080019ac   0x0000014c   Code   RO          318    .text               usart1.o
    0x08001af8   0x00000040   Code   RO          355    .text               startup_stm32f10x_hd.o
    0x08001b38   0x000000dc   Code   RO          359    .text               misc.o
    0x08001c14   0x0000035c   Code   RO          371    .text               stm32f10x_gpio.o
    0x08001f70   0x000003a4   Code   RO          383    .text               stm32f10x_rcc.o
    0x08002314   0x00000408   Code   RO          397    .text               stm32f10x_usart.o
    0x0800271c   0x00000e1a   Code   RO          658    .text               stm32f10x_tim.o
    0x08003536   0x00000002   Code   RO          687    .text               c_w.l(use_no_semi_2.o)
    0x08003538   0x00000018   Code   RO          691    .text               c_w.l(noretval__2printf.o)
    0x08003550   0x0000010e   Code   RO          703    .text               c_w.l(__printf_wp.o)
    0x0800365e   0x00000006   Code   RO          717    .text               c_w.l(heapauxi.o)
    0x08003664   0x00000002   Code   RO          783    .text               c_w.l(use_no_semi.o)
    0x08003666   0x00000016   Code   RO          786    .text               c_w.l(_rserrno.o)
    0x0800367c   0x0000041a   Code   RO          788    .text               c_w.l(_printf_fp_dec.o)
    0x08003a96   0x00000002   PAD
    0x08003a98   0x00000024   Code   RO          790    .text               c_w.l(_printf_char_file.o)
    0x08003abc   0x00000008   Code   RO          861    .text               c_w.l(rt_locale_intlibspace.o)
    0x08003ac4   0x00000008   Code   RO          866    .text               c_w.l(rt_errno_addr_intlibspace.o)
    0x08003acc   0x0000008a   Code   RO          868    .text               c_w.l(lludiv10.o)
    0x08003b56   0x00000002   PAD
    0x08003b58   0x00000030   Code   RO          870    .text               c_w.l(_printf_char_common.o)
    0x08003b88   0x00000080   Code   RO          872    .text               c_w.l(_printf_fp_infnan.o)
    0x08003c08   0x000000dc   Code   RO          874    .text               c_w.l(bigflt0.o)
    0x08003ce4   0x00000008   Code   RO          899    .text               c_w.l(ferror.o)
    0x08003cec   0x00000008   Code   RO          914    .text               c_w.l(libspace.o)
    0x08003cf4   0x0000004a   Code   RO          917    .text               c_w.l(sys_stackheap_outer.o)
    0x08003d3e   0x0000000c   Code   RO          921    .text               c_w.l(exit.o)
    0x08003d4a   0x00000002   PAD
    0x08003d4c   0x00000080   Code   RO          923    .text               c_w.l(strcmpv7m.o)
    0x08003dcc   0x0000003e   Code   RO          877    CL$$btod_d2e        c_w.l(btod.o)
    0x08003e0a   0x00000046   Code   RO          879    CL$$btod_d2e_denorm_low  c_w.l(btod.o)
    0x08003e50   0x00000060   Code   RO          878    CL$$btod_d2e_norm_op1  c_w.l(btod.o)
    0x08003eb0   0x00000338   Code   RO          887    CL$$btod_div_common  c_w.l(btod.o)
    0x080041e8   0x000000c6   Code   RO          884    CL$$btod_e2e        c_w.l(btod.o)
    0x080042ae   0x00000028   Code   RO          881    CL$$btod_ediv       c_w.l(btod.o)
    0x080042d6   0x00000028   Code   RO          880    CL$$btod_emul       c_w.l(btod.o)
    0x080042fe   0x00000244   Code   RO          886    CL$$btod_mult_common  c_w.l(btod.o)
    0x08004542   0x00000028   Code   RO          830    i.__ARM_fpclassify  m_ws.l(fpclassify.o)
    0x0800456a   0x000000aa   Code   RO          832    i.__kernel_poly     m_ws.l(poly.o)
    0x08004614   0x00000006   Code   RO          817    i.__mathlib_dbl_infnan  m_ws.l(dunder.o)
    0x0800461a   0x00000004   Code   RO          818    i.__mathlib_dbl_infnan2  m_ws.l(dunder.o)
    0x0800461e   0x0000000c   Code   RO          819    i.__mathlib_dbl_invalid  m_ws.l(dunder.o)
    0x0800462a   0x00000002   PAD
    0x0800462c   0x00000010   Code   RO          822    i.__mathlib_dbl_underflow  m_ws.l(dunder.o)
    0x0800463c   0x0000000e   Code   RO          705    i._is_digit         c_w.l(__printf_wp.o)
    0x0800464a   0x00000002   PAD
    0x0800464c   0x00000270   Code   RO          766    i.asin              m_ws.l(asin.o)
    0x080048bc   0x00000220   Code   RO          807    i.atan              m_ws.l(atan.o)
    0x08004adc   0x00000180   Code   RO          776    i.atan2             m_ws.l(atan2.o)
    0x08004c5c   0x0000004c   Code   RO          836    i.sqrt              m_ws.l(sqrt.o)
    0x08004ca8   0x0000002c   Code   RO          904    locale$$code        c_w.l(lc_numeric_c.o)
    0x08004cd4   0x00000062   Code   RO          721    x$fpl$d2f           fz_ws.l(d2f.o)
    0x08004d36   0x00000002   PAD
    0x08004d38   0x00000150   Code   RO          723    x$fpl$dadd          fz_ws.l(daddsub_clz.o)
    0x08004e88   0x00000010   Code   RO          906    x$fpl$dcheck1       fz_ws.l(dcheck1.o)
    0x08004e98   0x000002b0   Code   RO          730    x$fpl$ddiv          fz_ws.l(ddiv.o)
    0x08005148   0x0000005e   Code   RO          733    x$fpl$dfix          fz_ws.l(dfix.o)
    0x080051a6   0x0000002e   Code   RO          738    x$fpl$dflt          fz_ws.l(dflt_clz.o)
    0x080051d4   0x00000154   Code   RO          743    x$fpl$dmul          fz_ws.l(dmul.o)
    0x08005328   0x0000009c   Code   RO          793    x$fpl$dnaninf       fz_ws.l(dnaninf.o)
    0x080053c4   0x0000000c   Code   RO          795    x$fpl$dretinf       fz_ws.l(dretinf.o)
    0x080053d0   0x00000016   Code   RO          724    x$fpl$drsb          fz_ws.l(daddsub_clz.o)
    0x080053e6   0x00000002   PAD
    0x080053e8   0x000001cc   Code   RO          910    x$fpl$dsqrt         fz_ws.l(dsqrt_noumaal.o)
    0x080055b4   0x000001d4   Code   RO          725    x$fpl$dsub          fz_ws.l(daddsub_clz.o)
    0x08005788   0x00000056   Code   RO          745    x$fpl$f2d           fz_ws.l(f2d.o)
    0x080057de   0x00000002   PAD
    0x080057e0   0x000000c4   Code   RO          747    x$fpl$fadd          fz_ws.l(faddsub_clz.o)
    0x080058a4   0x00000018   Code   RO          797    x$fpl$fcmpinf       fz_ws.l(fcmpi.o)
    0x080058bc   0x00000068   Code   RO          753    x$fpl$feqf          fz_ws.l(feqf.o)
    0x08005924   0x00000026   Code   RO          755    x$fpl$ffltu         fz_ws.l(fflt_clz.o)
    0x0800594a   0x00000002   PAD
    0x0800594c   0x00000102   Code   RO          761    x$fpl$fmul          fz_ws.l(fmul.o)
    0x08005a4e   0x0000008c   Code   RO          799    x$fpl$fnaninf       fz_ws.l(fnaninf.o)
    0x08005ada   0x0000000a   Code   RO          801    x$fpl$fretinf       fz_ws.l(fretinf.o)
    0x08005ae4   0x00000014   Code   RO          748    x$fpl$frsb          fz_ws.l(faddsub_clz.o)
    0x08005af8   0x000000ea   Code   RO          749    x$fpl$fsub          fz_ws.l(faddsub_clz.o)
    0x08005be2   0x00000004   Code   RO          763    x$fpl$printf1       fz_ws.l(printf1.o)
    0x08005be6   0x00000064   Code   RO          978    x$fpl$retnan        fz_ws.l(retnan.o)
    0x08005c4a   0x0000005c   Code   RO          803    x$fpl$scalbn        fz_ws.l(scalbn.o)
    0x08005ca6   0x00000030   Code   RO          986    x$fpl$trapveneer    fz_ws.l(trapv.o)
    0x08005cd6   0x00000000   Code   RO          805    x$fpl$usenofp       fz_ws.l(usenofp.o)
    0x08005cd6   0x00000016   Data   RO            2    .constdata          main.o
    0x08005cec   0x00000004   PAD
    0x08005cf0   0x00000050   Data   RO          767    .constdata          m_ws.l(asin.o)
    0x08005d40   0x00000098   Data   RO          808    .constdata          m_ws.l(atan.o)
    0x08005dd8   0x00000008   Data   RO          834    .constdata          m_ws.l(qnan.o)
    0x08005de0   0x00000094   Data   RO          875    .constdata          c_w.l(bigflt0.o)
    0x08005e74   0x00000020   Data   RO         1056    Region$$Table       anon$$obj.o
    0x08005e94   0x0000001c   Data   RO          903    locale$$data        c_w.l(lc_numeric_c.o)


    Execution Region RW_IRAM1 (Base: 0x20000000, Size: 0x000009f8, Max: 0x0000c000, ABSOLUTE)

    Base Addr    Size         Type   Attr      Idx    E Section Name        Object

    0x20000000   0x0000004d   Data   RW            3    .data               main.o
    0x2000004d   0x00000003   PAD
    0x20000050   0x00000014   Data   RW          137    .data               system_stm32f10x.o
    0x20000064   0x0000001a   Data   RW          193    .data               mpu6050.o
    0x2000007e   0x00000002   PAD
    0x20000080   0x00000008   Data   RW          219    .data               timer.o
    0x20000088   0x00000050   Data   RW          235    .data               suanfa.o
    0x200000d8   0x00000004   Data   RW          255    .data               delay.o
    0x200000dc   0x00000002   Data   RW          282    .data               usart3.o
    0x200000de   0x00000002   Data   RW          301    .data               usart.o
    0x200000e0   0x00000006   Data   RW          320    .data               usart1.o
    0x200000e6   0x00000014   Data   RW          384    .data               stm32f10x_rcc.o
    0x200000fa   0x00000006   PAD
    0x20000100   0x0000003c   Zero   RW          192    .bss                mpu6050.o
    0x2000013c   0x000000c8   Zero   RW          281    .bss                usart3.o
    0x20000204   0x000000c8   Zero   RW          300    .bss                usart.o
    0x200002cc   0x000000c8   Zero   RW          319    .bss                usart1.o
    0x20000394   0x00000060   Zero   RW          915    .bss                c_w.l(libspace.o)
    0x200003f4   0x00000004   PAD
    0x200003f8   0x00000200   Zero   RW          353    HEAP                startup_stm32f10x_hd.o
    0x200005f8   0x00000400   Zero   RW          352    STACK               startup_stm32f10x_hd.o


==============================================================================

Image component sizes


      Code (inc. data)   RO Data    RW Data    ZI Data      Debug   Object Name

         0          0          0          0          0         32   core_cm3.o
       212         18          0          4          0       1015   delay.o
        64          4          0          0          0        486   led.o
      1184        136         22         77          0     256341   main.o
       220         22          0          0          0       1797   misc.o
       500         38          0         26         60       2428   mpu6050.o
      1028         14          0          0          0       4261   myiic.o
        64         26        304          0       1536        788   startup_stm32f10x_hd.o
       860         38          0          0          0       5641   stm32f10x_gpio.o
        26          0          0          0          0       1178   stm32f10x_it.o
       932         36          0         20          0       8812   stm32f10x_rcc.o
      3610         88          0          0          0      22128   stm32f10x_tim.o
      1032         22          0          0          0       8368   stm32f10x_usart.o
      1760        136          0         80          0       3108   suanfa.o
        12          0          0          0          0        449   sys.o
       480         38          0         20          0       1731   system_stm32f10x.o
       276         18          0          8          0       1477   timer.o
       300         18          0          2        200       1529   usart.o
       332         22          0          6        200       3178   usart1.o
       244         18          0          2        200       1509   usart3.o

    ----------------------------------------------------------------------
     13138        692        362        252       2200     326256   Object Totals
         0          0         32          0          0          0   (incl. Generated)
         2          0          4          7          4          0   (incl. Padding)

    ----------------------------------------------------------------------

      Code (inc. data)   RO Data    RW Data    ZI Data      Debug   Library Member Name

         8          0          0          0          0         68   __main.o
       284          0          0          0          0        156   __printf_wp.o
         0          0          0          0          0          0   __rtentry.o
        12          0          0          0          0          0   __rtentry2.o
         6          0          0          0          0          0   __rtentry4.o
        52          8          0          0          0          0   __scatter.o
        26          0          0          0          0          0   __scatter_copy.o
        28          0          0          0          0          0   __scatter_zi.o
        48          6          0          0          0         96   _printf_char_common.o
        36          4          0          0          0         80   _printf_char_file.o
         6          0          0          0          0          0   _printf_f.o
      1050          0          0          0          0        216   _printf_fp_dec.o
       128         16          0          0          0         84   _printf_fp_infnan.o
         0          0          0          0          0          0   _printf_percent.o
         4          0          0          0          0          0   _printf_percent_end.o
        22          0          0          0          0        100   _rserrno.o
       220          4        148          0          0         96   bigflt0.o
      1910        128          0          0          0        672   btod.o
        12          0          0          0          0         72   exit.o
         8          0          0          0          0         68   ferror.o
         6          0          0          0          0        152   heapauxi.o
        44         10         28          0          0         76   lc_numeric_c.o
         2          0          0          0          0          0   libinit.o
        18          0          0          0          0          0   libinit2.o
         2          0          0          0          0          0   libshutdown.o
         2          0          0          0          0          0   libshutdown2.o
         8          4          0          0         96         68   libspace.o
       138          0          0          0          0         80   lludiv10.o
        24          4          0          0          0         84   noretval__2printf.o
         8          4          0          0          0         68   rt_errno_addr_intlibspace.o
         8          4          0          0          0         68   rt_locale_intlibspace.o
         2          0          0          0          0          0   rtexit.o
        10          0          0          0          0          0   rtexit2.o
       128          0          0          0          0         68   strcmpv7m.o
        74          0          0          0          0         80   sys_stackheap_outer.o
         2          0          0          0          0         68   use_no_semi.o
         2          0          0          0          0         68   use_no_semi_2.o
        98          4          0          0          0         92   d2f.o
       826         16          0          0          0        348   daddsub_clz.o
        16          4          0          0          0         68   dcheck1.o
       688        140          0          0          0        208   ddiv.o
        94          4          0          0          0         92   dfix.o
        46          0          0          0          0         68   dflt_clz.o
       340         12          0          0          0        104   dmul.o
       156          4          0          0          0         92   dnaninf.o
        12          0          0          0          0         68   dretinf.o
       460         56          0          0          0        120   dsqrt_noumaal.o
        86          4          0          0          0         84   f2d.o
       450          8          0          0          0        236   faddsub_clz.o
        24          0          0          0          0         68   fcmpi.o
       104          4          0          0          0         84   feqf.o
        38          0          0          0          0         68   fflt_clz.o
       258          4          0          0          0         84   fmul.o
       140          4          0          0          0         84   fnaninf.o
        10          0          0          0          0         68   fretinf.o
         4          0          0          0          0         68   printf1.o
       100          0          0          0          0         68   retnan.o
        92          0          0          0          0         68   scalbn.o
        48          0          0          0          0         68   trapv.o
         0          0          0          0          0          0   usenofp.o
       624         52         80          0          0        168   asin.o
       544         70        152          0          0        124   atan.o
       384         38          0          0          0        144   atan2.o
        38          6          0          0          0        272   dunder.o
        40          0          0          0          0         68   fpclassify.o
       170          0          0          0          0         96   poly.o
         0          0          8          0          0          0   qnan.o
        76          0          0          0          0         84   sqrt.o

    ----------------------------------------------------------------------
     10324        622        416          0        100       5852   Library Totals
        20          0          0          0          4          0   (incl. Padding)

    ----------------------------------------------------------------------

      Code (inc. data)   RO Data    RW Data    ZI Data      Debug   Library Name

      4338        192        176          0         96       2588   c_w.l
      4090        264          0          0          0       2308   fz_ws.l
      1876        166        240          0          0        956   m_ws.l

    ----------------------------------------------------------------------
     10324        622        416          0        100       5852   Library Totals

    ----------------------------------------------------------------------

==============================================================================


      Code (inc. data)   RO Data    RW Data    ZI Data      Debug   

     23462       1314        778        252       2300     327476   Grand Totals
     23462       1314        778        252       2300     327476   ELF Image Totals
     23462       1314        778        252          0          0   ROM Totals

==============================================================================

    Total RO  Size (Code + RO Data)                24240 (  23.67kB)
    Total RW  Size (RW Data + ZI Data)              2552 (   2.49kB)
    Total ROM Size (Code + RO Data + RW Data)      24492 (  23.92kB)

==============================================================================

