<html>
<body>
<pre>
<h1>礦ision Build Log</h1>
<h2>Tool Versions:</h2>
IDE-Version: μVision V5.14.0.0
Copyright (C) 2015 ARM Ltd and ARM Germany GmbH. All rights reserved.
License Information: 123 123123, 123123, LIC=Y2BSB-2U25B-XACDC-7VDBU-4WUZR-KG2XQ
 
Tool Versions:
Toolchain:       MDK-ARM Professional  Version: 5.14.0.0
Toolchain Path:  C:\Keil_v5\ARM\ARMCC\Bin
C Compiler:      Armcc.exe V5.05 update 1 (build 106)
Assembler:       Armasm.exe V5.05 update 1 (build 106)
Linker/Locator:  ArmLink.exe V5.05 update 1 (build 106)
Library Manager: ArmAr.exe V5.05 update 1 (build 106)
Hex Converter:   FromElf.exe V5.05 update 1 (build 106)
CPU DLL:         SARMCM3.DLL V5.14.0.0
Dialog DLL:      DCM.DLL V1.13.1.0
Target DLL:      Segger\JL2CM3.dll V2.99.13.0
Dialog DLL:      TCM.DLL V1.14.4.0
 
<h2>Project:</h2>
E:\Robot\Rescue_Electronic\大救援比赛代码\M1、2+舵机\USER\新驱动.uvprojx
Project File Date:  08/05/2017

<h2>Output:</h2>
Build target 'Template'
compiling main.c...
main.c(58): warning:  #223-D: function "cycleCounterInit" declared implicitly
        cycleCounterInit();                             // Init cycle counter
main.c: 1 warning, 0 errors
linking...
Program Size: Code=20204 RO-data=348 RW-data=480 ZI-data=2208  
FromELF: creating hex file...
"..\OBJ\TEST1.axf" - 0 Error(s), 1 Warning(s).

<h2>Collection of Component include folders:</h2>
  E:\Robot\Rescue_Electronic\大救援比赛代码\M1、2+舵机\USER\RTE
  C:\Keil_v5\ARM\PACK\Keil\STM32F1xx_DFP\1.0.5\Device\Include

<h2>Collection of Component Files used:</h2>
</pre>
</body>
</html>
