<html>
<body>
<pre>
<h1>礦ision Build Log</h1>
<h2>Tool Versions:</h2>
IDE-Version: μVision V5.14.0.0
Copyright (C) 2015 ARM Ltd and ARM Germany GmbH. All rights reserved.
License Information: 123 123123, 123123, LIC=Y2BSB-2U25B-XACDC-7VDBU-4WUZR-KG2XQ
 
Tool Versions:
Toolchain:       MDK-ARM Professional  Version: 5.14.0.0
Toolchain Path:  C:\Keil_v5\ARM\ARMCC\Bin
C Compiler:      Armcc.exe V5.05 update 1 (build 106)
Assembler:       Armasm.exe V5.05 update 1 (build 106)
Linker/Locator:  ArmLink.exe V5.05 update 1 (build 106)
Library Manager: ArmAr.exe V5.05 update 1 (build 106)
Hex Converter:   FromElf.exe V5.05 update 1 (build 106)
CPU DLL:         SARMCM3.DLL V5.14.0.0
Dialog DLL:      DARMSTM.DLL V1.65.0.0
Target DLL:      STLink\ST-LINKIII-KEIL_SWO.dll V2.0.14.0_KEIL
Dialog DLL:      TARMSTM.DLL V1.64.0.0
 
<h2>Project:</h2>
C:\Users\zhang\Desktop\实验23 IIC实验\USER\IIC.uvprojx
Project File Date:  07/11/2017

<h2>Output:</h2>
Build target 'IIC'
compiling main.c...
main.c(35): warning:  #177-D: variable "key" was declared but never referenced
        u8 key;
main.c(36): warning:  #177-D: variable "i" was declared but never referenced
        u16 i=0;
main.c(37): warning:  #177-D: variable "datatemp" was declared but never referenced
        u8 datatemp[SIZE];
main.c: 3 warnings, 0 errors
linking...
Program Size: Code=11272 RO-data=512 RW-data=56 ZI-data=1832  
FromELF: creating hex file...
"..\OBJ\IIC.axf" - 0 Error(s), 3 Warning(s).

<h2>Collection of Component include folders:</h2>
  C:\Users\zhang\Desktop\实验23 IIC实验\USER\RTE
  C:\Keil_v5\ARM\PACK\Keil\STM32F1xx_DFP\1.0.5\Device\Include

<h2>Collection of Component Files used:</h2>
</pre>
</body>
</html>
