Component: ARM Compiler 5.05 update 1 (build 106) Tool: armlink [4d0efa]

==============================================================================

Section Cross References

    main.o(.text) refers to stm32f10x_usart.o(.text) for USART_GetFlagStatus
    main.o(.text) refers to rt_memclr_w.o(.text) for __aeabi_memclr4
    main.o(.text) refers to atof.o(i.atof) for atof
    main.o(.text) refers to delay.o(.text) for delay_init
    main.o(.text) refers to sys.o(.text) for NVIC_Configuration
    main.o(.text) refers to pwm.o(.text) for GPIO_Direction_init
    main.o(.text) refers to 24l01.o(.text) for NRF24L01_Init
    main.o(.text) refers to encooder.o(.text) for Encoder_Init
    main.o(.text) refers to can.o(.text) for CAN_Config
    main.o(.text) refers to usart.o(.text) for uart_init
    main.o(.text) refers to camera.o(.text) for AX12_send_data
    main.o(.text) refers to f2d.o(x$fpl$f2d) for __aeabi_f2d
    main.o(.text) refers to usart.o(.bss) for USART_RX_BUF
    main.o(.text) refers to main.o(.data) for speed_target_1
    main.o(.text) refers to main.o(.bss) for tmp_buf
    main.o(.text) refers to usart.o(.data) for USART_RX_STA
    main.o(.text) refers to faddsub_clz.o(x$fpl$fadd) for __aeabi_fadd
    main.o(.text) refers to pid.o(.text) for TaskMotorSpeedAdj
    stm32f10x_it.o(.text) refers to stm32f10x_tim.o(.text) for TIM_GetITStatus
    stm32f10x_it.o(.text) refers to dflt_clz.o(x$fpl$dflt) for __aeabi_i2d
    stm32f10x_it.o(.text) refers to ddiv.o(x$fpl$ddiv) for __aeabi_ddiv
    stm32f10x_it.o(.text) refers to dmul.o(x$fpl$dmul) for __aeabi_dmul
    stm32f10x_it.o(.text) refers to stm32f10x_it.o(.data) for update_count
    stm32f10x_it.o(.text) refers to stm32f10x_it.o(.bss) for speed
    stm32f10x_it.o(.text) refers to main.o(.data) for Speed_Flag
    system_stm32f10x.o(.text) refers to system_stm32f10x.o(.data) for SystemCoreClock
    startup_stm32f10x_hd.o(STACK) refers (Special) to heapauxi.o(.text) for __use_two_region_memory
    startup_stm32f10x_hd.o(HEAP) refers (Special) to heapauxi.o(.text) for __use_two_region_memory
    startup_stm32f10x_hd.o(RESET) refers (Special) to heapauxi.o(.text) for __use_two_region_memory
    startup_stm32f10x_hd.o(RESET) refers to startup_stm32f10x_hd.o(STACK) for __initial_sp
    startup_stm32f10x_hd.o(RESET) refers to startup_stm32f10x_hd.o(.text) for Reset_Handler
    startup_stm32f10x_hd.o(RESET) refers to stm32f10x_it.o(.text) for NMI_Handler
    startup_stm32f10x_hd.o(RESET) refers to can.o(.text) for USB_LP_CAN1_RX0_IRQHandler
    startup_stm32f10x_hd.o(RESET) refers to camera.o(.text) for TIM3_IRQHandler
    startup_stm32f10x_hd.o(RESET) refers to usart.o(.text) for USART1_IRQHandler
    startup_stm32f10x_hd.o(.text) refers (Special) to heapauxi.o(.text) for __use_two_region_memory
    startup_stm32f10x_hd.o(.text) refers to system_stm32f10x.o(.text) for SystemInit
    startup_stm32f10x_hd.o(.text) refers to __main.o(!!!main) for __main
    startup_stm32f10x_hd.o(.text) refers to startup_stm32f10x_hd.o(HEAP) for Heap_Mem
    startup_stm32f10x_hd.o(.text) refers to startup_stm32f10x_hd.o(STACK) for Stack_Mem
    stm32f10x_adc.o(.text) refers to stm32f10x_rcc.o(.text) for RCC_APB2PeriphResetCmd
    stm32f10x_bkp.o(.text) refers to stm32f10x_rcc.o(.text) for RCC_BackupResetCmd
    stm32f10x_can.o(.text) refers to stm32f10x_rcc.o(.text) for RCC_APB1PeriphResetCmd
    stm32f10x_cec.o(.text) refers to stm32f10x_rcc.o(.text) for RCC_APB1PeriphResetCmd
    stm32f10x_dac.o(.text) refers to stm32f10x_rcc.o(.text) for RCC_APB1PeriphResetCmd
    stm32f10x_gpio.o(.text) refers to stm32f10x_rcc.o(.text) for RCC_APB2PeriphResetCmd
    stm32f10x_i2c.o(.text) refers to stm32f10x_rcc.o(.text) for RCC_APB1PeriphResetCmd
    stm32f10x_pwr.o(.text) refers to stm32f10x_rcc.o(.text) for RCC_APB1PeriphResetCmd
    stm32f10x_rcc.o(.text) refers to stm32f10x_rcc.o(.data) for APBAHBPrescTable
    stm32f10x_spi.o(.text) refers to stm32f10x_rcc.o(.text) for RCC_APB2PeriphResetCmd
    stm32f10x_tim.o(.text) refers to stm32f10x_rcc.o(.text) for RCC_APB2PeriphResetCmd
    stm32f10x_usart.o(.text) refers to stm32f10x_rcc.o(.text) for RCC_APB2PeriphResetCmd
    stm32f10x_wwdg.o(.text) refers to stm32f10x_rcc.o(.text) for RCC_APB1PeriphResetCmd
    delay.o(.text) refers to misc.o(.text) for SysTick_CLKSourceConfig
    delay.o(.text) refers to system_stm32f10x.o(.data) for SystemCoreClock
    delay.o(.text) refers to delay.o(.data) for fac_us
    sys.o(.text) refers to misc.o(.text) for NVIC_PriorityGroupConfig
    usart.o(.text) refers (Special) to use_no_semi_2.o(.text) for __use_no_semihosting
    usart.o(.text) refers to stm32f10x_rcc.o(.text) for RCC_APB2PeriphClockCmd
    usart.o(.text) refers to stm32f10x_gpio.o(.text) for GPIO_Init
    usart.o(.text) refers to misc.o(.text) for NVIC_Init
    usart.o(.text) refers to stm32f10x_usart.o(.text) for USART_Init
    usart.o(.text) refers to usart.o(.data) for USART_RX_STA
[...]
    .text                                    0x08001f68   Section        0  stm32f10x_tim.o(.text)
    TI4_Config                               0x0800240f   Thumb Code   130  stm32f10x_tim.o(.text)
    TI3_Config                               0x080024a3   Thumb Code   122  stm32f10x_tim.o(.text)
    TI2_Config                               0x08002537   Thumb Code   130  stm32f10x_tim.o(.text)
    TI1_Config                               0x080025cb   Thumb Code   108  stm32f10x_tim.o(.text)
    .text                                    0x08002d84   Section        0  stm32f10x_usart.o(.text)
    .text                                    0x0800318c   Section        0  delay.o(.text)
    .text                                    0x08003260   Section        0  sys.o(.text)
    .text                                    0x0800326c   Section        0  usart.o(.text)
    .text                                    0x080035b8   Section        0  pwm.o(.text)
    TIM_GPIO_Config                          0x080035b9   Thumb Code    54  pwm.o(.text)
    .text                                    0x08003744   Section        0  pid.o(.text)
    .text                                    0x08003df0   Section        0  encooder.o(.text)
    .text                                    0x08004034   Section        0  can.o(.text)
    .text                                    0x08004210   Section        0  24l01.o(.text)
    .text                                    0x08004534   Section        0  spi.o(.text)
    .text                                    0x08004638   Section        0  camera.o(.text)
    .text                                    0x08004740   Section        2  use_no_semi_2.o(.text)
    .text                                    0x08004742   Section       78  rt_memclr_w.o(.text)
    .text                                    0x08004790   Section        0  heapauxi.o(.text)
    .text                                    0x08004796   Section        2  use_no_semi.o(.text)
    .text                                    0x08004798   Section        0  _rserrno.o(.text)
    .text                                    0x080047b0   Section        0  strtod.o(.text)
    _local_sscanf                            0x080047b1   Thumb Code    60  strtod.o(.text)
    .text                                    0x08004850   Section        8  rt_errno_addr_intlibspace.o(.text)
    .text                                    0x08004858   Section        0  isspace.o(.text)
    .text                                    0x0800486a   Section        0  _sgetc.o(.text)
    .text                                    0x080048ac   Section        8  libspace.o(.text)
    .text                                    0x080048b4   Section       74  sys_stackheap_outer.o(.text)
    .text                                    0x08004900   Section       16  rt_ctype_table.o(.text)
    .text                                    0x08004910   Section        0  scanf_fp.o(.text)
    _fp_value                                0x08004911   Thumb Code   508  scanf_fp.o(.text)
    .text                                    0x08004db4   Section        0  exit.o(.text)
    .text                                    0x08004dc0   Section      128  strcmpv7m.o(.text)
    .text                                    0x08004e40   Section        8  rt_locale_intlibspace.o(.text)
    .text                                    0x08004e48   Section        0  bigflt0.o(.text)
    .text                                    0x08004f24   Section        0  scanf_hexfp.o(.text)
    .text                                    0x0800523c   Section        0  scanf_infnan.o(.text)
    .text                                    0x08005370   Section       38  llshl.o(.text)
    .text                                    0x08005396   Section        0  _chval.o(.text)
    CL$$btod_div_common                      0x080053b2   Section      824  btod.o(CL$$btod_div_common)
    CL$$btod_e2d                             0x080056ec   Section       84  btod.o(CL$$btod_e2d)
    CL$$btod_e2e                             0x08005740   Section      198  btod.o(CL$$btod_e2e)
    CL$$btod_ediv                            0x08005806   Section       40  btod.o(CL$$btod_ediv)
    CL$$btod_edivd                           0x0800582e   Section       40  btod.o(CL$$btod_edivd)
    CL$$btod_emul                            0x08005856   Section       40  btod.o(CL$$btod_emul)
    CL$$btod_emuld                           0x0800587e   Section       40  btod.o(CL$$btod_emuld)
    CL$$btod_mult_common                     0x080058a6   Section      580  btod.o(CL$$btod_mult_common)
    i.__mathlib_dbl_overflow                 0x08005aea   Section        0  dunder.o(i.__mathlib_dbl_overflow)
    i.__mathlib_dbl_underflow                0x08005af8   Section        0  dunder.o(i.__mathlib_dbl_underflow)
    i.__mathlib_narrow                       0x08005b08   Section        0  narrow.o(i.__mathlib_narrow)
    i.__mathlib_tofloat                      0x08005b18   Section        0  narrow.o(i.__mathlib_tofloat)
    i.__support_ldexp                        0x08005ba0   Section        0  ldexp.o(i.__support_ldexp)
    i._is_digit                              0x08005bb6   Section        0  scanf_fp.o(i._is_digit)
    i.atof                                   0x08005bc4   Section        0  atof.o(i.atof)
    i.frexp                                  0x08005bf0   Section        0  frexp.o(i.frexp)
    i.ldexp                                  0x08005c48   Section        0  ldexp.o(i.ldexp)
    locale$$code                             0x08005cbc   Section       44  lc_numeric_c.o(locale$$code)
    locale$$code                             0x08005ce8   Section       44  lc_ctype_c.o(locale$$code)
    x$fpl$d2f                                0x08005d14   Section       98  d2f.o(x$fpl$d2f)
    x$fpl$dadd                               0x08005d78   Section      336  daddsub_clz.o(x$fpl$dadd)
    _dadd1                                   0x08005d89   Thumb Code     0  daddsub_clz.o(x$fpl$dadd)
    x$fpl$dcheck1                            0x08005ec8   Section       16  dcheck1.o(x$fpl$dcheck1)
    x$fpl$dcmpinf                            0x08005ed8   Section       24  dcmpi.o(x$fpl$dcmpinf)
    x$fpl$ddiv                               0x08005ef0   Section      688  ddiv.o(x$fpl$ddiv)
    ddiv_entry                               0x08005ef7   Thumb Code     0  ddiv.o(x$fpl$ddiv)
    x$fpl$deqf                               0x080061a0   Section      120  deqf.o(x$fpl$deqf)
    x$fpl$dfixu                              0x08006218   Section       90  dfixu.o(x$fpl$dfixu)
    x$fpl$dflt                               0x08006272   Section       46  dflt_clz.o(x$fpl$dflt)
    x$fpl$dleqf                              0x080062a0   Section      120  dleqf.o(x$fpl$dleqf)
    x$fpl$dmul                               0x08006318   Section      340  dmul.o(x$fpl$dmul)
    x$fpl$dnaninf                            0x0800646c   Section      156  dnaninf.o(x$fpl$dnaninf)
    x$fpl$dretinf                            0x08006508   Section       12  dretinf.o(x$fpl$dretinf)
    x$fpl$drleqf                             0x08006514   Section      108  drleqf.o(x$fpl$drleqf)
    x$fpl$drsb                               0x08006580   Section       22  daddsub_clz.o(x$fpl$drsb)
    x$fpl$dsub                               0x08006598   Section      468  daddsub_clz.o(x$fpl$dsub)
    _dsub1                                   0x080065a9   Thumb Code     0  daddsub_clz.o(x$fpl$dsub)
    x$fpl$f2d                                0x0800676c   Section       86  f2d.o(x$fpl$f2d)
    x$fpl$fadd                               0x080067c4   Section      196  faddsub_clz.o(x$fpl$fadd)
    _fadd1                                   0x080067d3   Thumb Code     0  faddsub_clz.o(x$fpl$fadd)
    x$fpl$fmul                               0x08006888   Section      258  fmul.o(x$fpl$fmul)
    x$fpl$fnaninf                            0x0800698a   Section      140  fnaninf.o(x$fpl$fnaninf)
    x$fpl$fretinf                            0x08006a16   Section       10  fretinf.o(x$fpl$fretinf)
    x$fpl$fsub                               0x08006a20   Section      234  faddsub_clz.o(x$fpl$fsub)
    _fsub1                                   0x08006a2f   Thumb Code     0  faddsub_clz.o(x$fpl$fsub)
    x$fpl$retnan                             0x08006b0a   Section      100  retnan.o(x$fpl$retnan)
    x$fpl$scalbn                             0x08006b6e   Section       92  scalbn.o(x$fpl$scalbn)
    x$fpl$scanf1                             0x08006bca   Section        4  scanf1.o(x$fpl$scanf1)
    x$fpl$scanf2                             0x08006bce   Section        8  scanf2.o(x$fpl$scanf2)
    x$fpl$trapveneer                         0x08006bd6   Section       48  trapv.o(x$fpl$trapveneer)
    .constdata                               0x08006c06   Section       10  24l01.o(.constdata)
    x$fpl$usenofp                            0x08006c06   Section        0  usenofp.o(x$fpl$usenofp)
    .constdata                               0x08006c10   Section      148  bigflt0.o(.constdata)
    tenpwrs_x                                0x08006c10   Data          60  bigflt0.o(.constdata)
    tenpwrs_i                                0x08006c4c   Data          64  bigflt0.o(.constdata)
    c$$dinf                                  0x08006cc4   Section        8  fpconst.o(c$$dinf)
    locale$$data                             0x08006ccc   Section       28  lc_numeric_c.o(locale$$data)
    __lcnum_c_name                           0x08006cd0   Data           2  lc_numeric_c.o(locale$$data)
    __lcnum_c_start                          0x08006cd8   Data           0  lc_numeric_c.o(locale$$data)
    __lcnum_c_point                          0x08006ce4   Data           0  lc_numeric_c.o(locale$$data)
    __lcnum_c_thousands                      0x08006ce6   Data           0  lc_numeric_c.o(locale$$data)
    __lcnum_c_grouping                       0x08006ce7   Data           0  lc_numeric_c.o(locale$$data)
    locale$$data                             0x08006ce8   Section      272  lc_ctype_c.o(locale$$data)
    __lcnum_c_end                            0x08006ce8   Data           0  lc_numeric_c.o(locale$$data)
    __lcctype_c_name                         0x08006cec   Data           2  lc_ctype_c.o(locale$$data)
    __lcctype_c_start                        0x08006cf4   Data           0  lc_ctype_c.o(locale$$data)
    __lcctype_c_end                          0x08006df8   Data           0  lc_ctype_c.o(locale$$data)
    .data                                    0x20000000   Section       77  main.o(.data)
    .data                                    0x20000050   Section       36  stm32f10x_it.o(.data)
    .data                                    0x20000074   Section       20  system_stm32f10x.o(.data)
    .data                                    0x20000088   Section       20  stm32f10x_rcc.o(.data)
    APBAHBPrescTable                         0x20000088   Data          16  stm32f10x_rcc.o(.data)
    ADCPrescTable                            0x20000098   Data           4  stm32f10x_rcc.o(.data)
    .data                                    0x2000009c   Section        4  delay.o(.data)
    fac_us                                   0x2000009c   Data           1  delay.o(.data)
    fac_ms                                   0x2000009e   Data           2  delay.o(.data)
    .data                                    0x200000a0   Section       10  usart.o(.data)
    .data                                    0x200000b0   Section      130  pid.o(.data)
    .data                                    0x20000134   Section        8  can.o(.data)
    .data                                    0x2000013c   Section        5  camera.o(.data)
    .bss                                     0x20000148   Section      129  main.o(.bss)
    .bss                                     0x200001d0   Section       16  stm32f10x_it.o(.bss)
    .bss                                     0x200001e0   Section      600  usart.o(.bss)
    .bss                                     0x20000438   Section       32  pwm.o(.bss)
    .bss                                     0x20000458   Section       40  can.o(.bss)
    .bss                                     0x20000480   Section       96  libspace.o(.bss)
    HEAP                                     0x200004e0   Section      512  startup_stm32f10x_hd.o(HEAP)
    Heap_Mem                                 0x200004e0   Data         512  startup_stm32f10x_hd.o(HEAP)
    STACK                                    0x200006e0   Section     1024  startup_stm32f10x_hd.o(STACK)
    Stack_Mem                                0x200006e0   Data        1024  startup_stm32f10x_hd.o(STACK)
    __initial_sp                             0x20000ae0   Data           0  startup_stm32f10x_hd.o(STACK)

    Global Symbols

    Symbol Name                              Value     Ov Type        Size  Object(Section)

    BuildAttributes$$THM_ISAv4$P$D$K$B$S$PE$A:L22UL41UL21$X:L11$S22US41US21$IEEE1$IW$USESV6$~STKCKD$USESV7$~SHL$OTIME$ROPI$IEEEX$EBA8$UX$STANDARDLIB$REQ8$PRES8$EABIv2 0x00000000   Number         0  anon$$obj.o ABSOLUTE
    __ARM_use_no_argv                        0x00000000   Number         0  main.o ABSOLUTE
    __ARM_exceptions_init                     - Undefined Weak Reference
    __alloca_initialize                       - Undefined Weak Reference
    __arm_preinit_                            - Undefined Weak Reference
    __cpp_initialize__aeabi_                  - Undefined Weak Reference
    __cxa_finalize                            - Undefined Weak Reference
    __sigvec_lookup                           - Undefined Weak Reference
    _atexit_init                              - Undefined Weak Reference
    _call_atexit_fns                          - Undefined Weak Reference
    _clock_init                               - Undefined Weak Reference
    _fp_trap_init                             - Undefined Weak Reference
    _fp_trap_shutdown                         - Undefined Weak Reference
    _get_lc_collate                           - Undefined Weak Reference
    _get_lc_monetary                          - Undefined Weak Reference
    _get_lc_time                              - Undefined Weak Reference
    _getenv_init                              - Undefined Weak Reference
    _handle_redirection                       - Undefined Weak Reference
    _init_alloc                               - Undefined Weak Reference
    _init_user_alloc                          - Undefined Weak Reference
    _initio                                   - Undefined Weak Reference
    _rand_init                                - Undefined Weak Reference
    _signal_finish                            - Undefined Weak Reference
    _signal_init                              - Undefined Weak Reference
    _terminate_alloc                          - Undefined Weak Reference
    _terminate_user_alloc                     - Undefined Weak Reference
    _terminateio                              - Undefined Weak Reference
    __Vectors_Size                           0x00000130   Number         0  startup_stm32f10x_hd.o ABSOLUTE
    __Vectors                                0x08000000   Data           4  startup_stm32f10x_hd.o(RESET)
    __Vectors_End                            0x08000130   Data           0  startup_stm32f10x_hd.o(RESET)
    __main                                   0x08000131   Thumb Code     8  __main.o(!!!main)
    __scatterload                            0x08000139   Thumb Code     0  __scatter.o(!!!scatter)
    __scatterload_rt2                        0x08000139   Thumb Code    44  __scatter.o(!!!scatter)
    __scatterload_rt2_thumb_only             0x08000139   Thumb Code     0  __scatter.o(!!!scatter)
    __scatterload_null                       0x08000147   Thumb Code     0  __scatter.o(!!!scatter)
    __decompress                             0x0800016d   Thumb Code    90  __dczerorl2.o(!!dczerorl2)
    __decompress1                            0x0800016d   Thumb Code     0  __dczerorl2.o(!!dczerorl2)
    __scatterload_zeroinit                   0x080001c9   Thumb Code    28  __scatter_zi.o(!!handler_zi)
    __rt_lib_init                            0x080001e5   Thumb Code     0  libinit.o(.ARM.Collect$$libinit$$00000000)
    __rt_lib_init_fp_1                       0x080001e7   Thumb Code     0  libinit2.o(.ARM.Collect$$libinit$$00000002)
    __rt_lib_init_heap_1                     0x080001e7   Thumb Code     0  libinit2.o(.ARM.Collect$$libinit$$0000000A)
    __rt_lib_init_lc_common                  0x080001e7   Thumb Code     0  libinit2.o(.ARM.Collect$$libinit$$0000000F)
    __rt_lib_init_preinit_1                  0x080001e7   Thumb Code     0  libinit2.o(.ARM.Collect$$libinit$$00000004)
    __rt_lib_init_rand_1                     0x080001e7   Thumb Code     0  libinit2.o(.ARM.Collect$$libinit$$0000000E)
    __rt_lib_init_user_alloc_1               0x080001e7   Thumb Code     0  libinit2.o(.ARM.Collect$$libinit$$0000000C)
    __rt_lib_init_lc_collate_1               0x080001ed   Thumb Code     0  libinit2.o(.ARM.Collect$$libinit$$00000011)
    __rt_lib_init_lc_ctype_2                 0x080001ed   Thumb Code     0  libinit2.o(.ARM.Collect$$libinit$$00000012)
    __rt_lib_init_lc_ctype_1                 0x080001f9   Thumb Code     0  libinit2.o(.ARM.Collect$$libinit$$00000013)
    __rt_lib_init_lc_monetary_1              0x080001f9   Thumb Code     0  libinit2.o(.ARM.Collect$$libinit$$00000015)
    __rt_lib_init_lc_numeric_2               0x080001f9   Thumb Code     0  libinit2.o(.ARM.Collect$$libinit$$00000016)
    __rt_lib_init_alloca_1                   0x08000203   Thumb Code     0  libinit2.o(.ARM.Collect$$libinit$$0000002E)
    __rt_lib_init_argv_1                     0x08000203   Thumb Code     0  libinit2.o(.ARM.Collect$$libinit$$0000002C)
    __rt_lib_init_atexit_1                   0x08000203   Thumb Code     0  libinit2.o(.ARM.Collect$$libinit$$0000001B)
    __rt_lib_init_clock_1                    0x08000203   Thumb Code     0  libinit2.o(.ARM.Collect$$libinit$$00000021)
    __rt_lib_init_cpp_1                      0x08000203   Thumb Code     0  libinit2.o(.ARM.Collect$$libinit$$00000032)
    __rt_lib_init_exceptions_1               0x08000203   Thumb Code     0  libinit2.o(.ARM.Collect$$libinit$$00000030)
    __rt_lib_init_fp_trap_1                  0x08000203   Thumb Code     0  libinit2.o(.ARM.Collect$$libinit$$0000001F)
    __rt_lib_init_getenv_1                   0x08000203   Thumb Code     0  libinit2.o(.ARM.Collect$$libinit$$00000023)
    __rt_lib_init_lc_numeric_1               0x08000203   Thumb Code     0  libinit2.o(.ARM.Collect$$libinit$$00000017)
    __rt_lib_init_lc_time_1                  0x08000203   Thumb Code     0  libinit2.o(.ARM.Collect$$libinit$$00000019)
    __rt_lib_init_return                     0x08000203   Thumb Code     0  libinit2.o(.ARM.Collect$$libinit$$00000033)
    __rt_lib_init_signal_1                   0x08000203   Thumb Code     0  libinit2.o(.ARM.Collect$$libinit$$0000001D)
    __rt_lib_init_stdio_1                    0x08000203   Thumb Code     0  libinit2.o(.ARM.Collect$$libinit$$00000025)
    __rt_lib_shutdown                        0x08000205   Thumb Code     0  libshutdown.o(.ARM.Collect$$libshutdown$$00000000)
    __rt_lib_shutdown_fp_trap_1              0x08000207   Thumb Code     0  libshutdown2.o(.ARM.Collect$$libshutdown$$00000006)
    __rt_lib_shutdown_heap_1                 0x08000207   Thumb Code     0  libshutdown2.o(.ARM.Collect$$libshutdown$$0000000E)
    __rt_lib_shutdown_return                 0x08000207   Thumb Code     0  libshutdown2.o(.ARM.Collect$$libshutdown$$0000000F)
    __rt_lib_shutdown_signal_1               0x08000207   Thumb Code     0  libshutdown2.o(.ARM.Collect$$libshutdown$$00000009)
    __rt_lib_shutdown_stdio_1                0x08000207   Thumb Code     0  libshutdown2.o(.ARM.Collect$$libshutdown$$00000003)
    __rt_lib_shutdown_user_alloc_1           0x08000207   Thumb Code     0  libshutdown2.o(.ARM.Collect$$libshutdown$$0000000B)
    __rt_entry                               0x08000209   Thumb Code     0  __rtentry.o(.ARM.Collect$$rtentry$$00000000)
    __rt_entry_presh_1                       0x08000209   Thumb Code     0  __rtentry2.o(.ARM.Collect$$rtentry$$00000002)
    __rt_entry_sh                            0x08000209   Thumb Code     0  __rtentry4.o(.ARM.Collect$$rtentry$$00000004)
    __rt_entry_li                            0x0800020f   Thumb Code     0  __rtentry2.o(.ARM.Collect$$rtentry$$0000000A)
    __rt_entry_postsh_1                      0x0800020f   Thumb Code     0  __rtentry2.o(.ARM.Collect$$rtentry$$00000009)
    __rt_entry_main                          0x08000213   Thumb Code     0  __rtentry2.o(.ARM.Collect$$rtentry$$0000000D)
    __rt_entry_postli_1                      0x08000213   Thumb Code     0  __rtentry2.o(.ARM.Collect$$rtentry$$0000000C)
    __rt_exit                                0x0800021b   Thumb Code     0  rtexit.o(.ARM.Collect$$rtexit$$00000000)
    __rt_exit_ls                             0x0800021d   Thumb Code     0  rtexit2.o(.ARM.Collect$$rtexit$$00000003)
    __rt_exit_prels_1                        0x0800021d   Thumb Code     0  rtexit2.o(.ARM.Collect$$rtexit$$00000002)
    __rt_exit_exit                           0x08000221   Thumb Code     0  rtexit2.o(.ARM.Collect$$rtexit$$00000004)
    usart1_send_char                         0x08000229   Thumb Code    28  main.o(.text)
    usart1_niming_report                     0x08000245   Thumb Code   118  main.o(.text)
    mpu6050_send_data                        0x080002bb   Thumb Code   110  main.o(.text)
    usart1_report_imu                        0x08000329   Thumb Code   192  main.o(.text)
    msg_check_2                              0x080003e9   Thumb Code   186  main.o(.text)
    main                                     0x080004a3   Thumb Code   596  main.o(.text)
    NMI_Handler                              0x08000709   Thumb Code     2  stm32f10x_it.o(.text)
    HardFault_Handler                        0x0800070b   Thumb Code     4  stm32f10x_it.o(.text)
    MemManage_Handler                        0x0800070f   Thumb Code     4  stm32f10x_it.o(.text)
    BusFault_Handler                         0x08000713   Thumb Code     4  stm32f10x_it.o(.text)
    UsageFault_Handler                       0x08000717   Thumb Code     4  stm32f10x_it.o(.text)
    SVC_Handler                              0x0800071b   Thumb Code     2  stm32f10x_it.o(.text)
    DebugMon_Handler                         0x0800071d   Thumb Code     2  stm32f10x_it.o(.text)
    PendSV_Handler                           0x0800071f   Thumb Code     2  stm32f10x_it.o(.text)
    SysTick_Handler                          0x08000721   Thumb Code     2  stm32f10x_it.o(.text)
    TIM2_IRQHandler                          0x08000723   Thumb Code    56  stm32f10x_it.o(.text)
    TIM4_IRQHandler                          0x0800075b   Thumb Code    54  stm32f10x_it.o(.text)
    TIM5_IRQHandler                          0x08000791   Thumb Code     2  stm32f10x_it.o(.text)
    TIM7_IRQHandler                          0x08000793   Thumb Code   178  stm32f10x_it.o(.text)
    SystemInit                               0x0800094f   Thumb Code    78  system_stm32f10x.o(.text)
    SystemCoreClockUpdate                    0x0800099d   Thumb Code   142  system_stm32f10x.o(.text)
    Reset_Handler                            0x08000a51   Thumb Code     8  startup_stm32f10x_hd.o(.text)
    ADC1_2_IRQHandler                        0x08000a6b   Thumb Code     0  startup_stm32f10x_hd.o(.text)
    ADC3_IRQHandler                          0x08000a6b   Thumb Code     0  startup_stm32f10x_hd.o(.text)
    CAN1_RX1_IRQHandler                      0x08000a6b   Thumb Code     0  startup_stm32f10x_hd.o(.text)
    CAN1_SCE_IRQHandler                      0x08000a6b   Thumb Code     0  startup_stm32f10x_hd.o(.text)
    DMA1_Channel1_IRQHandler                 0x08000a6b   Thumb Code     0  startup_stm32f10x_hd.o(.text)
    DMA1_Channel2_IRQHandler                 0x08000a6b   Thumb Code     0  startup_stm32f10x_hd.o(.text)
    DMA1_Channel3_IRQHandler                 0x08000a6b   Thumb Code     0  startup_stm32f10x_hd.o(.text)
    DMA1_Channel4_IRQHandler                 0x08000a6b   Thumb Code     0  startup_stm32f10x_hd.o(.text)
    DMA1_Channel5_IRQHandler                 0x08000a6b   Thumb Code     0  startup_stm32f10x_hd.o(.text)
    DMA1_Channel6_IRQHandler                 0x08000a6b   Thumb Code     0  startup_stm32f10x_hd.o(.text)
    DMA1_Channel7_IRQHandler                 0x08000a6b   Thumb Code     0  startup_stm32f10x_hd.o(.text)
    DMA2_Channel1_IRQHandler                 0x08000a6b   Thumb Code     0  startup_stm32f10x_hd.o(.text)
    DMA2_Channel2_IRQHandler                 0x08000a6b   Thumb Code     0  startup_stm32f10x_hd.o(.text)
    DMA2_Channel3_IRQHandler                 0x08000a6b   Thumb Code     0  startup_stm32f10x_hd.o(.text)
    DMA2_Channel4_5_IRQHandler               0x08000a6b   Thumb Code     0  startup_stm32f10x_hd.o(.text)
    EXTI0_IRQHandler                         0x08000a6b   Thumb Code     0  startup_stm32f10x_hd.o(.text)
    EXTI15_10_IRQHandler                     0x08000a6b   Thumb Code     0  startup_stm32f10x_hd.o(.text)
    EXTI1_IRQHandler                         0x08000a6b   Thumb Code     0  startup_stm32f10x_hd.o(.text)
    EXTI2_IRQHandler                         0x08000a6b   Thumb Code     0  startup_stm32f10x_hd.o(.text)
    EXTI3_IRQHandler                         0x08000a6b   Thumb Code     0  startup_stm32f10x_hd.o(.text)
    EXTI4_IRQHandler                         0x08000a6b   Thumb Code     0  startup_stm32f10x_hd.o(.text)
    EXTI9_5_IRQHandler                       0x08000a6b   Thumb Code     0  startup_stm32f10x_hd.o(.text)
    FLASH_IRQHandler                         0x08000a6b   Thumb Code     0  startup_stm32f10x_hd.o(.text)
    FSMC_IRQHandler                          0x08000a6b   Thumb Code     0  startup_stm32f10x_hd.o(.text)
    I2C1_ER_IRQHandler                       0x08000a6b   Thumb Code     0  startup_stm32f10x_hd.o(.text)
    I2C1_EV_IRQHandler                       0x08000a6b   Thumb Code     0  startup_stm32f10x_hd.o(.text)
    I2C2_ER_IRQHandler                       0x08000a6b   Thumb Code     0  startup_stm32f10x_hd.o(.text)
    I2C2_EV_IRQHandler                       0x08000a6b   Thumb Code     0  startup_stm32f10x_hd.o(.text)
    PVD_IRQHandler                           0x08000a6b   Thumb Code     0  startup_stm32f10x_hd.o(.text)
    RCC_IRQHandler                           0x08000a6b   Thumb Code     0  startup_stm32f10x_hd.o(.text)
    RTCAlarm_IRQHandler                      0x08000a6b   Thumb Code     0  startup_stm32f10x_hd.o(.text)
    RTC_IRQHandler                           0x08000a6b   Thumb Code     0  startup_stm32f10x_hd.o(.text)
    SDIO_IRQHandler                          0x08000a6b   Thumb Code     0  startup_stm32f10x_hd.o(.text)
    SPI1_IRQHandler                          0x08000a6b   Thumb Code     0  startup_stm32f10x_hd.o(.text)
    SPI2_IRQHandler                          0x08000a6b   Thumb Code     0  startup_stm32f10x_hd.o(.text)
    SPI3_IRQHandler                          0x08000a6b   Thumb Code     0  startup_stm32f10x_hd.o(.text)
    TAMPER_IRQHandler                        0x08000a6b   Thumb Code     0  startup_stm32f10x_hd.o(.text)
    TIM1_BRK_IRQHandler                      0x08000a6b   Thumb Code     0  startup_stm32f10x_hd.o(.text)
    TIM1_CC_IRQHandler                       0x08000a6b   Thumb Code     0  startup_stm32f10x_hd.o(.text)
    TIM1_TRG_COM_IRQHandler                  0x08000a6b   Thumb Code     0  startup_stm32f10x_hd.o(.text)
    TIM1_UP_IRQHandler                       0x08000a6b   Thumb Code     0  startup_stm32f10x_hd.o(.text)
    TIM6_IRQHandler                          0x08000a6b   Thumb Code     0  startup_stm32f10x_hd.o(.text)
    TIM8_BRK_IRQHandler                      0x08000a6b   Thumb Code     0  startup_stm32f10x_hd.o(.text)
    TIM8_CC_IRQHandler                       0x08000a6b   Thumb Code     0  startup_stm32f10x_hd.o(.text)
    TIM8_TRG_COM_IRQHandler                  0x08000a6b   Thumb Code     0  startup_stm32f10x_hd.o(.text)
    TIM8_UP_IRQHandler                       0x08000a6b   Thumb Code     0  startup_stm32f10x_hd.o(.text)
    UART5_IRQHandler                         0x08000a6b   Thumb Code     0  startup_stm32f10x_hd.o(.text)
    USART2_IRQHandler                        0x08000a6b   Thumb Code     0  startup_stm32f10x_hd.o(.text)
    USBWakeUp_IRQHandler                     0x08000a6b   Thumb Code     0  startup_stm32f10x_hd.o(.text)
    USB_HP_CAN1_TX_IRQHandler                0x08000a6b   Thumb Code     0  startup_stm32f10x_hd.o(.text)
    WWDG_IRQHandler                          0x08000a6b   Thumb Code     0  startup_stm32f10x_hd.o(.text)
    __user_initial_stackheap                 0x08000a6d   Thumb Code     0  startup_stm32f10x_hd.o(.text)
    NVIC_PriorityGroupConfig                 0x08000a91   Thumb Code    10  misc.o(.text)
    NVIC_Init                                0x08000a9b   Thumb Code   100  misc.o(.text)
    NVIC_SetVectorTable                      0x08000aff   Thumb Code    14  misc.o(.text)
    NVIC_SystemLPConfig                      0x08000b0d   Thumb Code    34  misc.o(.text)
    SysTick_CLKSourceConfig                  0x08000b2f   Thumb Code    40  misc.o(.text)
    CAN_DeInit                               0x08000b6d   Thumb Code    50  stm32f10x_can.o(.text)
    CAN_Init                                 0x08000b9f   Thumb Code   276  stm32f10x_can.o(.text)
    CAN_FilterInit                           0x08000cb3   Thumb Code   258  stm32f10x_can.o(.text)
    CAN_StructInit                           0x08000db5   Thumb Code    32  stm32f10x_can.o(.text)
    CAN_SlaveStartBank                       0x08000dd5   Thumb Code    48  stm32f10x_can.o(.text)
    CAN_DBGFreeze                            0x08000e05   Thumb Code    22  stm32f10x_can.o(.text)
    CAN_TTComModeCmd                         0x08000e1b   Thumb Code   118  stm32f10x_can.o(.text)
    CAN_Transmit                             0x08000e91   Thumb Code   304  stm32f10x_can.o(.text)
    CAN_TransmitStatus                       0x08000fc1   Thumb Code   138  stm32f10x_can.o(.text)
    CAN_CancelTransmit                       0x0800104b   Thumb Code    48  stm32f10x_can.o(.text)
    CAN_Receive                              0x0800107b   Thumb Code   240  stm32f10x_can.o(.text)
    CAN_FIFORelease                          0x0800116b   Thumb Code    22  stm32f10x_can.o(.text)
    CAN_MessagePending                       0x08001181   Thumb Code    30  stm32f10x_can.o(.text)
    CAN_OperatingModeRequest                 0x0800119f   Thumb Code   162  stm32f10x_can.o(.text)
    CAN_Sleep                                0x08001241   Thumb Code    30  stm32f10x_can.o(.text)
    CAN_WakeUp                               0x0800125f   Thumb Code    48  stm32f10x_can.o(.text)
    CAN_GetLastErrorCode                     0x0800128f   Thumb Code    12  stm32f10x_can.o(.text)
    CAN_GetReceiveErrorCounter               0x0800129b   Thumb Code    10  stm32f10x_can.o(.text)
    CAN_GetLSBTransmitErrorCounter           0x080012a5   Thumb Code    12  stm32f10x_can.o(.text)
    CAN_ITConfig                             0x080012b1   Thumb Code    18  stm32f10x_can.o(.text)
    CAN_GetFlagStatus                        0x080012c3   Thumb Code   120  stm32f10x_can.o(.text)
    CAN_ClearFlag                            0x0800133b   Thumb Code    52  stm32f10x_can.o(.text)
    CAN_GetITStatus                          0x08001381   Thumb Code   310  stm32f10x_can.o(.text)
    CAN_ClearITPendingBit                    0x080014b7   Thumb Code   162  stm32f10x_can.o(.text)
    GPIO_DeInit                              0x0800155d   Thumb Code   172  stm32f10x_gpio.o(.text)
    GPIO_AFIODeInit                          0x08001609   Thumb Code    20  stm32f10x_gpio.o(.text)
    GPIO_Init                                0x0800161d   Thumb Code   278  stm32f10x_gpio.o(.text)
    GPIO_StructInit                          0x08001733   Thumb Code    16  stm32f10x_gpio.o(.text)
    GPIO_ReadInputDataBit                    0x08001743   Thumb Code    18  stm32f10x_gpio.o(.text)
    GPIO_ReadInputData                       0x08001755   Thumb Code     8  stm32f10x_gpio.o(.text)
    GPIO_ReadOutputDataBit                   0x0800175d   Thumb Code    18  stm32f10x_gpio.o(.text)
    GPIO_ReadOutputData                      0x0800176f   Thumb Code     8  stm32f10x_gpio.o(.text)
    GPIO_SetBits                             0x08001777   Thumb Code     4  stm32f10x_gpio.o(.text)
    GPIO_ResetBits                           0x0800177b   Thumb Code     4  stm32f10x_gpio.o(.text)
    GPIO_WriteBit                            0x0800177f   Thumb Code    10  stm32f10x_gpio.o(.text)
    GPIO_Write                               0x08001789   Thumb Code     4  stm32f10x_gpio.o(.text)
    GPIO_PinLockConfig                       0x0800178d   Thumb Code    18  stm32f10x_gpio.o(.text)
    GPIO_EventOutputConfig                   0x0800179f   Thumb Code    26  stm32f10x_gpio.o(.text)
    GPIO_EventOutputCmd                      0x080017b9   Thumb Code     6  stm32f10x_gpio.o(.text)
    GPIO_PinRemapConfig                      0x080017bf   Thumb Code   138  stm32f10x_gpio.o(.text)
    GPIO_EXTILineConfig                      0x08001849   Thumb Code    66  stm32f10x_gpio.o(.text)
    GPIO_ETH_MediaInterfaceConfig            0x0800188b   Thumb Code     8  stm32f10x_gpio.o(.text)
    RCC_DeInit                               0x080018b9   Thumb Code    64  stm32f10x_rcc.o(.text)
    RCC_HSEConfig                            0x080018f9   Thumb Code    70  stm32f10x_rcc.o(.text)
    RCC_GetFlagStatus                        0x0800193f   Thumb Code    56  stm32f10x_rcc.o(.text)
    RCC_WaitForHSEStartUp                    0x08001977   Thumb Code    56  stm32f10x_rcc.o(.text)
    RCC_AdjustHSICalibrationValue            0x080019af   Thumb Code    20  stm32f10x_rcc.o(.text)
    RCC_HSICmd                               0x080019c3   Thumb Code     6  stm32f10x_rcc.o(.text)
    RCC_PLLConfig                            0x080019c9   Thumb Code    24  stm32f10x_rcc.o(.text)
    RCC_PLLCmd                               0x080019e1   Thumb Code     6  stm32f10x_rcc.o(.text)
    RCC_SYSCLKConfig                         0x080019e7   Thumb Code    18  stm32f10x_rcc.o(.text)
    RCC_GetSYSCLKSource                      0x080019f9   Thumb Code    10  stm32f10x_rcc.o(.text)
    RCC_HCLKConfig                           0x08001a03   Thumb Code    18  stm32f10x_rcc.o(.text)
    RCC_PCLK1Config                          0x08001a15   Thumb Code    18  stm32f10x_rcc.o(.text)
    RCC_PCLK2Config                          0x08001a27   Thumb Code    20  stm32f10x_rcc.o(.text)
    RCC_ITConfig                             0x08001a3b   Thumb Code    26  stm32f10x_rcc.o(.text)
    RCC_USBCLKConfig                         0x08001a55   Thumb Code     8  stm32f10x_rcc.o(.text)
    RCC_ADCCLKConfig                         0x08001a5d   Thumb Code    18  stm32f10x_rcc.o(.text)
    RCC_LSEConfig                            0x08001a6f   Thumb Code    50  stm32f10x_rcc.o(.text)
    RCC_LSICmd                               0x08001aa1   Thumb Code     6  stm32f10x_rcc.o(.text)
    RCC_RTCCLKConfig                         0x08001aa7   Thumb Code    12  stm32f10x_rcc.o(.text)
    RCC_RTCCLKCmd                            0x08001ab3   Thumb Code     8  stm32f10x_rcc.o(.text)
    RCC_GetClocksFreq                        0x08001abb   Thumb Code   192  stm32f10x_rcc.o(.text)
    RCC_AHBPeriphClockCmd                    0x08001b7b   Thumb Code    26  stm32f10x_rcc.o(.text)
    RCC_APB2PeriphClockCmd                   0x08001b95   Thumb Code    26  stm32f10x_rcc.o(.text)
    RCC_APB1PeriphClockCmd                   0x08001baf   Thumb Code    26  stm32f10x_rcc.o(.text)
    RCC_APB2PeriphResetCmd                   0x08001bc9   Thumb Code    26  stm32f10x_rcc.o(.text)
    RCC_APB1PeriphResetCmd                   0x08001be3   Thumb Code    26  stm32f10x_rcc.o(.text)
    RCC_BackupResetCmd                       0x08001bfd   Thumb Code     8  stm32f10x_rcc.o(.text)
    RCC_ClockSecuritySystemCmd               0x08001c05   Thumb Code     6  stm32f10x_rcc.o(.text)
    RCC_MCOConfig                            0x08001c0b   Thumb Code     6  stm32f10x_rcc.o(.text)
    RCC_ClearFlag                            0x08001c11   Thumb Code    14  stm32f10x_rcc.o(.text)
    RCC_GetITStatus                          0x08001c1f   Thumb Code    20  stm32f10x_rcc.o(.text)
    RCC_ClearITPendingBit                    0x08001c33   Thumb Code     6  stm32f10x_rcc.o(.text)
    SPI_I2S_DeInit                           0x08001c5d   Thumb Code    76  stm32f10x_spi.o(.text)
    SPI_Init                                 0x08001ca9   Thumb Code    60  stm32f10x_spi.o(.text)
    I2S_Init                                 0x08001ce5   Thumb Code   226  stm32f10x_spi.o(.text)
    SPI_StructInit                           0x08001dc7   Thumb Code    24  stm32f10x_spi.o(.text)
    I2S_StructInit                           0x08001ddf   Thumb Code    20  stm32f10x_spi.o(.text)
    SPI_Cmd                                  0x08001df3   Thumb Code    24  stm32f10x_spi.o(.text)
    I2S_Cmd                                  0x08001e0b   Thumb Code    24  stm32f10x_spi.o(.text)
    SPI_I2S_ITConfig                         0x08001e23   Thumb Code    32  stm32f10x_spi.o(.text)
    SPI_I2S_DMACmd                           0x08001e43   Thumb Code    18  stm32f10x_spi.o(.text)
    SPI_I2S_SendData                         0x08001e55   Thumb Code     4  stm32f10x_spi.o(.text)
    SPI_I2S_ReceiveData                      0x08001e59   Thumb Code     6  stm32f10x_spi.o(.text)
    SPI_NSSInternalSoftwareConfig            0x08001e5f   Thumb Code    30  stm32f10x_spi.o(.text)
    SPI_SSOutputCmd                          0x08001e7d   Thumb Code    24  stm32f10x_spi.o(.text)
    SPI_DataSizeConfig                       0x08001e95   Thumb Code    18  stm32f10x_spi.o(.text)
    SPI_TransmitCRC                          0x08001ea7   Thumb Code    10  stm32f10x_spi.o(.text)
    SPI_CalculateCRC                         0x08001eb1   Thumb Code    24  stm32f10x_spi.o(.text)
    SPI_GetCRC                               0x08001ec9   Thumb Code    16  stm32f10x_spi.o(.text)
    SPI_GetCRCPolynomial                     0x08001ed9   Thumb Code     6  stm32f10x_spi.o(.text)
    SPI_BiDirectionalLineConfig              0x08001edf   Thumb Code    28  stm32f10x_spi.o(.text)
    SPI_I2S_GetFlagStatus                    0x08001efb   Thumb Code    18  stm32f10x_spi.o(.text)
    SPI_I2S_ClearFlag                        0x08001f0d   Thumb Code     6  stm32f10x_spi.o(.text)
    SPI_I2S_GetITStatus                      0x08001f13   Thumb Code    52  stm32f10x_spi.o(.text)
    SPI_I2S_ClearITPendingBit                0x08001f47   Thumb Code    20  stm32f10x_spi.o(.text)
    TIM_DeInit                               0x08001f69   Thumb Code   424  stm32f10x_tim.o(.text)
    TIM_TimeBaseInit                         0x08002111   Thumb Code   122  stm32f10x_tim.o(.text)
    TIM_OC1Init                              0x0800218b   Thumb Code   132  stm32f10x_tim.o(.text)
    TIM_OC2Init                              0x0800220f   Thumb Code   154  stm32f10x_tim.o(.text)
    TIM_OC3Init                              0x080022a9   Thumb Code   150  stm32f10x_tim.o(.text)
    TIM_OC4Init                              0x0800233f   Thumb Code   182  stm32f10x_tim.o(.text)
    TIM_SetIC4Prescaler                      0x080023f5   Thumb Code    26  stm32f10x_tim.o(.text)
    TIM_SetIC3Prescaler                      0x08002491   Thumb Code    18  stm32f10x_tim.o(.text)
    TIM_SetIC2Prescaler                      0x0800251d   Thumb Code    26  stm32f10x_tim.o(.text)
    TIM_SetIC1Prescaler                      0x080025b9   Thumb Code    18  stm32f10x_tim.o(.text)
    TIM_ICInit                               0x08002637   Thumb Code   150  stm32f10x_tim.o(.text)
    TIM_PWMIConfig                           0x080026cd   Thumb Code   124  stm32f10x_tim.o(.text)
    TIM_BDTRConfig                           0x08002749   Thumb Code    32  stm32f10x_tim.o(.text)
    TIM_TimeBaseStructInit                   0x08002769   Thumb Code    18  stm32f10x_tim.o(.text)
    TIM_OCStructInit                         0x0800277b   Thumb Code    20  stm32f10x_tim.o(.text)
    TIM_ICStructInit                         0x0800278f   Thumb Code    18  stm32f10x_tim.o(.text)
    TIM_BDTRStructInit                       0x080027a1   Thumb Code    40  stm32f10x_tim.o(.text)
    TIM_Cmd                                  0x080027c9   Thumb Code    24  stm32f10x_tim.o(.text)
    TIM_CtrlPWMOutputs                       0x080027e1   Thumb Code    30  stm32f10x_tim.o(.text)
    TIM_ITConfig                             0x080027ff   Thumb Code    18  stm32f10x_tim.o(.text)
    TIM_GenerateEvent                        0x08002811   Thumb Code     4  stm32f10x_tim.o(.text)
    TIM_DMAConfig                            0x08002815   Thumb Code    10  stm32f10x_tim.o(.text)
    TIM_DMACmd                               0x0800281f   Thumb Code    18  stm32f10x_tim.o(.text)
    TIM_InternalClockConfig                  0x08002831   Thumb Code    12  stm32f10x_tim.o(.text)
    TIM_SelectInputTrigger                   0x0800283d   Thumb Code    18  stm32f10x_tim.o(.text)
    TIM_ITRxExternalClockConfig              0x0800284f   Thumb Code    24  stm32f10x_tim.o(.text)
    TIM_TIxExternalClockConfig               0x08002867   Thumb Code    62  stm32f10x_tim.o(.text)
    TIM_ETRConfig                            0x080028a5   Thumb Code    28  stm32f10x_tim.o(.text)
    TIM_ETRClockMode1Config                  0x080028c1   Thumb Code    54  stm32f10x_tim.o(.text)
    TIM_ETRClockMode2Config                  0x080028f7   Thumb Code    32  stm32f10x_tim.o(.text)
    TIM_PrescalerConfig                      0x08002917   Thumb Code     6  stm32f10x_tim.o(.text)
    TIM_CounterModeConfig                    0x0800291d   Thumb Code    18  stm32f10x_tim.o(.text)
    TIM_EncoderInterfaceConfig               0x0800292f   Thumb Code    66  stm32f10x_tim.o(.text)
    TIM_ForcedOC1Config                      0x08002971   Thumb Code    18  stm32f10x_tim.o(.text)
    TIM_ForcedOC2Config                      0x08002983   Thumb Code    26  stm32f10x_tim.o(.text)
    TIM_ForcedOC3Config                      0x0800299d   Thumb Code    18  stm32f10x_tim.o(.text)
    TIM_ForcedOC4Config                      0x080029af   Thumb Code    26  stm32f10x_tim.o(.text)
    TIM_ARRPreloadConfig                     0x080029c9   Thumb Code    24  stm32f10x_tim.o(.text)
    TIM_SelectCOM                            0x080029e1   Thumb Code    24  stm32f10x_tim.o(.text)
    TIM_SelectCCDMA                          0x080029f9   Thumb Code    24  stm32f10x_tim.o(.text)
    TIM_CCPreloadControl                     0x08002a11   Thumb Code    24  stm32f10x_tim.o(.text)
    TIM_OC1PreloadConfig                     0x08002a29   Thumb Code    18  stm32f10x_tim.o(.text)
    TIM_OC2PreloadConfig                     0x08002a3b   Thumb Code    26  stm32f10x_tim.o(.text)
    TIM_OC3PreloadConfig                     0x08002a55   Thumb Code    18  stm32f10x_tim.o(.text)
    TIM_OC4PreloadConfig                     0x08002a67   Thumb Code    26  stm32f10x_tim.o(.text)
    TIM_OC1FastConfig                        0x08002a81   Thumb Code    18  stm32f10x_tim.o(.text)
    TIM_OC2FastConfig                        0x08002a93   Thumb Code    26  stm32f10x_tim.o(.text)
    TIM_OC3FastConfig                        0x08002aad   Thumb Code    18  stm32f10x_tim.o(.text)
    TIM_OC4FastConfig                        0x08002abf   Thumb Code    26  stm32f10x_tim.o(.text)
    TIM_ClearOC1Ref                          0x08002ad9   Thumb Code    18  stm32f10x_tim.o(.text)
    TIM_ClearOC2Ref                          0x08002aeb   Thumb Code    24  stm32f10x_tim.o(.text)
    TIM_ClearOC3Ref                          0x08002b03   Thumb Code    18  stm32f10x_tim.o(.text)
    TIM_ClearOC4Ref                          0x08002b15   Thumb Code    24  stm32f10x_tim.o(.text)
    TIM_OC1PolarityConfig                    0x08002b2d   Thumb Code    18  stm32f10x_tim.o(.text)
    TIM_OC1NPolarityConfig                   0x08002b3f   Thumb Code    18  stm32f10x_tim.o(.text)
    TIM_OC2PolarityConfig                    0x08002b51   Thumb Code    26  stm32f10x_tim.o(.text)
    TIM_OC2NPolarityConfig                   0x08002b6b   Thumb Code    26  stm32f10x_tim.o(.text)
    TIM_OC3PolarityConfig                    0x08002b85   Thumb Code    26  stm32f10x_tim.o(.text)
    TIM_OC3NPolarityConfig                   0x08002b9f   Thumb Code    26  stm32f10x_tim.o(.text)
    TIM_OC4PolarityConfig                    0x08002bb9   Thumb Code    26  stm32f10x_tim.o(.text)
    TIM_CCxCmd                               0x08002bd3   Thumb Code    30  stm32f10x_tim.o(.text)
    TIM_CCxNCmd                              0x08002bf1   Thumb Code    30  stm32f10x_tim.o(.text)
    TIM_SelectOCxM                           0x08002c0f   Thumb Code    82  stm32f10x_tim.o(.text)
    TIM_UpdateDisableConfig                  0x08002c61   Thumb Code    24  stm32f10x_tim.o(.text)
    TIM_UpdateRequestConfig                  0x08002c79   Thumb Code    24  stm32f10x_tim.o(.text)
    TIM_SelectHallSensor                     0x08002c91   Thumb Code    24  stm32f10x_tim.o(.text)
    TIM_SelectOnePulseMode                   0x08002ca9   Thumb Code    18  stm32f10x_tim.o(.text)
    TIM_SelectOutputTrigger                  0x08002cbb   Thumb Code    18  stm32f10x_tim.o(.text)
    TIM_SelectSlaveMode                      0x08002ccd   Thumb Code    18  stm32f10x_tim.o(.text)
    TIM_SelectMasterSlaveMode                0x08002cdf   Thumb Code    18  stm32f10x_tim.o(.text)
    TIM_SetCounter                           0x08002cf1   Thumb Code     4  stm32f10x_tim.o(.text)
    TIM_SetAutoreload                        0x08002cf5   Thumb Code     4  stm32f10x_tim.o(.text)
    TIM_SetCompare1                          0x08002cf9   Thumb Code     4  stm32f10x_tim.o(.text)
    TIM_SetCompare2                          0x08002cfd   Thumb Code     4  stm32f10x_tim.o(.text)
    TIM_SetCompare3                          0x08002d01   Thumb Code     4  stm32f10x_tim.o(.text)
    TIM_SetCompare4                          0x08002d05   Thumb Code     6  stm32f10x_tim.o(.text)
    TIM_SetClockDivision                     0x08002d0b   Thumb Code    18  stm32f10x_tim.o(.text)
    TIM_GetCapture1                          0x08002d1d   Thumb Code     6  stm32f10x_tim.o(.text)
    TIM_GetCapture2                          0x08002d23   Thumb Code     6  stm32f10x_tim.o(.text)
    TIM_GetCapture3                          0x08002d29   Thumb Code     6  stm32f10x_tim.o(.text)
    TIM_GetCapture4                          0x08002d2f   Thumb Code     8  stm32f10x_tim.o(.text)
    TIM_GetCounter                           0x08002d37   Thumb Code     6  stm32f10x_tim.o(.text)
    TIM_GetPrescaler                         0x08002d3d   Thumb Code     6  stm32f10x_tim.o(.text)
    TIM_GetFlagStatus                        0x08002d43   Thumb Code    18  stm32f10x_tim.o(.text)
    TIM_ClearFlag                            0x08002d55   Thumb Code     6  stm32f10x_tim.o(.text)
    TIM_GetITStatus                          0x08002d5b   Thumb Code    34  stm32f10x_tim.o(.text)
    TIM_ClearITPendingBit                    0x08002d7d   Thumb Code     6  stm32f10x_tim.o(.text)
    USART_DeInit                             0x08002d85   Thumb Code   134  stm32f10x_usart.o(.text)
    USART_Init                               0x08002e0b   Thumb Code   210  stm32f10x_usart.o(.text)
    USART_StructInit                         0x08002edd   Thumb Code    24  stm32f10x_usart.o(.text)
    USART_ClockInit                          0x08002ef5   Thumb Code    34  stm32f10x_usart.o(.text)
    USART_ClockStructInit                    0x08002f17   Thumb Code    12  stm32f10x_usart.o(.text)
    USART_Cmd                                0x08002f23   Thumb Code    24  stm32f10x_usart.o(.text)
    USART_ITConfig                           0x08002f3b   Thumb Code    74  stm32f10x_usart.o(.text)
    USART_DMACmd                             0x08002f85   Thumb Code    18  stm32f10x_usart.o(.text)
    USART_SetAddress                         0x08002f97   Thumb Code    18  stm32f10x_usart.o(.text)
    USART_WakeUpConfig                       0x08002fa9   Thumb Code    18  stm32f10x_usart.o(.text)
    USART_ReceiverWakeUpCmd                  0x08002fbb   Thumb Code    24  stm32f10x_usart.o(.text)
    USART_LINBreakDetectLengthConfig         0x08002fd3   Thumb Code    18  stm32f10x_usart.o(.text)
    USART_LINCmd                             0x08002fe5   Thumb Code    24  stm32f10x_usart.o(.text)
    USART_SendData                           0x08002ffd   Thumb Code     8  stm32f10x_usart.o(.text)
    USART_ReceiveData                        0x08003005   Thumb Code    10  stm32f10x_usart.o(.text)
    USART_SendBreak                          0x0800300f   Thumb Code    10  stm32f10x_usart.o(.text)
    USART_SetGuardTime                       0x08003019   Thumb Code    16  stm32f10x_usart.o(.text)
    USART_SetPrescaler                       0x08003029   Thumb Code    16  stm32f10x_usart.o(.text)
    USART_SmartCardCmd                       0x08003039   Thumb Code    24  stm32f10x_usart.o(.text)
    USART_SmartCardNACKCmd                   0x08003051   Thumb Code    24  stm32f10x_usart.o(.text)
    USART_HalfDuplexCmd                      0x08003069   Thumb Code    24  stm32f10x_usart.o(.text)
    USART_OverSampling8Cmd                   0x08003081   Thumb Code    22  stm32f10x_usart.o(.text)
    USART_OneBitMethodCmd                    0x08003097   Thumb Code    24  stm32f10x_usart.o(.text)
    USART_IrDAConfig                         0x080030af   Thumb Code    18  stm32f10x_usart.o(.text)
    USART_IrDACmd                            0x080030c1   Thumb Code    24  stm32f10x_usart.o(.text)
    USART_GetFlagStatus                      0x080030d9   Thumb Code    26  stm32f10x_usart.o(.text)
    USART_ClearFlag                          0x080030f3   Thumb Code    18  stm32f10x_usart.o(.text)
    USART_GetITStatus                        0x08003105   Thumb Code    84  stm32f10x_usart.o(.text)
    USART_ClearITPendingBit                  0x08003159   Thumb Code    52  stm32f10x_usart.o(.text)
    delay_init                               0x0800318d   Thumb Code    50  delay.o(.text)
    delay_us                                 0x080031bf   Thumb Code    72  delay.o(.text)
    delay_ms                                 0x08003207   Thumb Code    72  delay.o(.text)
    NVIC_Configuration                       0x08003261   Thumb Code    12  sys.o(.text)
    _sys_exit                                0x0800326d   Thumb Code     6  usart.o(.text)
    fputc                                    0x08003273   Thumb Code    24  usart.o(.text)
    uart_init                                0x0800328b   Thumb Code   152  usart.o(.text)
    USART1_IRQHandler                        0x08003323   Thumb Code   122  usart.o(.text)
    uart_debug_init                          0x0800339d   Thumb Code   158  usart.o(.text)
    UART4_IRQHandler                         0x0800343b   Thumb Code   122  usart.o(.text)
    uart3_init                               0x080034b5   Thumb Code   158  usart.o(.text)
    USART3_IRQHandler                        0x08003553   Thumb Code    54  usart.o(.text)
    TIM8_Mode_Config                         0x080035ef   Thumb Code   128  pwm.o(.text)
    Speed_con_GPIO_Config                    0x0800366f   Thumb Code    76  pwm.o(.text)
    TIM_PWM_Init                             0x080036bb   Thumb Code    20  pwm.o(.text)
    GPIO_Direction_init                      0x080036cf   Thumb Code    40  pwm.o(.text)
    GPIO_AX12_init                           0x080036f7   Thumb Code    60  pwm.o(.text)
    IncPIDCalc                               0x08003745   Thumb Code   238  pid.o(.text)
    Speed_Choose                             0x08003833   Thumb Code    94  pid.o(.text)
    TaskMotorSpeedAdj                        0x08003891   Thumb Code  1340  pid.o(.text)
    GPIO_Encoder_Config                      0x08003df1   Thumb Code    96  encooder.o(.text)
    NVIC_Config                              0x08003e51   Thumb Code   116  encooder.o(.text)
    Encoder_Mode_Config                      0x08003ec5   Thumb Code   246  encooder.o(.text)
    TIM7_Cal_speed_init                      0x08003fbb   Thumb Code    64  encooder.o(.text)
    Encoder_Init                             0x08003ffb   Thumb Code    32  encooder.o(.text)
    CAN_Config                               0x08004035   Thumb Code   228  can.o(.text)
    TaskCanCommadDeal                        0x08004119   Thumb Code   178  can.o(.text)
    USB_LP_CAN1_RX0_IRQHandler               0x080041cb   Thumb Code    36  can.o(.text)
    NRF24L01_Init                            0x08004211   Thumb Code   186  24l01.o(.text)
    NRF24L01_Read_Buf                        0x080042cb   Thumb Code    56  24l01.o(.text)
    NRF24L01_Write_Buf                       0x08004303   Thumb Code    56  24l01.o(.text)
    NRF24L01_Check                           0x0800433b   Thumb Code    72  24l01.o(.text)
    NRF24L01_Write_Reg                       0x08004383   Thumb Code    38  24l01.o(.text)
    NRF24L01_Read_Reg                        0x080043a9   Thumb Code    36  24l01.o(.text)
    NRF24L01_TxPacket                        0x080043cd   Thumb Code    94  24l01.o(.text)
    NRF24L01_RxPacket                        0x0800442b   Thumb Code    58  24l01.o(.text)
    NRF24L01_RX_Mode                         0x08004465   Thumb Code    76  24l01.o(.text)
    NRF24L01_TX_Mode                         0x080044b1   Thumb Code    86  24l01.o(.text)
    SPI1_ReadWriteByte                       0x08004535   Thumb Code    78  spi.o(.text)
    SPI1_Init                                0x08004583   Thumb Code   136  spi.o(.text)
    SPI1_SetSpeed                            0x0800460b   Thumb Code    36  spi.o(.text)
    TIM3_Int_Init                            0x08004639   Thumb Code    96  camera.o(.text)
    AX12_send_data                           0x08004699   Thumb Code    42  camera.o(.text)
    TIM3_IRQHandler                          0x080046c3   Thumb Code    94  camera.o(.text)
    __use_no_semihosting                     0x08004741   Thumb Code     2  use_no_semi_2.o(.text)
    __aeabi_memclr4                          0x08004743   Thumb Code     0  rt_memclr_w.o(.text)
    __aeabi_memclr8                          0x08004743   Thumb Code     0  rt_memclr_w.o(.text)
    __rt_memclr_w                            0x08004743   Thumb Code    78  rt_memclr_w.o(.text)
    _memset_w                                0x08004747   Thumb Code     0  rt_memclr_w.o(.text)
    __use_two_region_memory                  0x08004791   Thumb Code     2  heapauxi.o(.text)
    __rt_heap_escrow$2region                 0x08004793   Thumb Code     2  heapauxi.o(.text)
    __rt_heap_expand$2region                 0x08004795   Thumb Code     2  heapauxi.o(.text)
    __I$use$semihosting                      0x08004797   Thumb Code     0  use_no_semi.o(.text)
    __use_no_semihosting_swi                 0x08004797   Thumb Code     2  use_no_semi.o(.text)
    __read_errno                             0x08004799   Thumb Code    10  _rserrno.o(.text)
    __set_errno                              0x080047a3   Thumb Code    12  _rserrno.o(.text)
    __strtod_int                             0x080047ed   Thumb Code    88  strtod.o(.text)
    __aeabi_errno_addr                       0x08004851   Thumb Code     8  rt_errno_addr_intlibspace.o(.text)
    __errno$intlibspace                      0x08004851   Thumb Code     0  rt_errno_addr_intlibspace.o(.text)
    __rt_errno_addr$intlibspace              0x08004851   Thumb Code     0  rt_errno_addr_intlibspace.o(.text)
    isspace                                  0x08004859   Thumb Code    18  isspace.o(.text)
    _sgetc                                   0x0800486b   Thumb Code    30  _sgetc.o(.text)
    _sbackspace                              0x08004889   Thumb Code    34  _sgetc.o(.text)
    __user_libspace                          0x080048ad   Thumb Code     8  libspace.o(.text)
    __user_perproc_libspace                  0x080048ad   Thumb Code     0  libspace.o(.text)
    __user_perthread_libspace                0x080048ad   Thumb Code     0  libspace.o(.text)
    __user_setup_stackheap                   0x080048b5   Thumb Code    74  sys_stackheap_outer.o(.text)
    __rt_ctype_table                         0x08004901   Thumb Code    16  rt_ctype_table.o(.text)
    _scanf_really_real                       0x08004b0d   Thumb Code   668  scanf_fp.o(.text)
    exit                                     0x08004db5   Thumb Code    12  exit.o(.text)
    strcmp                                   0x08004dc1   Thumb Code   128  strcmpv7m.o(.text)
    __rt_locale                              0x08004e41   Thumb Code     8  rt_locale_intlibspace.o(.text)
    _btod_etento                             0x08004e49   Thumb Code   216  bigflt0.o(.text)
    _scanf_really_hex_real                   0x08004f25   Thumb Code   778  scanf_hexfp.o(.text)
    _scanf_really_infnan                     0x0800523d   Thumb Code   292  scanf_infnan.o(.text)
    __aeabi_llsl                             0x08005371   Thumb Code     0  llshl.o(.text)
    _ll_shift_l                              0x08005371   Thumb Code    38  llshl.o(.text)
    _chval                                   0x08005397   Thumb Code    28  _chval.o(.text)
    __btod_div_common                        0x080053b3   Thumb Code   696  btod.o(CL$$btod_div_common)
    _e2d                                     0x080056ed   Thumb Code    80  btod.o(CL$$btod_e2d)
    _e2e                                     0x08005741   Thumb Code   198  btod.o(CL$$btod_e2e)
    _btod_ediv                               0x08005807   Thumb Code    40  btod.o(CL$$btod_ediv)
    _btod_edivd                              0x0800582f   Thumb Code    40  btod.o(CL$$btod_edivd)
    _btod_emul                               0x08005857   Thumb Code    40  btod.o(CL$$btod_emul)
    _btod_emuld                              0x0800587f   Thumb Code    40  btod.o(CL$$btod_emuld)
    __btod_mult_common                       0x080058a7   Thumb Code   580  btod.o(CL$$btod_mult_common)
    __mathlib_dbl_overflow                   0x08005aeb   Thumb Code    14  dunder.o(i.__mathlib_dbl_overflow)
    __mathlib_dbl_underflow                  0x08005af9   Thumb Code    10  dunder.o(i.__mathlib_dbl_underflow)
    __mathlib_narrow                         0x08005b09   Thumb Code    16  narrow.o(i.__mathlib_narrow)
    __mathlib_tofloat                        0x08005b19   Thumb Code   132  narrow.o(i.__mathlib_tofloat)
    __support_ldexp                          0x08005ba1   Thumb Code    22  ldexp.o(i.__support_ldexp)
    _is_digit                                0x08005bb7   Thumb Code    14  scanf_fp.o(i._is_digit)
    atof                                     0x08005bc5   Thumb Code    42  atof.o(i.atof)
    frexp                                    0x08005bf1   Thumb Code    80  frexp.o(i.frexp)
    ldexp                                    0x08005c49   Thumb Code   116  ldexp.o(i.ldexp)
    _get_lc_numeric                          0x08005cbd   Thumb Code    44  lc_numeric_c.o(locale$$code)
    _get_lc_ctype                            0x08005ce9   Thumb Code    44  lc_ctype_c.o(locale$$code)
    __aeabi_d2f                              0x08005d15   Thumb Code     0  d2f.o(x$fpl$d2f)
    _d2f                                     0x08005d15   Thumb Code    98  d2f.o(x$fpl$d2f)
    __aeabi_dadd                             0x08005d79   Thumb Code     0  daddsub_clz.o(x$fpl$dadd)
    _dadd                                    0x08005d79   Thumb Code   332  daddsub_clz.o(x$fpl$dadd)
    __fpl_dcheck_NaN1                        0x08005ec9   Thumb Code    10  dcheck1.o(x$fpl$dcheck1)
    __fpl_dcmp_Inf                           0x08005ed9   Thumb Code    24  dcmpi.o(x$fpl$dcmpinf)
    __aeabi_ddiv                             0x08005ef1   Thumb Code     0  ddiv.o(x$fpl$ddiv)
    _ddiv                                    0x08005ef1   Thumb Code   552  ddiv.o(x$fpl$ddiv)
    __aeabi_cdcmpeq                          0x080061a1   Thumb Code     0  deqf.o(x$fpl$deqf)
    _dcmpeq                                  0x080061a1   Thumb Code   120  deqf.o(x$fpl$deqf)
    __aeabi_d2uiz                            0x08006219   Thumb Code     0  dfixu.o(x$fpl$dfixu)
    _dfixu                                   0x08006219   Thumb Code    90  dfixu.o(x$fpl$dfixu)
    __aeabi_i2d                              0x08006273   Thumb Code     0  dflt_clz.o(x$fpl$dflt)
    _dflt                                    0x08006273   Thumb Code    46  dflt_clz.o(x$fpl$dflt)
    __aeabi_cdcmple                          0x080062a1   Thumb Code     0  dleqf.o(x$fpl$dleqf)
    _dcmple                                  0x080062a1   Thumb Code   120  dleqf.o(x$fpl$dleqf)
    __fpl_dcmple_InfNaN                      0x08006303   Thumb Code     0  dleqf.o(x$fpl$dleqf)
    __aeabi_dmul                             0x08006319   Thumb Code     0  dmul.o(x$fpl$dmul)
    _dmul                                    0x08006319   Thumb Code   332  dmul.o(x$fpl$dmul)
    __fpl_dnaninf                            0x0800646d   Thumb Code   156  dnaninf.o(x$fpl$dnaninf)
    __fpl_dretinf                            0x08006509   Thumb Code    12  dretinf.o(x$fpl$dretinf)
    __aeabi_cdrcmple                         0x08006515   Thumb Code     0  drleqf.o(x$fpl$drleqf)
    _drcmple                                 0x08006515   Thumb Code   108  drleqf.o(x$fpl$drleqf)
    __aeabi_drsub                            0x08006581   Thumb Code     0  daddsub_clz.o(x$fpl$drsb)
    _drsb                                    0x08006581   Thumb Code    22  daddsub_clz.o(x$fpl$drsb)
    __aeabi_dsub                             0x08006599   Thumb Code     0  daddsub_clz.o(x$fpl$dsub)
    _dsub                                    0x08006599   Thumb Code   464  daddsub_clz.o(x$fpl$dsub)
    __aeabi_f2d                              0x0800676d   Thumb Code     0  f2d.o(x$fpl$f2d)
    _f2d                                     0x0800676d   Thumb Code    86  f2d.o(x$fpl$f2d)
    __aeabi_fadd                             0x080067c5   Thumb Code     0  faddsub_clz.o(x$fpl$fadd)
    _fadd                                    0x080067c5   Thumb Code   196  faddsub_clz.o(x$fpl$fadd)
    __aeabi_fmul                             0x08006889   Thumb Code     0  fmul.o(x$fpl$fmul)
    _fmul                                    0x08006889   Thumb Code   258  fmul.o(x$fpl$fmul)
    __fpl_fnaninf                            0x0800698b   Thumb Code   140  fnaninf.o(x$fpl$fnaninf)
    __fpl_fretinf                            0x08006a17   Thumb Code    10  fretinf.o(x$fpl$fretinf)
    __aeabi_fsub                             0x08006a21   Thumb Code     0  faddsub_clz.o(x$fpl$fsub)
    _fsub                                    0x08006a21   Thumb Code   234  faddsub_clz.o(x$fpl$fsub)
    __fpl_return_NaN                         0x08006b0b   Thumb Code   100  retnan.o(x$fpl$retnan)
    __ARM_scalbn                             0x08006b6f   Thumb Code    92  scalbn.o(x$fpl$scalbn)
    _scanf_real                              0x08006bcb   Thumb Code     4  scanf1.o(x$fpl$scanf1)
    _scanf_hex_real                          0x08006bcf   Thumb Code     4  scanf2.o(x$fpl$scanf2)
    _scanf_infnan                            0x08006bd3   Thumb Code     4  scanf2.o(x$fpl$scanf2)
    __fpl_cmpreturn                          0x08006bd7   Thumb Code    48  trapv.o(x$fpl$trapveneer)
    TX_ADDRESS                               0x08006c06   Data           5  24l01.o(.constdata)
    __I$use$fp                               0x08006c06   Number         0  usenofp.o(x$fpl$usenofp)
    RX_ADDRESS                               0x08006c0b   Data           5  24l01.o(.constdata)
    Region$$Table$$Base                      0x08006ca4   Number         0  anon$$obj.o(Region$$Table)
    Region$$Table$$Limit                     0x08006cc4   Number         0  anon$$obj.o(Region$$Table)
    __aeabi_HUGE_VAL                         0x08006cc4   Data           0  fpconst.o(c$$dinf)
    __aeabi_HUGE_VALL                        0x08006cc4   Data           0  fpconst.o(c$$dinf)
    __aeabi_INFINITY                         0x08006cc4   Data           0  fpconst.o(c$$dinf)
    __dInf                                   0x08006cc4   Data           0  fpconst.o(c$$dinf)
    __huge_val                               0x08006cc4   Data           0  fpconst.o(c$$dinf)
    __ctype                                  0x08006cf5   Data           0  lc_ctype_c.o(locale$$data)
    speed_target_1                           0x20000000   Data           8  main.o(.data)
    speed_target_2                           0x20000008   Data           8  main.o(.data)
    t                                        0x20000010   Data           1  main.o(.data)
    Speed_Flag                               0x20000011   Data           1  main.o(.data)
    pwm2                                     0x20000018   Data           8  main.o(.data)
    num_1a                                   0x20000020   Data          11  main.o(.data)
    num_1b                                   0x2000002b   Data          11  main.o(.data)
    num_2a                                   0x20000036   Data          11  main.o(.data)
    num_2b                                   0x20000041   Data          11  main.o(.data)
    Stop                                     0x2000004c   Data           1  main.o(.data)
    timeflag                                 0x20000050   Data           4  stm32f10x_it.o(.data)
    update_count                             0x20000054   Data           8  stm32f10x_it.o(.data)
    firstcount                               0x2000005c   Data           8  stm32f10x_it.o(.data)
    secondcount                              0x20000064   Data           8  stm32f10x_it.o(.data)
    speed_pulse                              0x2000006c   Data           8  stm32f10x_it.o(.data)
    SystemCoreClock                          0x20000074   Data           4  system_stm32f10x.o(.data)
    AHBPrescTable                            0x20000078   Data          16  system_stm32f10x.o(.data)
    __stdout                                 0x200000a0   Data           4  usart.o(.data)
    USART_RX_STA                             0x200000a4   Data           2  usart.o(.data)
    UART_RX_STA                              0x200000a6   Data           2  usart.o(.data)
    USART3_RX_STA                            0x200000a8   Data           2  usart.o(.data)
    vPID                                     0x200000b0   Data         128  pid.o(.data)
    flag                                     0x20000130   Data           2  pid.o(.data)
    CAN_EN                                   0x20000134   Data           1  can.o(.data)
    sta                                      0x20000135   Data           1  can.o(.data)
    x                                        0x20000138   Data           4  can.o(.data)
    update_cnt                               0x2000013c   Data           4  camera.o(.data)
    up_dowm_mark                             0x20000140   Data           1  camera.o(.data)
    speed_target                             0x20000148   Data          16  main.o(.bss)
    speed_target_Prv                         0x20000158   Data          16  main.o(.bss)
    pid                                      0x20000168   Data          64  main.o(.bss)
    tmp_buf                                  0x200001a8   Data          33  main.o(.bss)
    speed                                    0x200001d0   Data          16  stm32f10x_it.o(.bss)
    USART_RX_BUF                             0x200001e0   Data         200  usart.o(.bss)
    UART_RX_BUF                              0x200002a8   Data         200  usart.o(.bss)
    USART3_RX_BUF                            0x20000370   Data         200  usart.o(.bss)
    pwmA                                     0x20000438   Data          16  pwm.o(.bss)
    pwmB                                     0x20000448   Data          16  pwm.o(.bss)
    TxMessage                                0x20000458   Data          20  can.o(.bss)
    RxMessage                                0x2000046c   Data          20  can.o(.bss)
    __libspace_start                         0x20000480   Data          96  libspace.o(.bss)
    __temporary_stack_top$libspace           0x200004e0   Data           0  libspace.o(.bss)



==============================================================================

Memory Map of the image

  Image Entry point : 0x08000131

  Load Region LR_IROM1 (Base: 0x08000000, Size: 0x00006f3c, Max: 0x00040000, ABSOLUTE, COMPRESSED[0x00006e3c])

    Execution Region ER_IROM1 (Base: 0x08000000, Size: 0x00006df8, Max: 0x00040000, ABSOLUTE)

    Base Addr    Size         Type   Attr      Idx    E Section Name        Object

    0x08000000   0x00000130   Data   RO          201    RESET               startup_stm32f10x_hd.o
    0x08000130   0x00000008   Code   RO          705  * !!!main             c_w.l(__main.o)
    0x08000138   0x00000034   Code   RO         1039    !!!scatter          c_w.l(__scatter.o)
    0x0800016c   0x0000005a   Code   RO         1037    !!dczerorl2         c_w.l(__dczerorl2.o)
    0x080001c6   0x00000002   PAD
    0x080001c8   0x0000001c   Code   RO         1041    !!handler_zi        c_w.l(__scatter_zi.o)
    0x080001e4   0x00000002   Code   RO          818    .ARM.Collect$$libinit$$00000000  c_w.l(libinit.o)
    0x080001e6   0x00000000   Code   RO          820    .ARM.Collect$$libinit$$00000002  c_w.l(libinit2.o)
    0x080001e6   0x00000000   Code   RO          822    .ARM.Collect$$libinit$$00000004  c_w.l(libinit2.o)
    0x080001e6   0x00000000   Code   RO          825    .ARM.Collect$$libinit$$0000000A  c_w.l(libinit2.o)
    0x080001e6   0x00000000   Code   RO          827    .ARM.Collect$$libinit$$0000000C  c_w.l(libinit2.o)
    0x080001e6   0x00000000   Code   RO          829    .ARM.Collect$$libinit$$0000000E  c_w.l(libinit2.o)
    0x080001e6   0x00000006   Code   RO          830    .ARM.Collect$$libinit$$0000000F  c_w.l(libinit2.o)
    0x080001ec   0x00000000   Code   RO          832    .ARM.Collect$$libinit$$00000011  c_w.l(libinit2.o)
    0x080001ec   0x0000000c   Code   RO          833    .ARM.Collect$$libinit$$00000012  c_w.l(libinit2.o)
    0x080001f8   0x00000000   Code   RO          834    .ARM.Collect$$libinit$$00000013  c_w.l(libinit2.o)
    0x080001f8   0x00000000   Code   RO          836    .ARM.Collect$$libinit$$00000015  c_w.l(libinit2.o)
    0x080001f8   0x0000000a   Code   RO          837    .ARM.Collect$$libinit$$00000016  c_w.l(libinit2.o)
    0x08000202   0x00000000   Code   RO          838    .ARM.Collect$$libinit$$00000017  c_w.l(libinit2.o)
    0x08000202   0x00000000   Code   RO          840    .ARM.Collect$$libinit$$00000019  c_w.l(libinit2.o)
    0x08000202   0x00000000   Code   RO          842    .ARM.Collect$$libinit$$0000001B  c_w.l(libinit2.o)
    0x08000202   0x00000000   Code   RO          844    .ARM.Collect$$libinit$$0000001D  c_w.l(libinit2.o)
    0x08000202   0x00000000   Code   RO          846    .ARM.Collect$$libinit$$0000001F  c_w.l(libinit2.o)
    0x08000202   0x00000000   Code   RO          848    .ARM.Collect$$libinit$$00000021  c_w.l(libinit2.o)
    0x08000202   0x00000000   Code   RO          850    .ARM.Collect$$libinit$$00000023  c_w.l(libinit2.o)
    0x08000202   0x00000000   Code   RO          852    .ARM.Collect$$libinit$$00000025  c_w.l(libinit2.o)
    0x08000202   0x00000000   Code   RO          856    .ARM.Collect$$libinit$$0000002C  c_w.l(libinit2.o)
    0x08000202   0x00000000   Code   RO          858    .ARM.Collect$$libinit$$0000002E  c_w.l(libinit2.o)
    0x08000202   0x00000000   Code   RO          860    .ARM.Collect$$libinit$$00000030  c_w.l(libinit2.o)
    0x08000202   0x00000000   Code   RO          862    .ARM.Collect$$libinit$$00000032  c_w.l(libinit2.o)
    0x08000202   0x00000002   Code   RO          863    .ARM.Collect$$libinit$$00000033  c_w.l(libinit2.o)
    0x08000204   0x00000002   Code   RO          953    .ARM.Collect$$libshutdown$$00000000  c_w.l(libshutdown.o)
    0x08000206   0x00000000   Code   RO          977    .ARM.Collect$$libshutdown$$00000003  c_w.l(libshutdown2.o)
    0x08000206   0x00000000   Code   RO          980    .ARM.Collect$$libshutdown$$00000006  c_w.l(libshutdown2.o)
    0x08000206   0x00000000   Code   RO          983    .ARM.Collect$$libshutdown$$00000009  c_w.l(libshutdown2.o)
    0x08000206   0x00000000   Code   RO          985    .ARM.Collect$$libshutdown$$0000000B  c_w.l(libshutdown2.o)
    0x08000206   0x00000000   Code   RO          988    .ARM.Collect$$libshutdown$$0000000E  c_w.l(libshutdown2.o)
    0x08000206   0x00000002   Code   RO          989    .ARM.Collect$$libshutdown$$0000000F  c_w.l(libshutdown2.o)
    0x08000208   0x00000000   Code   RO          753    .ARM.Collect$$rtentry$$00000000  c_w.l(__rtentry.o)
    0x08000208   0x00000000   Code   RO          770    .ARM.Collect$$rtentry$$00000002  c_w.l(__rtentry2.o)
    0x08000208   0x00000006   Code   RO          782    .ARM.Collect$$rtentry$$00000004  c_w.l(__rtentry4.o)
    0x0800020e   0x00000000   Code   RO          772    .ARM.Collect$$rtentry$$00000009  c_w.l(__rtentry2.o)
    0x0800020e   0x00000004   Code   RO          773    .ARM.Collect$$rtentry$$0000000A  c_w.l(__rtentry2.o)
    0x08000212   0x00000000   Code   RO          775    .ARM.Collect$$rtentry$$0000000C  c_w.l(__rtentry2.o)
    0x08000212   0x00000008   Code   RO          776    .ARM.Collect$$rtentry$$0000000D  c_w.l(__rtentry2.o)
    0x0800021a   0x00000002   Code   RO          864    .ARM.Collect$$rtexit$$00000000  c_w.l(rtexit.o)
    0x0800021c   0x00000000   Code   RO          921    .ARM.Collect$$rtexit$$00000002  c_w.l(rtexit2.o)
    0x0800021c   0x00000004   Code   RO          922    .ARM.Collect$$rtexit$$00000003  c_w.l(rtexit2.o)
    0x08000220   0x00000006   Code   RO          923    .ARM.Collect$$rtexit$$00000004  c_w.l(rtexit2.o)
    0x08000226   0x00000002   PAD
    0x08000228   0x000004e0   Code   RO            1    .text               main.o
    0x08000708   0x00000168   Code   RO          119    .text               stm32f10x_it.o
    0x08000870   0x000001e0   Code   RO          170    .text               system_stm32f10x.o
    0x08000a50   0x00000040   Code   RO          202    .text               startup_stm32f10x_hd.o
    0x08000a90   0x000000dc   Code   RO          206    .text               misc.o
    0x08000b6c   0x000009f0   Code   RO          248    .text               stm32f10x_can.o
    0x0800155c   0x0000035c   Code   RO          374    .text               stm32f10x_gpio.o
    0x080018b8   0x000003a4   Code   RO          425    .text               stm32f10x_rcc.o
    0x08001c5c   0x0000030c   Code   RO          469    .text               stm32f10x_spi.o
    0x08001f68   0x00000e1a   Code   RO          481    .text               stm32f10x_tim.o
    0x08002d82   0x00000002   PAD
    0x08002d84   0x00000408   Code   RO          493    .text               stm32f10x_usart.o
    0x0800318c   0x000000d4   Code   RO          520    .text               delay.o
    0x08003260   0x0000000c   Code   RO          534    .text               sys.o
    0x0800326c   0x0000034c   Code   RO          546    .text               usart.o
    0x080035b8   0x0000018c   Code   RO          569    .text               pwm.o
    0x08003744   0x000006ac   Code   RO          587    .text               pid.o
    0x08003df0   0x00000244   Code   RO          603    .text               encooder.o
    0x08004034   0x000001dc   Code   RO          615    .text               can.o
    0x08004210   0x00000324   Code   RO          635    .text               24l01.o
    0x08004534   0x00000104   Code   RO          650    .text               spi.o
    0x08004638   0x00000108   Code   RO          681    .text               camera.o
    0x08004740   0x00000002   Code   RO          699    .text               c_w.l(use_no_semi_2.o)
    0x08004742   0x0000004e   Code   RO          701    .text               c_w.l(rt_memclr_w.o)
    0x08004790   0x00000006   Code   RO          703    .text               c_w.l(heapauxi.o)
    0x08004796   0x00000002   Code   RO          751    .text               c_w.l(use_no_semi.o)
    0x08004798   0x00000016   Code   RO          754    .text               c_w.l(_rserrno.o)
    0x080047ae   0x00000002   PAD
    0x080047b0   0x000000a0   Code   RO          756    .text               c_w.l(strtod.o)
    0x08004850   0x00000008   Code   RO          787    .text               c_w.l(rt_errno_addr_intlibspace.o)
    0x08004858   0x00000012   Code   RO          789    .text               c_w.l(isspace.o)
    0x0800486a   0x00000040   Code   RO          791    .text               c_w.l(_sgetc.o)
    0x080048aa   0x00000002   PAD
    0x080048ac   0x00000008   Code   RO          798    .text               c_w.l(libspace.o)
    0x080048b4   0x0000004a   Code   RO          801    .text               c_w.l(sys_stackheap_outer.o)
    0x080048fe   0x00000002   PAD
    0x08004900   0x00000010   Code   RO          803    .text               c_w.l(rt_ctype_table.o)
    0x08004910   0x000004a4   Code   RO          805    .text               c_w.l(scanf_fp.o)
    0x08004db4   0x0000000c   Code   RO          809    .text               c_w.l(exit.o)
    0x08004dc0   0x00000080   Code   RO          811    .text               c_w.l(strcmpv7m.o)
    0x08004e40   0x00000008   Code   RO          869    .text               c_w.l(rt_locale_intlibspace.o)
    0x08004e48   0x000000dc   Code   RO          871    .text               c_w.l(bigflt0.o)
    0x08004f24   0x00000318   Code   RO          927    .text               c_w.l(scanf_hexfp.o)
    0x0800523c   0x00000134   Code   RO          929    .text               c_w.l(scanf_infnan.o)
    0x08005370   0x00000026   Code   RO          943    .text               c_w.l(llshl.o)
    0x08005396   0x0000001c   Code   RO          945    .text               c_w.l(_chval.o)
    0x080053b2   0x00000338   Code   RO          884    CL$$btod_div_common  c_w.l(btod.o)
    0x080056ea   0x00000002   PAD
    0x080056ec   0x00000054   Code   RO          882    CL$$btod_e2d        c_w.l(btod.o)
    0x08005740   0x000000c6   Code   RO          881    CL$$btod_e2e        c_w.l(btod.o)
    0x08005806   0x00000028   Code   RO          878    CL$$btod_ediv       c_w.l(btod.o)
    0x0800582e   0x00000028   Code   RO          880    CL$$btod_edivd      c_w.l(btod.o)
    0x08005856   0x00000028   Code   RO          877    CL$$btod_emul       c_w.l(btod.o)
    0x0800587e   0x00000028   Code   RO          879    CL$$btod_emuld      c_w.l(btod.o)
    0x080058a6   0x00000244   Code   RO          883    CL$$btod_mult_common  c_w.l(btod.o)
    0x08005aea   0x0000000e   Code   RO          996    i.__mathlib_dbl_overflow  m_ws.l(dunder.o)
    0x08005af8   0x00000010   Code   RO          998    i.__mathlib_dbl_underflow  m_ws.l(dunder.o)
    0x08005b08   0x00000010   Code   RO          914    i.__mathlib_narrow  m_ws.l(narrow.o)
    0x08005b18   0x00000088   Code   RO          915    i.__mathlib_tofloat  m_ws.l(narrow.o)
    0x08005ba0   0x00000016   Code   RO          957    i.__support_ldexp   m_ws.l(ldexp.o)
    0x08005bb6   0x0000000e   Code   RO          807    i._is_digit         c_w.l(scanf_fp.o)
    0x08005bc4   0x0000002a   Code   RO          748    i.atof              m_ws.l(atof.o)
    0x08005bee   0x00000002   PAD
    0x08005bf0   0x00000058   Code   RO          936    i.frexp             m_ws.l(frexp.o)
    0x08005c48   0x00000074   Code   RO          958    i.ldexp             m_ws.l(ldexp.o)
    0x08005cbc   0x0000002c   Code   RO          794    locale$$code        c_w.l(lc_numeric_c.o)
    0x08005ce8   0x0000002c   Code   RO          897    locale$$code        c_w.l(lc_ctype_c.o)
    0x08005d14   0x00000062   Code   RO          707    x$fpl$d2f           fz_ws.l(d2f.o)
    0x08005d76   0x00000002   PAD
    0x08005d78   0x00000150   Code   RO          709    x$fpl$dadd          fz_ws.l(daddsub_clz.o)
    0x08005ec8   0x00000010   Code   RO          990    x$fpl$dcheck1       fz_ws.l(dcheck1.o)
    0x08005ed8   0x00000018   Code   RO          758    x$fpl$dcmpinf       fz_ws.l(dcmpi.o)
    0x08005ef0   0x000002b0   Code   RO          716    x$fpl$ddiv          fz_ws.l(ddiv.o)
    0x080061a0   0x00000078   Code   RO          719    x$fpl$deqf          fz_ws.l(deqf.o)
    0x08006218   0x0000005a   Code   RO          721    x$fpl$dfixu         fz_ws.l(dfixu.o)
    0x08006272   0x0000002e   Code   RO          726    x$fpl$dflt          fz_ws.l(dflt_clz.o)
    0x080062a0   0x00000078   Code   RO          731    x$fpl$dleqf         fz_ws.l(dleqf.o)
    0x08006318   0x00000154   Code   RO          733    x$fpl$dmul          fz_ws.l(dmul.o)
    0x0800646c   0x0000009c   Code   RO          760    x$fpl$dnaninf       fz_ws.l(dnaninf.o)
    0x08006508   0x0000000c   Code   RO          762    x$fpl$dretinf       fz_ws.l(dretinf.o)
    0x08006514   0x0000006c   Code   RO          735    x$fpl$drleqf        fz_ws.l(drleqf.o)
    0x08006580   0x00000016   Code   RO          710    x$fpl$drsb          fz_ws.l(daddsub_clz.o)
    0x08006596   0x00000002   PAD
    0x08006598   0x000001d4   Code   RO          711    x$fpl$dsub          fz_ws.l(daddsub_clz.o)
    0x0800676c   0x00000056   Code   RO          737    x$fpl$f2d           fz_ws.l(f2d.o)
    0x080067c2   0x00000002   PAD
    0x080067c4   0x000000c4   Code   RO          739    x$fpl$fadd          fz_ws.l(faddsub_clz.o)
    0x08006888   0x00000102   Code   RO          745    x$fpl$fmul          fz_ws.l(fmul.o)
    0x0800698a   0x0000008c   Code   RO          764    x$fpl$fnaninf       fz_ws.l(fnaninf.o)
    0x08006a16   0x0000000a   Code   RO          766    x$fpl$fretinf       fz_ws.l(fretinf.o)
    0x08006a20   0x000000ea   Code   RO          741    x$fpl$fsub          fz_ws.l(faddsub_clz.o)
    0x08006b0a   0x00000064   Code   RO         1011    x$fpl$retnan        fz_ws.l(retnan.o)
    0x08006b6e   0x0000005c   Code   RO          954    x$fpl$scalbn        fz_ws.l(scalbn.o)
    0x08006bca   0x00000004   Code   RO          796    x$fpl$scanf1        fz_ws.l(scanf1.o)
    0x08006bce   0x00000008   Code   RO          908    x$fpl$scanf2        fz_ws.l(scanf2.o)
    0x08006bd6   0x00000030   Code   RO         1017    x$fpl$trapveneer    fz_ws.l(trapv.o)
    0x08006c06   0x00000000   Code   RO          768    x$fpl$usenofp       fz_ws.l(usenofp.o)
    0x08006c06   0x0000000a   Data   RO          636    .constdata          24l01.o
    0x08006c10   0x00000094   Data   RO          872    .constdata          c_w.l(bigflt0.o)
    0x08006ca4   0x00000020   Data   RO         1035    Region$$Table       anon$$obj.o
    0x08006cc4   0x00000008   Data   RO          901    c$$dinf             fz_ws.l(fpconst.o)
    0x08006ccc   0x0000001c   Data   RO          793    locale$$data        c_w.l(lc_numeric_c.o)
    0x08006ce8   0x00000110   Data   RO          896    locale$$data        c_w.l(lc_ctype_c.o)


    Execution Region RW_IRAM1 (Base: 0x20000000, Size: 0x00000ae0, Max: 0x0000c000, ABSOLUTE, COMPRESSED[0x00000044])

    Base Addr    Size         Type   Attr      Idx    E Section Name        Object

    0x20000000   0x0000004d   Data   RW            3    .data               main.o
    0x2000004d   0x00000003   PAD
    0x20000050   0x00000024   Data   RW          121    .data               stm32f10x_it.o
    0x20000074   0x00000014   Data   RW          171    .data               system_stm32f10x.o
    0x20000088   0x00000014   Data   RW          426    .data               stm32f10x_rcc.o
    0x2000009c   0x00000004   Data   RW          521    .data               delay.o
    0x200000a0   0x0000000a   Data   RW          548    .data               usart.o
    0x200000aa   0x00000006   PAD
    0x200000b0   0x00000082   Data   RW          588    .data               pid.o
    0x20000132   0x00000002   PAD
    0x20000134   0x00000008   Data   RW          617    .data               can.o
    0x2000013c   0x00000005   Data   RW          682    .data               camera.o
    0x20000141   0x00000007   PAD
    0x20000148   0x00000081   Zero   RW            2    .bss                main.o
    0x200001c9   0x00000007   PAD
    0x200001d0   0x00000010   Zero   RW          120    .bss                stm32f10x_it.o
    0x200001e0   0x00000258   Zero   RW          547    .bss                usart.o
    0x20000438   0x00000020   Zero   RW          570    .bss                pwm.o
    0x20000458   0x00000028   Zero   RW          616    .bss                can.o
    0x20000480   0x00000060   Zero   RW          799    .bss                c_w.l(libspace.o)
    0x200004e0   0x00000200   Zero   RW          200    HEAP                startup_stm32f10x_hd.o
    0x200006e0   0x00000400   Zero   RW          199    STACK               startup_stm32f10x_hd.o


==============================================================================

Image component sizes


      Code (inc. data)   RO Data    RW Data    ZI Data      Debug   Object Name

       804         46         10          0          0       3775   24l01.o
       264         32          0          5          0       1811   camera.o
       476         34          0          8         40       1913   can.o
         0          0          0          0          0         32   core_cm3.o
       212         18          0          4          0       1015   delay.o
       580         26          0          0          0       1599   encooder.o
      1248         84          0         77        129     272741   main.o
       220         22          0          0          0       1801   misc.o
      1708        100          0        130          0       2476   pid.o
       396         18          0          0         32       2153   pwm.o
       260         10          0          0          0       1097   spi.o
        64         26        304          0       1536        792   startup_stm32f10x_hd.o
      2544         38          0          0          0       7852   stm32f10x_can.o
       860         38          0          0          0       5645   stm32f10x_gpio.o
       360         44          0         36         16     205801   stm32f10x_it.o
       932         36          0         20          0       8816   stm32f10x_rcc.o
       780         14          0          0          0       6526   stm32f10x_spi.o
      3610         88          0          0          0      22128   stm32f10x_tim.o
      1032         22          0          0          0       8372   stm32f10x_usart.o
        12          0          0          0          0        453   sys.o
       480         38          0         20          0       1743   system_stm32f10x.o
       844         48          0         10        600       4524   usart.o

    ----------------------------------------------------------------------
     17688        782        346        324       2364     563065   Object Totals
         0          0         32          0          0          0   (incl. Generated)
         2          0          0         14         11          0   (incl. Padding)

    ----------------------------------------------------------------------

      Code (inc. data)   RO Data    RW Data    ZI Data      Debug   Library Member Name

        90          0          0          0          0          0   __dczerorl2.o
         8          0          0          0          0         68   __main.o
         0          0          0          0          0          0   __rtentry.o
        12          0          0          0          0          0   __rtentry2.o
         6          0          0          0          0          0   __rtentry4.o
        52          8          0          0          0          0   __scatter.o
        28          0          0          0          0          0   __scatter_zi.o
        28          0          0          0          0         68   _chval.o
        22          0          0          0          0        100   _rserrno.o
        64          0          0          0          0         84   _sgetc.o
       220          4        148          0          0         96   bigflt0.o
      1846        132          0          0          0        736   btod.o
        12          0          0          0          0         72   exit.o
         6          0          0          0          0        152   heapauxi.o
        18          0          0          0          0         76   isspace.o
        44         10        272          0          0         76   lc_ctype_c.o
        44         10         28          0          0         76   lc_numeric_c.o
         2          0          0          0          0          0   libinit.o
        30          0          0          0          0          0   libinit2.o
         2          0          0          0          0          0   libshutdown.o
         2          0          0          0          0          0   libshutdown2.o
         8          4          0          0         96         68   libspace.o
        38          0          0          0          0         68   llshl.o
        16          4          0          0          0         76   rt_ctype_table.o
         8          4          0          0          0         68   rt_errno_addr_intlibspace.o
         8          4          0          0          0         68   rt_locale_intlibspace.o
        78          0          0          0          0         80   rt_memclr_w.o
         2          0          0          0          0          0   rtexit.o
        10          0          0          0          0          0   rtexit2.o
      1202         12          0          0          0        216   scanf_fp.o
       792         14          0          0          0        100   scanf_hexfp.o
       308         16          0          0          0        100   scanf_infnan.o
       128          0          0          0          0         68   strcmpv7m.o
       160         12          0          0          0        120   strtod.o
        74          0          0          0          0         80   sys_stackheap_outer.o
         2          0          0          0          0         68   use_no_semi.o
         2          0          0          0          0         68   use_no_semi_2.o
        98          4          0          0          0         92   d2f.o
       826         16          0          0          0        348   daddsub_clz.o
        16          4          0          0          0         68   dcheck1.o
        24          0          0          0          0         68   dcmpi.o
       688        140          0          0          0        208   ddiv.o
       120          4          0          0          0         92   deqf.o
        90          4          0          0          0         92   dfixu.o
        46          0          0          0          0         68   dflt_clz.o
       120          4          0          0          0         92   dleqf.o
       340         12          0          0          0        104   dmul.o
       156          4          0          0          0         92   dnaninf.o
        12          0          0          0          0         68   dretinf.o
       108          0          0          0          0         80   drleqf.o
        86          4          0          0          0         84   f2d.o
       430          8          0          0          0        168   faddsub_clz.o
       258          4          0          0          0         84   fmul.o
       140          4          0          0          0         84   fnaninf.o
         0          0          8          0          0          0   fpconst.o
        10          0          0          0          0         68   fretinf.o
       100          0          0          0          0         68   retnan.o
        92          0          0          0          0         68   scalbn.o
         4          0          0          0          0         68   scanf1.o
         8          0          0          0          0         84   scanf2.o
        48          0          0          0          0         68   trapv.o
         0          0          0          0          0          0   usenofp.o
        42          0          0          0          0         84   atof.o
        30          6          0          0          0        136   dunder.o
        88          8          0          0          0         76   frexp.o
       138          0          0          0          0        160   ldexp.o
       152          4          0          0          0        168   narrow.o

    ----------------------------------------------------------------------
      9662        466        456          0         96       5792   Library Totals
        20          2          0          0          0          0   (incl. Padding)

    ----------------------------------------------------------------------

      Code (inc. data)   RO Data    RW Data    ZI Data      Debug   Library Name

      5372        234        448          0         96       2852   c_w.l
      3820        212          8          0          0       2316   fz_ws.l
       450         18          0          0          0        624   m_ws.l

    ----------------------------------------------------------------------
      9662        466        456          0         96       5792   Library Totals

    ----------------------------------------------------------------------

==============================================================================


      Code (inc. data)   RO Data    RW Data    ZI Data      Debug   

     27350       1248        802        324       2460     563965   Grand Totals
     27350       1248        802         68       2460     563965   ELF Image Totals (compressed)
     27350       1248        802         68          0          0   ROM Totals

==============================================================================

    Total RO  Size (Code + RO Data)                28152 (  27.49kB)
    Total RW  Size (RW Data + ZI Data)              2784 (   2.72kB)
    Total ROM Size (Code + RO Data + RW Data)      28220 (  27.56kB)

==============================================================================

