<html>
<body>
<pre>
<h1>礦ision Build Log</h1>
<h2>Tool Versions:</h2>
IDE-Version: μVision V5.14.0.0
Copyright (C) 2015 ARM Ltd and ARM Germany GmbH. All rights reserved.
License Information: 123 123123, 123123, LIC=Y2BSB-2U25B-XACDC-7VDBU-4WUZR-KG2XQ
 
Tool Versions:
Toolchain:       MDK-ARM Professional  Version: 5.14.0.0
Toolchain Path:  C:\Keil_v5\ARM\ARMCC\Bin
C Compiler:      Armcc.exe V5.05 update 1 (build 106)
Assembler:       Armasm.exe V5.05 update 1 (build 106)
Linker/Locator:  ArmLink.exe V5.05 update 1 (build 106)
Library Manager: ArmAr.exe V5.05 update 1 (build 106)
Hex Converter:   FromElf.exe V5.05 update 1 (build 106)
CPU DLL:         SARMCM3.DLL V5.14.0.0
Dialog DLL:      DCM.DLL V1.13.1.0
Target DLL:      STLink\ST-LINKIII-KEIL_SWO.dll V2.0.14.0_KEIL
Dialog DLL:      TCM.DLL V1.14.4.0
 
<h2>Project:</h2>
E:\Robot\Rescue_Electronic\大救援比赛代码\M3-6\USER\新驱动.uvprojx
Project File Date:  08/09/2017

<h2>Output:</h2>
Build target 'Template'
compiling can.c...
..\HARDWARE\CAN\can.c(160): warning:  #223-D: function "millis" declared implicitly
                                last_recv_time = millis();
..\HARDWARE\CAN\can.c: 1 warning, 0 errors
linking...
..\OBJ\TEST1.axf: Warning: L6304W: Duplicate input file ..\obj\can_1.o ignored.
Program Size: Code=23524 RO-data=512 RW-data=424 ZI-data=2208  
Finished: 0 information, 1 warning and 0 error messages.
FromELF: creating hex file...
"..\OBJ\TEST1.axf" - 0 Error(s), 2 Warning(s).

<h2>Collection of Component include folders:</h2>
  E:\Robot\Rescue_Electronic\大救援比赛代码\M3-6\USER\RTE
  C:\Keil_v5\ARM\PACK\Keil\STM32F1xx_DFP\1.0.5\Device\Include

<h2>Collection of Component Files used:</h2>
</pre>
</body>
</html>
