<html>
<body>
<pre>
<h1>礦ision Build Log</h1>
<h2>Tool Versions:</h2>
IDE-Version: μVision V5.14.0.0
Copyright (C) 2015 ARM Ltd and ARM Germany GmbH. All rights reserved.
License Information: 123 123123, 123123, LIC=Y2BSB-2U25B-XACDC-7VDBU-4WUZR-KG2XQ
 
Tool Versions:
Toolchain:       MDK-ARM Professional  Version: 5.14.0.0
Toolchain Path:  C:\Keil_v5\ARM\ARMCC\Bin
C Compiler:      Armcc.exe V5.05 update 1 (build 106)
Assembler:       Armasm.exe V5.05 update 1 (build 106)
Linker/Locator:  ArmLink.exe V5.05 update 1 (build 106)
Library Manager: ArmAr.exe V5.05 update 1 (build 106)
Hex Converter:   FromElf.exe V5.05 update 1 (build 106)
CPU DLL:         SARMCM3.DLL V5.14.0.0
Dialog DLL:      DCM.DLL V1.13.1.0
Target DLL:      STLink\ST-LINKIII-KEIL_SWO.dll V2.0.14.0_KEIL
Dialog DLL:      TCM.DLL V1.14.4.0
 
<h2>Project:</h2>
E:\Robot\Rescue_Electronic\大救援比赛代码\CAN\CAN\CAN接发协议收发快速OK\Project\uv4\CAN.uvprojx
Project File Date:  08/06/2017

<h2>Output:</h2>
Build target 'CAN'
compiling main.c...
..\..\User\main.c(28): warning:  #177-D: variable "x" was declared but never referenced
        float x;
..\..\User\main.c(29): warning:  #177-D: variable "str" was declared but never referenced
        uint8_t str[]="CCC";
..\..\User\main.c: 2 warnings, 0 errors
compiling can.c...
..\..\User\can.c(88): warning:  #111-D: statement is unreachable
                                                                                                break;
..\..\User\can.c(97): warning:  #111-D: statement is unreachable
                                                                                        break;
..\..\User\can.c(113): warning:  #111-D: statement is unreachable
                                                                                                break;
..\..\User\can.c(120): warning:  #111-D: statement is unreachable
                                                                                                                break;
..\..\User\can.c(124): warning:  #111-D: statement is unreachable
        return SUCCESS;
..\..\User\can.c(27): warning:  #177-D: variable "count_temp2" was declared but never referenced
        uint32_t        count_temp , count_temp2 , char_temp;
..\..\User\can.c: 6 warnings, 0 errors
linking...
Program Size: Code=4452 RO-data=336 RW-data=48 ZI-data=1200  
FromELF: creating hex file...
"..\..\Output\CAN.axf" - 0 Error(s), 8 Warning(s).

<h2>Collection of Component include folders:</h2>
  E:\Robot\Rescue_Electronic\大救援比赛代码\CAN\CAN\CAN接发协议收发快速OK\Project\uv4\RTE
  C:\Keil_v5\ARM\PACK\Keil\STM32F1xx_DFP\1.0.5\Device\Include

<h2>Collection of Component Files used:</h2>
</pre>
</body>
</html>
